Component: ARM Compiler 5.06 update 1 (build 61) Tool: armlink [4d35a8]

==============================================================================

Section Cross References

    main.o(i.Contrl_task) refers to wifi.o(i.receive_server) for receive_server
    main.o(i.Contrl_task) refers to delay.o(i.delay_ms) for delay_ms
    main.o(i.connectPISER) refers to system_stm32f10x.o(i.SystemInit) for SystemInit
    main.o(i.connectPISER) refers to wifi.o(i.atk_8266_quit_trans) for atk_8266_quit_trans
    main.o(i.connectPISER) refers to wifi.o(i.esp_8662_init) for esp_8662_init
    main.o(i.connectPISER) refers to led.o(i.openled) for openled
    main.o(i.connectPISER) refers to wifi.o(i.atk_8266_send_cmd) for atk_8266_send_cmd
    main.o(i.connectPISER) refers to wifi.o(i.client_init) for client_init
    main.o(i.connectPISER) refers to led.o(i.closeled) for closeled
    main.o(i.connectPISER) refers to wifi.o(i.client_send) for client_send
    main.o(i.drSTATUS_task) refers to __2printf.o(.text) for __2printf
    main.o(i.drSTATUS_task) refers to delay.o(i.delay_ms) for delay_ms
    main.o(i.drSTATUS_task) refers to main.o(.data) for ds18b20ST
    main.o(i.driverinit) refers to misc.o(i.NVIC_PriorityGroupConfig) for NVIC_PriorityGroupConfig
    main.o(i.driverinit) refers to delay.o(i.delay_init) for delay_init
    main.o(i.driverinit) refers to usart.o(i.uart_init) for uart_init
    main.o(i.driverinit) refers to led.o(i.LED_init) for LED_init
    main.o(i.driverinit) refers to beep.o(i.BEEP_init) for BEEP_init
    main.o(i.driverinit) refers to ds18b20.o(i.DS18B20_Init) for DS18B20_Init
    main.o(i.driverinit) refers to delay.o(i.delay_ms) for delay_ms
    main.o(i.driverinit) refers to dht11.o(i.DHT11_Init) for DHT11_Init
    main.o(i.driverinit) refers to main.o(i.connectPISER) for connectPISER
    main.o(i.driverinit) refers to main.o(.data) for DHT11ST
    main.o(i.main) refers to main.o(i.driverinit) for driverinit
    main.o(i.main) refers to os_core.o(i.OSInit) for OSInit
    main.o(i.main) refers to os_task.o(i.OSTaskCreate) for OSTaskCreate
    main.o(i.main) refers to os_core.o(i.OSStart) for OSStart
    main.o(i.main) refers to main.o(.bss) for START_TASK_STK
    main.o(i.main) refers to main.o(i.start_task) for start_task
    main.o(i.start_task) refers to os_cpu_a.o(.text) for OS_CPU_SR_Save
    main.o(i.start_task) refers to os_task.o(i.OSTaskCreate) for OSTaskCreate
    main.o(i.start_task) refers to os_task.o(i.OSTaskSuspend) for OSTaskSuspend
    main.o(i.start_task) refers to main.o(.bss) for Contrl_TASK_STK
    main.o(i.start_task) refers to main.o(i.Contrl_task) for Contrl_task
    main.o(i.start_task) refers to main.o(i.transmission_task) for transmission_task
    main.o(i.start_task) refers to main.o(i.drSTATUS_task) for drSTATUS_task
    main.o(i.transmission_task) refers to _printf_percent.o(.ARM.Collect$$_printf_percent$$00000000) for _printf_percent
    main.o(i.transmission_task) refers to _printf_d.o(.ARM.Collect$$_printf_percent$$00000009) for _printf_d
    main.o(i.transmission_task) refers to _printf_dec.o(.text) for _printf_int_dec
    main.o(i.transmission_task) refers to delay.o(i.delay_ms) for delay_ms
    main.o(i.transmission_task) refers to dht11.o(i.DHT11_Read_Data) for DHT11_Read_Data
    main.o(i.transmission_task) refers to __2printf.o(.text) for __2printf
    system_stm32f10x.o(i.SetSysClock) refers to system_stm32f10x.o(i.SetSysClockTo72) for SetSysClockTo72
    system_stm32f10x.o(i.SystemCoreClockUpdate) refers to system_stm32f10x.o(.data) for SystemCoreClock
    system_stm32f10x.o(i.SystemInit) refers to system_stm32f10x.o(i.SetSysClock) for SetSysClock
    startup_stm32f10x_md.o(STACK) refers (Special) to heapauxi.o(.text) for __use_two_region_memory
    startup_stm32f10x_md.o(HEAP) refers (Special) to heapauxi.o(.text) for __use_two_region_memory
    startup_stm32f10x_md.o(RESET) refers (Special) to heapauxi.o(.text) for __use_two_region_memory
    startup_stm32f10x_md.o(RESET) refers to startup_stm32f10x_md.o(STACK) for __initial_sp
    startup_stm32f10x_md.o(RESET) refers to startup_stm32f10x_md.o(.text) for Reset_Handler
    startup_stm32f10x_md.o(RESET) refers to stm32f10x_it.o(i.NMI_Handler) for NMI_Handler
    startup_stm32f10x_md.o(RESET) refers to stm32f10x_it.o(i.HardFault_Handler) for HardFault_Handler
    startup_stm32f10x_md.o(RESET) refers to stm32f10x_it.o(i.MemManage_Handler) for MemManage_Handler
    startup_stm32f10x_md.o(RESET) refers to stm32f10x_it.o(i.BusFault_Handler) for BusFault_Handler
    startup_stm32f10x_md.o(RESET) refers to stm32f10x_it.o(i.UsageFault_Handler) for UsageFault_Handler
    startup_stm32f10x_md.o(RESET) refers to stm32f10x_it.o(i.SVC_Handler) for SVC_Handler
    startup_stm32f10x_md.o(RESET) refers to stm32f10x_it.o(i.DebugMon_Handler) for DebugMon_Handler
    startup_stm32f10x_md.o(RESET) refers to os_cpu_a.o(.text) for PendSV_Handler
[...]
    .text                                    0x08000f9e   Section        0  _printf_wchar.o(.text)
    .text                                    0x08000fca   Section        0  ferror.o(.text)
    .text                                    0x08000fd2   Section        0  _wcrtomb.o(.text)
    .text                                    0x08001012   Section       74  sys_stackheap_outer.o(.text)
    .text                                    0x0800105c   Section       16  rt_ctype_table.o(.text)
    .text                                    0x0800106c   Section        8  rt_locale_intlibspace.o(.text)
    .text                                    0x08001074   Section        0  _printf_fp_infnan.o(.text)
    .text                                    0x080010f4   Section        0  bigflt0.o(.text)
    .text                                    0x080011d0   Section        0  exit.o(.text)
    .text                                    0x080011e4   Section        8  libspace.o(.text)
    .text                                    0x080011ec   Section      128  strcmpv7m.o(.text)
    CL$$btod_d2e                             0x0800126c   Section       62  btod.o(CL$$btod_d2e)
    CL$$btod_d2e_denorm_low                  0x080012aa   Section       70  btod.o(CL$$btod_d2e_denorm_low)
    CL$$btod_d2e_norm_op1                    0x080012f0   Section       96  btod.o(CL$$btod_d2e_norm_op1)
    CL$$btod_div_common                      0x08001350   Section      824  btod.o(CL$$btod_div_common)
    CL$$btod_e2e                             0x08001688   Section      198  btod.o(CL$$btod_e2e)
    CL$$btod_ediv                            0x0800174e   Section       40  btod.o(CL$$btod_ediv)
    CL$$btod_emul                            0x08001776   Section       40  btod.o(CL$$btod_emul)
    CL$$btod_mult_common                     0x0800179e   Section      580  btod.o(CL$$btod_mult_common)
    i.BEEP_init                              0x080019e4   Section        0  beep.o(i.BEEP_init)
    i.BusFault_Handler                       0x08001a1c   Section        0  stm32f10x_it.o(i.BusFault_Handler)
    i.Contrl_task                            0x08001a20   Section        0  main.o(i.Contrl_task)
    i.DHT11_Check                            0x08001a30   Section        0  dht11.o(i.DHT11_Check)
    i.DHT11_Init                             0x08001a94   Section        0  dht11.o(i.DHT11_Init)
    i.DHT11_Read_Bit                         0x08001ad0   Section        0  dht11.o(i.DHT11_Read_Bit)
    i.DHT11_Read_Byte                        0x08001b1c   Section        0  dht11.o(i.DHT11_Read_Byte)
    i.DHT11_Read_Data                        0x08001b3a   Section        0  dht11.o(i.DHT11_Read_Data)
    i.DHT11_Rst                              0x08001b94   Section        0  dht11.o(i.DHT11_Rst)
    i.DS18B20_Check                          0x08001bd4   Section        0  ds18b20.o(i.DS18B20_Check)
    i.DS18B20_Init                           0x08001c38   Section        0  ds18b20.o(i.DS18B20_Init)
    i.DS18B20_Rst                            0x08001c78   Section        0  ds18b20.o(i.DS18B20_Rst)
    i.DebugMon_Handler                       0x08001ce4   Section        0  stm32f10x_it.o(i.DebugMon_Handler)
    i.GPIO_Init                              0x08001ce6   Section        0  stm32f10x_gpio.o(i.GPIO_Init)
    i.GPIO_ResetBits                         0x08001dfc   Section        0  stm32f10x_gpio.o(i.GPIO_ResetBits)
    i.GPIO_SetBits                           0x08001e00   Section        0  stm32f10x_gpio.o(i.GPIO_SetBits)
    i.HardFault_Handler                      0x08001e04   Section        0  stm32f10x_it.o(i.HardFault_Handler)
    i.LED_init                               0x08001e08   Section        0  led.o(i.LED_init)
    i.MemManage_Handler                      0x08001e3c   Section        0  stm32f10x_it.o(i.MemManage_Handler)
    i.NMI_Handler                            0x08001e40   Section        0  stm32f10x_it.o(i.NMI_Handler)
    i.NVIC_Init                              0x08001e44   Section        0  misc.o(i.NVIC_Init)
    i.NVIC_PriorityGroupConfig               0x08001eb4   Section        0  misc.o(i.NVIC_PriorityGroupConfig)
    i.OSInit                                 0x08001ec8   Section        0  os_core.o(i.OSInit)
    i.OSInitHookBegin                        0x08001ef4   Section        0  os_cpu_c.o(i.OSInitHookBegin)
    i.OSInitHookEnd                          0x08001ef6   Section        0  os_cpu_c.o(i.OSInitHookEnd)
    i.OSIntEnter                             0x08001ef8   Section        0  os_core.o(i.OSIntEnter)
    i.OSIntExit                              0x08001f1c   Section        0  os_core.o(i.OSIntExit)
    i.OSSchedLock                            0x08001fac   Section        0  os_core.o(i.OSSchedLock)
    i.OSSchedUnlock                          0x08001fec   Section        0  os_core.o(i.OSSchedUnlock)
    i.OSStart                                0x0800204c   Section        0  os_core.o(i.OSStart)
    i.OSTCBInitHook                          0x08002094   Section        0  os_cpu_c.o(i.OSTCBInitHook)
    i.OSTaskCreate                           0x08002098   Section        0  os_task.o(i.OSTaskCreate)
    i.OSTaskCreateExt                        0x08002138   Section        0  os_task.o(i.OSTaskCreateExt)
    i.OSTaskCreateHook                       0x080021f0   Section        0  os_cpu_c.o(i.OSTaskCreateHook)
    i.OSTaskIdleHook                         0x080021f2   Section        0  os_cpu_c.o(i.OSTaskIdleHook)
    i.OSTaskNameSet                          0x080021f4   Section        0  os_task.o(i.OSTaskNameSet)
    i.OSTaskStatHook                         0x08002264   Section        0  os_cpu_c.o(i.OSTaskStatHook)
    i.OSTaskStkChk                           0x08002268   Section        0  os_task.o(i.OSTaskStkChk)
    i.OSTaskStkInit                          0x080022f4   Section        0  os_cpu_c.o(i.OSTaskStkInit)
    i.OSTaskSuspend                          0x08002390   Section        0  os_task.o(i.OSTaskSuspend)
    i.OSTaskSwHook                           0x08002438   Section        0  os_cpu_c.o(i.OSTaskSwHook)
    i.OSTimeDly                              0x0800243c   Section        0  os_time.o(i.OSTimeDly)
    i.OSTimeTick                             0x080024b4   Section        0  os_core.o(i.OSTimeTick)
    i.OSTimeTickHook                         0x080025a0   Section        0  os_cpu_c.o(i.OSTimeTickHook)
    i.OS_FlagInit                            0x080025a4   Section        0  os_flag.o(i.OS_FlagInit)
    i.OS_InitEventList                       0x080025fc   Section        0  os_core.o(i.OS_InitEventList)
    OS_InitEventList                         0x080025fd   Thumb Code    74  os_core.o(i.OS_InitEventList)
    i.OS_InitMisc                            0x08002650   Section        0  os_core.o(i.OS_InitMisc)
    OS_InitMisc                              0x08002651   Thumb Code    44  os_core.o(i.OS_InitMisc)
    i.OS_InitRdyList                         0x080026a4   Section        0  os_core.o(i.OS_InitRdyList)
    OS_InitRdyList                           0x080026a5   Thumb Code    44  os_core.o(i.OS_InitRdyList)
    i.OS_InitTCBList                         0x080026e8   Section        0  os_core.o(i.OS_InitTCBList)
    OS_InitTCBList                           0x080026e9   Thumb Code   106  os_core.o(i.OS_InitTCBList)
    i.OS_InitTaskIdle                        0x08002768   Section        0  os_core.o(i.OS_InitTaskIdle)
    OS_InitTaskIdle                          0x08002769   Thumb Code    50  os_core.o(i.OS_InitTaskIdle)
    i.OS_InitTaskStat                        0x080027b8   Section        0  os_core.o(i.OS_InitTaskStat)
    OS_InitTaskStat                          0x080027b9   Thumb Code    50  os_core.o(i.OS_InitTaskStat)
    i.OS_MemClr                              0x08002808   Section        0  os_core.o(i.OS_MemClr)
    i.OS_QInit                               0x0800281c   Section        0  os_q.o(i.OS_QInit)
    i.OS_Sched                               0x0800286c   Section        0  os_core.o(i.OS_Sched)
    i.OS_SchedNew                            0x080028e0   Section        0  os_core.o(i.OS_SchedNew)
    OS_SchedNew                              0x080028e1   Thumb Code    26  os_core.o(i.OS_SchedNew)
    i.OS_TCBInit                             0x0800290c   Section        0  os_core.o(i.OS_TCBInit)
    i.OS_TaskIdle                            0x08002a40   Section        0  os_core.o(i.OS_TaskIdle)
    i.OS_TaskStat                            0x08002a68   Section        0  os_core.o(i.OS_TaskStat)
    i.OS_TaskStatStkChk                      0x08002af0   Section        0  os_core.o(i.OS_TaskStatStkChk)
    i.OS_TaskStkClr                          0x08002b2c   Section        0  os_task.o(i.OS_TaskStkClr)
    i.RCC_APB2PeriphClockCmd                 0x08002b48   Section        0  stm32f10x_rcc.o(i.RCC_APB2PeriphClockCmd)
    i.RCC_GetClocksFreq                      0x08002b68   Section        0  stm32f10x_rcc.o(i.RCC_GetClocksFreq)
    i.SVC_Handler                            0x08002c3c   Section        0  stm32f10x_it.o(i.SVC_Handler)
    i.SetSysClock                            0x08002c3e   Section        0  system_stm32f10x.o(i.SetSysClock)
    SetSysClock                              0x08002c3f   Thumb Code     8  system_stm32f10x.o(i.SetSysClock)
    i.SetSysClockTo72                        0x08002c48   Section        0  system_stm32f10x.o(i.SetSysClockTo72)
    SetSysClockTo72                          0x08002c49   Thumb Code   214  system_stm32f10x.o(i.SetSysClockTo72)
    i.SysTick_CLKSourceConfig                0x08002d28   Section        0  misc.o(i.SysTick_CLKSourceConfig)
    i.SysTick_Handler                        0x08002d50   Section        0  delay.o(i.SysTick_Handler)
    i.SystemInit                             0x08002d6c   Section        0  system_stm32f10x.o(i.SystemInit)
    i.USART1_IRQHandler                      0x08002dcc   Section        0  usart.o(i.USART1_IRQHandler)
    i.USART_Cmd                              0x08002e5c   Section        0  stm32f10x_usart.o(i.USART_Cmd)
    i.USART_GetFlagStatus                    0x08002e74   Section        0  stm32f10x_usart.o(i.USART_GetFlagStatus)
    i.USART_GetITStatus                      0x08002e8e   Section        0  stm32f10x_usart.o(i.USART_GetITStatus)
    i.USART_ITConfig                         0x08002ee2   Section        0  stm32f10x_usart.o(i.USART_ITConfig)
    i.USART_Init                             0x08002f2c   Section        0  stm32f10x_usart.o(i.USART_Init)
    i.USART_ReceiveData                      0x08003004   Section        0  stm32f10x_usart.o(i.USART_ReceiveData)
    i.USART_SendData                         0x0800300e   Section        0  stm32f10x_usart.o(i.USART_SendData)
    i.UsageFault_Handler                     0x08003016   Section        0  stm32f10x_it.o(i.UsageFault_Handler)
    i.__ARM_fpclassify                       0x0800301a   Section        0  fpclassify.o(i.__ARM_fpclassify)
    i._is_digit                              0x08003042   Section        0  __printf_wp.o(i._is_digit)
    i._sys_exit                              0x08003050   Section        0  usart.o(i._sys_exit)
    i.atk_8266_check_cmd                     0x08003058   Section        0  wifi.o(i.atk_8266_check_cmd)
    i.atk_8266_quit_trans                    0x0800308c   Section        0  wifi.o(i.atk_8266_quit_trans)
    i.atk_8266_send_cmd                      0x080030fc   Section        0  wifi.o(i.atk_8266_send_cmd)
    i.client_init                            0x0800315c   Section        0  wifi.o(i.client_init)
    i.client_send                            0x080031c0   Section        0  wifi.o(i.client_send)
    i.closeled                               0x080031d0   Section        0  led.o(i.closeled)
    i.connectPISER                           0x080031e0   Section        0  main.o(i.connectPISER)
    i.delay_init                             0x08003278   Section        0  delay.o(i.delay_init)
    i.delay_ms                               0x080032d4   Section        0  delay.o(i.delay_ms)
    i.delay_osschedlock                      0x08003324   Section        0  delay.o(i.delay_osschedlock)
    i.delay_osschedunlock                    0x0800332c   Section        0  delay.o(i.delay_osschedunlock)
    i.delay_ostimedly                        0x08003334   Section        0  delay.o(i.delay_ostimedly)
    i.delay_us                               0x08003340   Section        0  delay.o(i.delay_us)
    i.drSTATUS_task                          0x0800339c   Section        0  main.o(i.drSTATUS_task)
    i.driverinit                             0x0800345c   Section        0  main.o(i.driverinit)
    i.esp_8662_init                          0x080034b4   Section        0  wifi.o(i.esp_8662_init)
    i.fputc                                  0x08003524   Section        0  usart.o(i.fputc)
    i.main                                   0x08003540   Section        0  main.o(i.main)
    i.openled                                0x08003568   Section        0  led.o(i.openled)
    i.receive_server                         0x08003578   Section        0  wifi.o(i.receive_server)
    i.start_task                             0x080036d4   Section        0  main.o(i.start_task)
    i.transmission_task                      0x0800372c   Section        0  main.o(i.transmission_task)
    i.u_printf                               0x0800378c   Section        0  usart.o(i.u_printf)
    i.uart_init                              0x080037dc   Section        0  usart.o(i.uart_init)
    locale$$code                             0x08003888   Section       44  lc_numeric_c.o(locale$$code)
    locale$$code                             0x080038b4   Section       44  lc_ctype_c.o(locale$$code)
    x$fpl$printf1                            0x080038e0   Section        4  printf1.o(x$fpl$printf1)
    .constdata                               0x080038e4   Section      256  os_core.o(.constdata)
    x$fpl$usenofp                            0x080038e4   Section        0  usenofp.o(x$fpl$usenofp)
    .constdata                               0x080039e4   Section       17  __printf_flags_ss_wp.o(.constdata)
    maptable                                 0x080039e4   Data          17  __printf_flags_ss_wp.o(.constdata)
    .constdata                               0x080039f8   Section        8  _printf_wctomb.o(.constdata)
    initial_mbstate                          0x080039f8   Data           8  _printf_wctomb.o(.constdata)
    .constdata                               0x08003a00   Section       40  _printf_hex_int_ll_ptr.o(.constdata)
    uc_hextab                                0x08003a00   Data          20  _printf_hex_int_ll_ptr.o(.constdata)
    lc_hextab                                0x08003a14   Data          20  _printf_hex_int_ll_ptr.o(.constdata)
    .constdata                               0x08003a28   Section      148  bigflt0.o(.constdata)
    tenpwrs_x                                0x08003a28   Data          60  bigflt0.o(.constdata)
    tenpwrs_i                                0x08003a64   Data          64  bigflt0.o(.constdata)
    .conststring                             0x08003abc   Section      181  wifi.o(.conststring)
    locale$$data                             0x08003b94   Section       28  lc_numeric_c.o(locale$$data)
    __lcnum_c_name                           0x08003b98   Data           2  lc_numeric_c.o(locale$$data)
    __lcnum_c_start                          0x08003ba0   Data           0  lc_numeric_c.o(locale$$data)
    __lcnum_c_point                          0x08003bac   Data           0  lc_numeric_c.o(locale$$data)
    __lcnum_c_thousands                      0x08003bae   Data           0  lc_numeric_c.o(locale$$data)
    __lcnum_c_grouping                       0x08003baf   Data           0  lc_numeric_c.o(locale$$data)
    locale$$data                             0x08003bb0   Section      272  lc_ctype_c.o(locale$$data)
    __lcnum_c_end                            0x08003bb0   Data           0  lc_numeric_c.o(locale$$data)
    __lcctype_c_name                         0x08003bb4   Data           2  lc_ctype_c.o(locale$$data)
    __lcctype_c_start                        0x08003bbc   Data           0  lc_ctype_c.o(locale$$data)
    __lcctype_c_end                          0x08003cc0   Data           0  lc_ctype_c.o(locale$$data)
    .data                                    0x20000000   Section        3  main.o(.data)
    .data                                    0x20000004   Section       20  system_stm32f10x.o(.data)
    .data                                    0x20000018   Section       20  stm32f10x_rcc.o(.data)
    APBAHBPrescTable                         0x20000018   Data          16  stm32f10x_rcc.o(.data)
    ADCPrescTable                            0x20000028   Data           4  stm32f10x_rcc.o(.data)
    .data                                    0x2000002c   Section       72  wifi.o(.data)
    .data                                    0x20000074   Section        4  delay.o(.data)
    fac_us                                   0x20000074   Data           1  delay.o(.data)
    fac_ms                                   0x20000076   Data           2  delay.o(.data)
    .data                                    0x20000078   Section        6  usart.o(.data)
    .data                                    0x20000080   Section       72  os_core.o(.data)
    .bss                                     0x200000c8   Section     1024  main.o(.bss)
    .bss                                     0x200004c8   Section     2560  usart.o(.bss)
    .bss                                     0x20000ec8   Section     2688  os_core.o(.bss)
    .bss                                     0x20001948   Section       96  libspace.o(.bss)
    HEAP                                     0x200019a8   Section      512  startup_stm32f10x_md.o(HEAP)
    Heap_Mem                                 0x200019a8   Data         512  startup_stm32f10x_md.o(HEAP)
    STACK                                    0x20001ba8   Section     1024  startup_stm32f10x_md.o(STACK)
    Stack_Mem                                0x20001ba8   Data        1024  startup_stm32f10x_md.o(STACK)
    __initial_sp                             0x20001fa8   Data           0  startup_stm32f10x_md.o(STACK)

    Global Symbols

    Symbol Name                              Value     Ov Type        Size  Object(Section)

    BuildAttributes$$THM_ISAv4$P$D$K$B$S$PE$A:L22UL41UL21$X:L11$S22US41US21$IEEE1$IW$USESV6$~STKCKD$USESV7$~SHL$OTIME$ROPI$IEEEJ$EBA8$UX$STANDARDLIB$REQ8$PRES8$EABIv2 0x00000000   Number         0  anon$$obj.o ABSOLUTE
    __ARM_use_no_argv                        0x00000000   Number         0  main.o ABSOLUTE
    _printf_flags                            0x00000000   Number         0  printf_stubs.o ABSOLUTE
    _printf_return_value                     0x00000000   Number         0  printf_stubs.o ABSOLUTE
    _printf_sizespec                         0x00000000   Number         0  printf_stubs.o ABSOLUTE
    _printf_widthprec                        0x00000000   Number         0  printf_stubs.o ABSOLUTE
    __ARM_exceptions_init                     - Undefined Weak Reference
    __alloca_initialize                       - Undefined Weak Reference
    __arm_preinit_                            - Undefined Weak Reference
    __cpp_initialize__aeabi_                  - Undefined Weak Reference
    __cxa_finalize                            - Undefined Weak Reference
    __sigvec_lookup                           - Undefined Weak Reference
    _atexit_init                              - Undefined Weak Reference
    _call_atexit_fns                          - Undefined Weak Reference
    _clock_init                               - Undefined Weak Reference
    _fp_trap_init                             - Undefined Weak Reference
    _fp_trap_shutdown                         - Undefined Weak Reference
    _get_lc_collate                           - Undefined Weak Reference
    _get_lc_monetary                          - Undefined Weak Reference
    _get_lc_time                              - Undefined Weak Reference
    _getenv_init                              - Undefined Weak Reference
    _handle_redirection                       - Undefined Weak Reference
    _init_alloc                               - Undefined Weak Reference
    _init_user_alloc                          - Undefined Weak Reference
    _initio                                   - Undefined Weak Reference
    _mutex_acquire                            - Undefined Weak Reference
    _mutex_release                            - Undefined Weak Reference
    _printf_fp_hex                            - Undefined Weak Reference
    _printf_mbtowc                            - Undefined Weak Reference
    _printf_wc                                - Undefined Weak Reference
    _rand_init                                - Undefined Weak Reference
    _signal_finish                            - Undefined Weak Reference
    _signal_init                              - Undefined Weak Reference
    _terminate_alloc                          - Undefined Weak Reference
    _terminate_user_alloc                     - Undefined Weak Reference
    _terminateio                              - Undefined Weak Reference
    __Vectors_Size                           0x000000ec   Number         0  startup_stm32f10x_md.o ABSOLUTE
    __Vectors                                0x08000000   Data           4  startup_stm32f10x_md.o(RESET)
    __Vectors_End                            0x080000ec   Data           0  startup_stm32f10x_md.o(RESET)
    __main                                   0x080000ed   Thumb Code     8  __main.o(!!!main)
    __scatterload                            0x080000f5   Thumb Code     0  __scatter.o(!!!scatter)
    __scatterload_rt2                        0x080000f5   Thumb Code    44  __scatter.o(!!!scatter)
    __scatterload_rt2_thumb_only             0x080000f5   Thumb Code     0  __scatter.o(!!!scatter)
    __scatterload_null                       0x08000103   Thumb Code     0  __scatter.o(!!!scatter)
    __scatterload_copy                       0x08000129   Thumb Code    26  __scatter_copy.o(!!handler_copy)
    __scatterload_zeroinit                   0x08000145   Thumb Code    28  __scatter_zi.o(!!handler_zi)
    _printf_n                                0x08000161   Thumb Code     0  _printf_n.o(.ARM.Collect$$_printf_percent$$00000001)
    _printf_percent                          0x08000161   Thumb Code     0  _printf_percent.o(.ARM.Collect$$_printf_percent$$00000000)
    _printf_p                                0x08000167   Thumb Code     0  _printf_p.o(.ARM.Collect$$_printf_percent$$00000002)
    _printf_f                                0x0800016d   Thumb Code     0  _printf_f.o(.ARM.Collect$$_printf_percent$$00000003)
    _printf_e                                0x08000173   Thumb Code     0  _printf_e.o(.ARM.Collect$$_printf_percent$$00000004)
    _printf_g                                0x08000179   Thumb Code     0  _printf_g.o(.ARM.Collect$$_printf_percent$$00000005)
    _printf_a                                0x0800017f   Thumb Code     0  _printf_a.o(.ARM.Collect$$_printf_percent$$00000006)
    _printf_ll                               0x08000185   Thumb Code     0  _printf_ll.o(.ARM.Collect$$_printf_percent$$00000007)
    _printf_i                                0x0800018f   Thumb Code     0  _printf_i.o(.ARM.Collect$$_printf_percent$$00000008)
    _printf_d                                0x08000195   Thumb Code     0  _printf_d.o(.ARM.Collect$$_printf_percent$$00000009)
    _printf_u                                0x0800019b   Thumb Code     0  _printf_u.o(.ARM.Collect$$_printf_percent$$0000000A)
    _printf_o                                0x080001a1   Thumb Code     0  _printf_o.o(.ARM.Collect$$_printf_percent$$0000000B)
    _printf_x                                0x080001a7   Thumb Code     0  _printf_x.o(.ARM.Collect$$_printf_percent$$0000000C)
    _printf_lli                              0x080001ad   Thumb Code     0  _printf_lli.o(.ARM.Collect$$_printf_percent$$0000000D)
    _printf_lld                              0x080001b3   Thumb Code     0  _printf_lld.o(.ARM.Collect$$_printf_percent$$0000000E)
    _printf_llu                              0x080001b9   Thumb Code     0  _printf_llu.o(.ARM.Collect$$_printf_percent$$0000000F)
    _printf_llo                              0x080001bf   Thumb Code     0  _printf_llo.o(.ARM.Collect$$_printf_percent$$00000010)
    _printf_llx                              0x080001c5   Thumb Code     0  _printf_llx.o(.ARM.Collect$$_printf_percent$$00000011)
    _printf_l                                0x080001cb   Thumb Code     0  _printf_l.o(.ARM.Collect$$_printf_percent$$00000012)
    _printf_c                                0x080001d5   Thumb Code     0  _printf_c.o(.ARM.Collect$$_printf_percent$$00000013)
    _printf_s                                0x080001db   Thumb Code     0  _printf_s.o(.ARM.Collect$$_printf_percent$$00000014)
    _printf_lc                               0x080001e1   Thumb Code     0  _printf_lc.o(.ARM.Collect$$_printf_percent$$00000015)
    _printf_ls                               0x080001e7   Thumb Code     0  _printf_ls.o(.ARM.Collect$$_printf_percent$$00000016)
    _printf_percent_end                      0x080001ed   Thumb Code     0  _printf_percent_end.o(.ARM.Collect$$_printf_percent$$00000017)
    __rt_lib_init                            0x080001f1   Thumb Code     0  libinit.o(.ARM.Collect$$libinit$$00000000)
    __rt_lib_init_fp_1                       0x080001f3   Thumb Code     0  libinit2.o(.ARM.Collect$$libinit$$00000002)
    __rt_lib_init_heap_1                     0x080001f3   Thumb Code     0  libinit2.o(.ARM.Collect$$libinit$$0000000A)
    __rt_lib_init_lc_common                  0x080001f3   Thumb Code     0  libinit2.o(.ARM.Collect$$libinit$$0000000F)
    __rt_lib_init_preinit_1                  0x080001f3   Thumb Code     0  libinit2.o(.ARM.Collect$$libinit$$00000004)
    __rt_lib_init_rand_1                     0x080001f3   Thumb Code     0  libinit2.o(.ARM.Collect$$libinit$$0000000E)
    __rt_lib_init_user_alloc_1               0x080001f3   Thumb Code     0  libinit2.o(.ARM.Collect$$libinit$$0000000C)
    __rt_lib_init_lc_collate_1               0x080001f9   Thumb Code     0  libinit2.o(.ARM.Collect$$libinit$$00000011)
    __rt_lib_init_lc_ctype_2                 0x080001f9   Thumb Code     0  libinit2.o(.ARM.Collect$$libinit$$00000012)
    __rt_lib_init_lc_ctype_1                 0x08000205   Thumb Code     0  libinit2.o(.ARM.Collect$$libinit$$00000013)
    __rt_lib_init_lc_monetary_1              0x08000205   Thumb Code     0  libinit2.o(.ARM.Collect$$libinit$$00000015)
    __rt_lib_init_lc_numeric_2               0x08000205   Thumb Code     0  libinit2.o(.ARM.Collect$$libinit$$00000016)
    __rt_lib_init_alloca_1                   0x0800020f   Thumb Code     0  libinit2.o(.ARM.Collect$$libinit$$0000002E)
    __rt_lib_init_argv_1                     0x0800020f   Thumb Code     0  libinit2.o(.ARM.Collect$$libinit$$0000002C)
    __rt_lib_init_atexit_1                   0x0800020f   Thumb Code     0  libinit2.o(.ARM.Collect$$libinit$$0000001B)
    __rt_lib_init_clock_1                    0x0800020f   Thumb Code     0  libinit2.o(.ARM.Collect$$libinit$$00000021)
    __rt_lib_init_cpp_1                      0x0800020f   Thumb Code     0  libinit2.o(.ARM.Collect$$libinit$$00000032)
    __rt_lib_init_exceptions_1               0x0800020f   Thumb Code     0  libinit2.o(.ARM.Collect$$libinit$$00000030)
    __rt_lib_init_fp_trap_1                  0x0800020f   Thumb Code     0  libinit2.o(.ARM.Collect$$libinit$$0000001F)
    __rt_lib_init_getenv_1                   0x0800020f   Thumb Code     0  libinit2.o(.ARM.Collect$$libinit$$00000023)
    __rt_lib_init_lc_numeric_1               0x0800020f   Thumb Code     0  libinit2.o(.ARM.Collect$$libinit$$00000017)
    __rt_lib_init_lc_time_1                  0x0800020f   Thumb Code     0  libinit2.o(.ARM.Collect$$libinit$$00000019)
    __rt_lib_init_return                     0x0800020f   Thumb Code     0  libinit2.o(.ARM.Collect$$libinit$$00000033)
    __rt_lib_init_signal_1                   0x0800020f   Thumb Code     0  libinit2.o(.ARM.Collect$$libinit$$0000001D)
    __rt_lib_init_stdio_1                    0x0800020f   Thumb Code     0  libinit2.o(.ARM.Collect$$libinit$$00000025)
    __rt_lib_shutdown                        0x08000211   Thumb Code     0  libshutdown.o(.ARM.Collect$$libshutdown$$00000000)
    __rt_lib_shutdown_cpp_1                  0x08000213   Thumb Code     0  libshutdown2.o(.ARM.Collect$$libshutdown$$00000002)
    __rt_lib_shutdown_fp_trap_1              0x08000213   Thumb Code     0  libshutdown2.o(.ARM.Collect$$libshutdown$$00000007)
    __rt_lib_shutdown_heap_1                 0x08000213   Thumb Code     0  libshutdown2.o(.ARM.Collect$$libshutdown$$0000000F)
    __rt_lib_shutdown_return                 0x08000213   Thumb Code     0  libshutdown2.o(.ARM.Collect$$libshutdown$$00000010)
    __rt_lib_shutdown_signal_1               0x08000213   Thumb Code     0  libshutdown2.o(.ARM.Collect$$libshutdown$$0000000A)
    __rt_lib_shutdown_stdio_1                0x08000213   Thumb Code     0  libshutdown2.o(.ARM.Collect$$libshutdown$$00000004)
    __rt_lib_shutdown_user_alloc_1           0x08000213   Thumb Code     0  libshutdown2.o(.ARM.Collect$$libshutdown$$0000000C)
    __rt_entry                               0x08000215   Thumb Code     0  __rtentry.o(.ARM.Collect$$rtentry$$00000000)
    __rt_entry_presh_1                       0x08000215   Thumb Code     0  __rtentry2.o(.ARM.Collect$$rtentry$$00000002)
    __rt_entry_sh                            0x08000215   Thumb Code     0  __rtentry4.o(.ARM.Collect$$rtentry$$00000004)
    __rt_entry_li                            0x0800021b   Thumb Code     0  __rtentry2.o(.ARM.Collect$$rtentry$$0000000A)
    __rt_entry_postsh_1                      0x0800021b   Thumb Code     0  __rtentry2.o(.ARM.Collect$$rtentry$$00000009)
    __rt_entry_main                          0x0800021f   Thumb Code     0  __rtentry2.o(.ARM.Collect$$rtentry$$0000000D)
    __rt_entry_postli_1                      0x0800021f   Thumb Code     0  __rtentry2.o(.ARM.Collect$$rtentry$$0000000C)
    __rt_exit                                0x08000227   Thumb Code     0  rtexit.o(.ARM.Collect$$rtexit$$00000000)
    __rt_exit_ls                             0x08000229   Thumb Code     0  rtexit2.o(.ARM.Collect$$rtexit$$00000003)
    __rt_exit_prels_1                        0x08000229   Thumb Code     0  rtexit2.o(.ARM.Collect$$rtexit$$00000002)
    __rt_exit_exit                           0x0800022d   Thumb Code     0  rtexit2.o(.ARM.Collect$$rtexit$$00000004)
    Reset_Handler                            0x08000235   Thumb Code     8  startup_stm32f10x_md.o(.text)
    ADC1_2_IRQHandler                        0x0800024f   Thumb Code     0  startup_stm32f10x_md.o(.text)
    CAN1_RX1_IRQHandler                      0x0800024f   Thumb Code     0  startup_stm32f10x_md.o(.text)
    CAN1_SCE_IRQHandler                      0x0800024f   Thumb Code     0  startup_stm32f10x_md.o(.text)
    DMA1_Channel1_IRQHandler                 0x0800024f   Thumb Code     0  startup_stm32f10x_md.o(.text)
    DMA1_Channel2_IRQHandler                 0x0800024f   Thumb Code     0  startup_stm32f10x_md.o(.text)
    DMA1_Channel3_IRQHandler                 0x0800024f   Thumb Code     0  startup_stm32f10x_md.o(.text)
    DMA1_Channel4_IRQHandler                 0x0800024f   Thumb Code     0  startup_stm32f10x_md.o(.text)
    DMA1_Channel5_IRQHandler                 0x0800024f   Thumb Code     0  startup_stm32f10x_md.o(.text)
    DMA1_Channel6_IRQHandler                 0x0800024f   Thumb Code     0  startup_stm32f10x_md.o(.text)
    DMA1_Channel7_IRQHandler                 0x0800024f   Thumb Code     0  startup_stm32f10x_md.o(.text)
    EXTI0_IRQHandler                         0x0800024f   Thumb Code     0  startup_stm32f10x_md.o(.text)
    EXTI15_10_IRQHandler                     0x0800024f   Thumb Code     0  startup_stm32f10x_md.o(.text)
    EXTI1_IRQHandler                         0x0800024f   Thumb Code     0  startup_stm32f10x_md.o(.text)
    EXTI2_IRQHandler                         0x0800024f   Thumb Code     0  startup_stm32f10x_md.o(.text)
    EXTI3_IRQHandler                         0x0800024f   Thumb Code     0  startup_stm32f10x_md.o(.text)
    EXTI4_IRQHandler                         0x0800024f   Thumb Code     0  startup_stm32f10x_md.o(.text)
    EXTI9_5_IRQHandler                       0x0800024f   Thumb Code     0  startup_stm32f10x_md.o(.text)
    FLASH_IRQHandler                         0x0800024f   Thumb Code     0  startup_stm32f10x_md.o(.text)
    I2C1_ER_IRQHandler                       0x0800024f   Thumb Code     0  startup_stm32f10x_md.o(.text)
    I2C1_EV_IRQHandler                       0x0800024f   Thumb Code     0  startup_stm32f10x_md.o(.text)
    I2C2_ER_IRQHandler                       0x0800024f   Thumb Code     0  startup_stm32f10x_md.o(.text)
    I2C2_EV_IRQHandler                       0x0800024f   Thumb Code     0  startup_stm32f10x_md.o(.text)
    PVD_IRQHandler                           0x0800024f   Thumb Code     0  startup_stm32f10x_md.o(.text)
    RCC_IRQHandler                           0x0800024f   Thumb Code     0  startup_stm32f10x_md.o(.text)
    RTCAlarm_IRQHandler                      0x0800024f   Thumb Code     0  startup_stm32f10x_md.o(.text)
    RTC_IRQHandler                           0x0800024f   Thumb Code     0  startup_stm32f10x_md.o(.text)
    SPI1_IRQHandler                          0x0800024f   Thumb Code     0  startup_stm32f10x_md.o(.text)
    SPI2_IRQHandler                          0x0800024f   Thumb Code     0  startup_stm32f10x_md.o(.text)
    TAMPER_IRQHandler                        0x0800024f   Thumb Code     0  startup_stm32f10x_md.o(.text)
    TIM1_BRK_IRQHandler                      0x0800024f   Thumb Code     0  startup_stm32f10x_md.o(.text)
    TIM1_CC_IRQHandler                       0x0800024f   Thumb Code     0  startup_stm32f10x_md.o(.text)
    TIM1_TRG_COM_IRQHandler                  0x0800024f   Thumb Code     0  startup_stm32f10x_md.o(.text)
    TIM1_UP_IRQHandler                       0x0800024f   Thumb Code     0  startup_stm32f10x_md.o(.text)
    TIM2_IRQHandler                          0x0800024f   Thumb Code     0  startup_stm32f10x_md.o(.text)
    TIM3_IRQHandler                          0x0800024f   Thumb Code     0  startup_stm32f10x_md.o(.text)
    TIM4_IRQHandler                          0x0800024f   Thumb Code     0  startup_stm32f10x_md.o(.text)
    USART2_IRQHandler                        0x0800024f   Thumb Code     0  startup_stm32f10x_md.o(.text)
    USART3_IRQHandler                        0x0800024f   Thumb Code     0  startup_stm32f10x_md.o(.text)
    USBWakeUp_IRQHandler                     0x0800024f   Thumb Code     0  startup_stm32f10x_md.o(.text)
    USB_HP_CAN1_TX_IRQHandler                0x0800024f   Thumb Code     0  startup_stm32f10x_md.o(.text)
    USB_LP_CAN1_RX0_IRQHandler               0x0800024f   Thumb Code     0  startup_stm32f10x_md.o(.text)
    WWDG_IRQHandler                          0x0800024f   Thumb Code     0  startup_stm32f10x_md.o(.text)
    __user_initial_stackheap                 0x08000251   Thumb Code     0  startup_stm32f10x_md.o(.text)
    OS_CPU_SR_Save                           0x08000275   Thumb Code     0  os_cpu_a.o(.text)
    OS_CPU_SR_Restore                        0x0800027d   Thumb Code     0  os_cpu_a.o(.text)
    OSStartHighRdy                           0x08000283   Thumb Code     0  os_cpu_a.o(.text)
    OSCtxSw                                  0x080002a5   Thumb Code     0  os_cpu_a.o(.text)
    OSIntCtxSw                               0x080002b3   Thumb Code     0  os_cpu_a.o(.text)
    PendSV_Handler                           0x080002c3   Thumb Code     0  os_cpu_a.o(.text)
    __use_no_semihosting                     0x08000329   Thumb Code     2  use_no_semi_2.o(.text)
    __c89vsprintf                            0x0800032d   Thumb Code    32  c89vsprintf.o(.text)
    __2printf                                0x08000351   Thumb Code    20  __2printf.o(.text)
    __2sprintf                               0x08000369   Thumb Code    38  __2sprintf.o(.text)
    _printf_str                              0x08000395   Thumb Code    82  _printf_str.o(.text)
    _printf_int_dec                          0x080003e9   Thumb Code   104  _printf_dec.o(.text)
    __printf                                 0x08000461   Thumb Code   388  __printf_flags_ss_wp.o(.text)
    strstr                                   0x080005e9   Thumb Code    36  strstr.o(.text)
    strlen                                   0x0800060d   Thumb Code    62  strlen.o(.text)
    __aeabi_memclr                           0x0800064b   Thumb Code     0  rt_memclr.o(.text)
    __rt_memclr                              0x0800064b   Thumb Code    68  rt_memclr.o(.text)
    _memset                                  0x0800064f   Thumb Code     0  rt_memclr.o(.text)
    __use_two_region_memory                  0x0800068f   Thumb Code     2  heapauxi.o(.text)
    __rt_heap_escrow$2region                 0x08000691   Thumb Code     2  heapauxi.o(.text)
    __rt_heap_expand$2region                 0x08000693   Thumb Code     2  heapauxi.o(.text)
    __I$use$semihosting                      0x08000695   Thumb Code     0  use_no_semi.o(.text)
    __use_no_semihosting_swi                 0x08000695   Thumb Code     2  use_no_semi.o(.text)
    _printf_pre_padding                      0x08000697   Thumb Code    44  _printf_pad.o(.text)
    _printf_post_padding                     0x080006c3   Thumb Code    34  _printf_pad.o(.text)
    _printf_truncate_signed                  0x080006e5   Thumb Code    18  _printf_truncate.o(.text)
    _printf_truncate_unsigned                0x080006f7   Thumb Code    18  _printf_truncate.o(.text)
    _printf_int_common                       0x08000709   Thumb Code   178  _printf_intcommon.o(.text)
    _printf_charcount                        0x080007bb   Thumb Code    40  _printf_charcount.o(.text)
    _printf_char_common                      0x080007ef   Thumb Code    32  _printf_char_common.o(.text)
    _sputc                                   0x08000815   Thumb Code    10  _sputc.o(.text)
    _printf_cs_common                        0x0800081f   Thumb Code    20  _printf_char.o(.text)
    _printf_char                             0x08000833   Thumb Code    16  _printf_char.o(.text)
    _printf_string                           0x08000843   Thumb Code     8  _printf_char.o(.text)
    _printf_char_file                        0x0800084d   Thumb Code    32  _printf_char_file.o(.text)
    _printf_wctomb                           0x08000871   Thumb Code   182  _printf_wctomb.o(.text)
    _printf_longlong_dec                     0x0800092d   Thumb Code   108  _printf_longlong_dec.o(.text)
    _printf_longlong_oct                     0x080009a9   Thumb Code    68  _printf_oct_int_ll.o(.text)
    _printf_int_oct                          0x080009ed   Thumb Code    24  _printf_oct_int_ll.o(.text)
    _printf_ll_oct                           0x08000a05   Thumb Code    12  _printf_oct_int_ll.o(.text)
    _printf_longlong_hex                     0x08000a19   Thumb Code    86  _printf_hex_int_ll_ptr.o(.text)
    _printf_int_hex                          0x08000a6f   Thumb Code    28  _printf_hex_int_ll_ptr.o(.text)
    _printf_ll_hex                           0x08000a8b   Thumb Code    12  _printf_hex_int_ll_ptr.o(.text)
    _printf_hex_ptr                          0x08000a97   Thumb Code    18  _printf_hex_int_ll_ptr.o(.text)
    __aeabi_memclr4                          0x08000aad   Thumb Code     0  rt_memclr_w.o(.text)
    __aeabi_memclr8                          0x08000aad   Thumb Code     0  rt_memclr_w.o(.text)
    __rt_memclr_w                            0x08000aad   Thumb Code    78  rt_memclr_w.o(.text)
    _memset_w                                0x08000ab1   Thumb Code     0  rt_memclr_w.o(.text)
    _ll_udiv10                               0x08000afb   Thumb Code   138  lludiv10.o(.text)
    __lib_sel_fp_printf                      0x08000b85   Thumb Code     2  _printf_fp_dec.o(.text)
    _printf_fp_dec_real                      0x08000d33   Thumb Code   620  _printf_fp_dec.o(.text)
    _printf_lcs_common                       0x08000f9f   Thumb Code    20  _printf_wchar.o(.text)
    _printf_wchar                            0x08000fb3   Thumb Code    16  _printf_wchar.o(.text)
    _printf_wstring                          0x08000fc3   Thumb Code     8  _printf_wchar.o(.text)
    ferror                                   0x08000fcb   Thumb Code     8  ferror.o(.text)
    _wcrtomb                                 0x08000fd3   Thumb Code    64  _wcrtomb.o(.text)
    __user_setup_stackheap                   0x08001013   Thumb Code    74  sys_stackheap_outer.o(.text)
    __rt_ctype_table                         0x0800105d   Thumb Code    16  rt_ctype_table.o(.text)
    __rt_locale                              0x0800106d   Thumb Code     8  rt_locale_intlibspace.o(.text)
    _printf_fp_infnan                        0x08001075   Thumb Code   112  _printf_fp_infnan.o(.text)
    _btod_etento                             0x080010f5   Thumb Code   216  bigflt0.o(.text)
    exit                                     0x080011d1   Thumb Code    18  exit.o(.text)
    __user_libspace                          0x080011e5   Thumb Code     8  libspace.o(.text)
    __user_perproc_libspace                  0x080011e5   Thumb Code     0  libspace.o(.text)
    __user_perthread_libspace                0x080011e5   Thumb Code     0  libspace.o(.text)
    strcmp                                   0x080011ed   Thumb Code   128  strcmpv7m.o(.text)
    _btod_d2e                                0x0800126d   Thumb Code    62  btod.o(CL$$btod_d2e)
    _d2e_denorm_low                          0x080012ab   Thumb Code    70  btod.o(CL$$btod_d2e_denorm_low)
    _d2e_norm_op1                            0x080012f1   Thumb Code    96  btod.o(CL$$btod_d2e_norm_op1)
    __btod_div_common                        0x08001351   Thumb Code   696  btod.o(CL$$btod_div_common)
    _e2e                                     0x08001689   Thumb Code   198  btod.o(CL$$btod_e2e)
    _btod_ediv                               0x0800174f   Thumb Code    40  btod.o(CL$$btod_ediv)
    _btod_emul                               0x08001777   Thumb Code    40  btod.o(CL$$btod_emul)
    __btod_mult_common                       0x0800179f   Thumb Code   580  btod.o(CL$$btod_mult_common)
    BEEP_init                                0x080019e5   Thumb Code    50  beep.o(i.BEEP_init)
    BusFault_Handler                         0x08001a1d   Thumb Code     4  stm32f10x_it.o(i.BusFault_Handler)
    Contrl_task                              0x08001a21   Thumb Code    14  main.o(i.Contrl_task)
    DHT11_Check                              0x08001a31   Thumb Code    92  dht11.o(i.DHT11_Check)
    DHT11_Init                               0x08001a95   Thumb Code    54  dht11.o(i.DHT11_Init)
    DHT11_Read_Bit                           0x08001ad1   Thumb Code    70  dht11.o(i.DHT11_Read_Bit)
    DHT11_Read_Byte                          0x08001b1d   Thumb Code    30  dht11.o(i.DHT11_Read_Byte)
    DHT11_Read_Data                          0x08001b3b   Thumb Code    88  dht11.o(i.DHT11_Read_Data)
    DHT11_Rst                                0x08001b95   Thumb Code    52  dht11.o(i.DHT11_Rst)
    DS18B20_Check                            0x08001bd5   Thumb Code    92  ds18b20.o(i.DS18B20_Check)
    DS18B20_Init                             0x08001c39   Thumb Code    58  ds18b20.o(i.DS18B20_Init)
    DS18B20_Rst                              0x08001c79   Thumb Code    96  ds18b20.o(i.DS18B20_Rst)
    DebugMon_Handler                         0x08001ce5   Thumb Code     2  stm32f10x_it.o(i.DebugMon_Handler)
    GPIO_Init                                0x08001ce7   Thumb Code   278  stm32f10x_gpio.o(i.GPIO_Init)
    GPIO_ResetBits                           0x08001dfd   Thumb Code     4  stm32f10x_gpio.o(i.GPIO_ResetBits)
    GPIO_SetBits                             0x08001e01   Thumb Code     4  stm32f10x_gpio.o(i.GPIO_SetBits)
    HardFault_Handler                        0x08001e05   Thumb Code     4  stm32f10x_it.o(i.HardFault_Handler)
    LED_init                                 0x08001e09   Thumb Code    46  led.o(i.LED_init)
    MemManage_Handler                        0x08001e3d   Thumb Code     4  stm32f10x_it.o(i.MemManage_Handler)
    NMI_Handler                              0x08001e41   Thumb Code     2  stm32f10x_it.o(i.NMI_Handler)
    NVIC_Init                                0x08001e45   Thumb Code   100  misc.o(i.NVIC_Init)
    NVIC_PriorityGroupConfig                 0x08001eb5   Thumb Code    10  misc.o(i.NVIC_PriorityGroupConfig)
    OSInit                                   0x08001ec9   Thumb Code    44  os_core.o(i.OSInit)
    OSInitHookBegin                          0x08001ef5   Thumb Code     2  os_cpu_c.o(i.OSInitHookBegin)
    OSInitHookEnd                            0x08001ef7   Thumb Code     2  os_cpu_c.o(i.OSInitHookEnd)
    OSIntEnter                               0x08001ef9   Thumb Code    28  os_core.o(i.OSIntEnter)
    OSIntExit                                0x08001f1d   Thumb Code   112  os_core.o(i.OSIntExit)
    OSSchedLock                              0x08001fad   Thumb Code    50  os_core.o(i.OSSchedLock)
    OSSchedUnlock                            0x08001fed   Thumb Code    82  os_core.o(i.OSSchedUnlock)
    OSStart                                  0x0800204d   Thumb Code    48  os_core.o(i.OSStart)
    OSTCBInitHook                            0x08002095   Thumb Code     2  os_cpu_c.o(i.OSTCBInitHook)
    OSTaskCreate                             0x08002099   Thumb Code   148  os_task.o(i.OSTaskCreate)
    OSTaskCreateExt                          0x08002139   Thumb Code   170  os_task.o(i.OSTaskCreateExt)
    OSTaskCreateHook                         0x080021f1   Thumb Code     2  os_cpu_c.o(i.OSTaskCreateHook)
    OSTaskIdleHook                           0x080021f3   Thumb Code     2  os_cpu_c.o(i.OSTaskIdleHook)
    OSTaskNameSet                            0x080021f5   Thumb Code    98  os_task.o(i.OSTaskNameSet)
    OSTaskStatHook                           0x08002265   Thumb Code     2  os_cpu_c.o(i.OSTaskStatHook)
    OSTaskStkChk                             0x08002269   Thumb Code   132  os_task.o(i.OSTaskStkChk)
    OSTaskStkInit                            0x080022f5   Thumb Code   154  os_cpu_c.o(i.OSTaskStkInit)
    OSTaskSuspend                            0x08002391   Thumb Code   152  os_task.o(i.OSTaskSuspend)
    OSTaskSwHook                             0x08002439   Thumb Code     2  os_cpu_c.o(i.OSTaskSwHook)
    OSTimeDly                                0x0800243d   Thumb Code   100  os_time.o(i.OSTimeDly)
    OSTimeTick                               0x080024b5   Thumb Code   210  os_core.o(i.OSTimeTick)
    OSTimeTickHook                           0x080025a1   Thumb Code     2  os_cpu_c.o(i.OSTimeTickHook)
    OS_FlagInit                              0x080025a5   Thumb Code    74  os_flag.o(i.OS_FlagInit)
    OS_MemClr                                0x08002809   Thumb Code    18  os_core.o(i.OS_MemClr)
    OS_QInit                                 0x0800281d   Thumb Code    72  os_q.o(i.OS_QInit)
    OS_Sched                                 0x0800286d   Thumb Code    88  os_core.o(i.OS_Sched)
    OS_TCBInit                               0x0800290d   Thumb Code   278  os_core.o(i.OS_TCBInit)
    OS_TaskIdle                              0x08002a41   Thumb Code    34  os_core.o(i.OS_TaskIdle)
    OS_TaskStat                              0x08002a69   Thumb Code   116  os_core.o(i.OS_TaskStat)
    OS_TaskStatStkChk                        0x08002af1   Thumb Code    54  os_core.o(i.OS_TaskStatStkChk)
    OS_TaskStkClr                            0x08002b2d   Thumb Code    26  os_task.o(i.OS_TaskStkClr)
    RCC_APB2PeriphClockCmd                   0x08002b49   Thumb Code    26  stm32f10x_rcc.o(i.RCC_APB2PeriphClockCmd)
    RCC_GetClocksFreq                        0x08002b69   Thumb Code   192  stm32f10x_rcc.o(i.RCC_GetClocksFreq)
    SVC_Handler                              0x08002c3d   Thumb Code     2  stm32f10x_it.o(i.SVC_Handler)
    SysTick_CLKSourceConfig                  0x08002d29   Thumb Code    40  misc.o(i.SysTick_CLKSourceConfig)
    SysTick_Handler                          0x08002d51   Thumb Code    24  delay.o(i.SysTick_Handler)
    SystemInit                               0x08002d6d   Thumb Code    78  system_stm32f10x.o(i.SystemInit)
    USART1_IRQHandler                        0x08002dcd   Thumb Code   130  usart.o(i.USART1_IRQHandler)
    USART_Cmd                                0x08002e5d   Thumb Code    24  stm32f10x_usart.o(i.USART_Cmd)
    USART_GetFlagStatus                      0x08002e75   Thumb Code    26  stm32f10x_usart.o(i.USART_GetFlagStatus)
    USART_GetITStatus                        0x08002e8f   Thumb Code    84  stm32f10x_usart.o(i.USART_GetITStatus)
    USART_ITConfig                           0x08002ee3   Thumb Code    74  stm32f10x_usart.o(i.USART_ITConfig)
    USART_Init                               0x08002f2d   Thumb Code   210  stm32f10x_usart.o(i.USART_Init)
    USART_ReceiveData                        0x08003005   Thumb Code    10  stm32f10x_usart.o(i.USART_ReceiveData)
    USART_SendData                           0x0800300f   Thumb Code     8  stm32f10x_usart.o(i.USART_SendData)
    UsageFault_Handler                       0x08003017   Thumb Code     4  stm32f10x_it.o(i.UsageFault_Handler)
    __ARM_fpclassify                         0x0800301b   Thumb Code    40  fpclassify.o(i.__ARM_fpclassify)
    _is_digit                                0x08003043   Thumb Code    14  __printf_wp.o(i._is_digit)
    _sys_exit                                0x08003051   Thumb Code     6  usart.o(i._sys_exit)
    atk_8266_check_cmd                       0x08003059   Thumb Code    44  wifi.o(i.atk_8266_check_cmd)
    atk_8266_quit_trans                      0x0800308d   Thumb Code   100  wifi.o(i.atk_8266_quit_trans)
    atk_8266_send_cmd                        0x080030fd   Thumb Code    84  wifi.o(i.atk_8266_send_cmd)
    client_init                              0x0800315d   Thumb Code    38  wifi.o(i.client_init)
    client_send                              0x080031c1   Thumb Code    14  wifi.o(i.client_send)
    closeled                                 0x080031d1   Thumb Code    12  led.o(i.closeled)
    connectPISER                             0x080031e1   Thumb Code    86  main.o(i.connectPISER)
    delay_init                               0x08003279   Thumb Code    76  delay.o(i.delay_init)
    delay_ms                                 0x080032d5   Thumb Code    66  delay.o(i.delay_ms)
    delay_osschedlock                        0x08003325   Thumb Code     8  delay.o(i.delay_osschedlock)
    delay_osschedunlock                      0x0800332d   Thumb Code     8  delay.o(i.delay_osschedunlock)
    delay_ostimedly                          0x08003335   Thumb Code    12  delay.o(i.delay_ostimedly)
    delay_us                                 0x08003341   Thumb Code    86  delay.o(i.delay_us)
    drSTATUS_task                            0x0800339d   Thumb Code    84  main.o(i.drSTATUS_task)
    driverinit                               0x0800345d   Thumb Code    80  main.o(i.driverinit)
    esp_8662_init                            0x080034b5   Thumb Code    56  wifi.o(i.esp_8662_init)
    fputc                                    0x08003525   Thumb Code    24  usart.o(i.fputc)
    main                                     0x08003541   Thumb Code    30  main.o(i.main)
    openled                                  0x08003569   Thumb Code    12  led.o(i.openled)
    receive_server                           0x08003579   Thumb Code   252  wifi.o(i.receive_server)
    start_task                               0x080036d5   Thumb Code    64  main.o(i.start_task)
    transmission_task                        0x0800372d   Thumb Code    62  main.o(i.transmission_task)
    u_printf                                 0x0800378d   Thumb Code    72  usart.o(i.u_printf)
    uart_init                                0x080037dd   Thumb Code   158  usart.o(i.uart_init)
    _get_lc_numeric                          0x08003889   Thumb Code    44  lc_numeric_c.o(locale$$code)
    _get_lc_ctype                            0x080038b5   Thumb Code    44  lc_ctype_c.o(locale$$code)
    _printf_fp_dec                           0x080038e1   Thumb Code     4  printf1.o(x$fpl$printf1)
    OSUnMapTbl                               0x080038e4   Data         256  os_core.o(.constdata)
    __I$use$fp                               0x080038e4   Number         0  usenofp.o(x$fpl$usenofp)
    Region$$Table$$Base                      0x08003b74   Number         0  anon$$obj.o(Region$$Table)
    Region$$Table$$Limit                     0x08003b94   Number         0  anon$$obj.o(Region$$Table)
    __ctype                                  0x08003bbd   Data           0  lc_ctype_c.o(locale$$data)
    ds18b20ST                                0x20000000   Data           1  main.o(.data)
    DHT11ST                                  0x20000001   Data           1  main.o(.data)
    wifiST                                   0x20000002   Data           1  main.o(.data)
    SystemCoreClock                          0x20000004   Data           4  system_stm32f10x.o(.data)
    AHBPrescTable                            0x20000008   Data          16  system_stm32f10x.o(.data)
    portnum                                  0x2000002c   Data           4  wifi.o(.data)
    wifista_ssid                             0x20000030   Data           4  wifi.o(.data)
    wifista_encryption                       0x20000034   Data           4  wifi.o(.data)
    wifista_password                         0x20000038   Data           4  wifi.o(.data)
    wifiap_ssid                              0x2000003c   Data           4  wifi.o(.data)
    wifiap_encryption                        0x20000040   Data           4  wifi.o(.data)
    wifiap_password                          0x20000044   Data           4  wifi.o(.data)
    ATK_ESP8266_CWMODE_TBL                   0x20000048   Data          12  wifi.o(.data)
    ATK_ESP8266_WORKMODE_TBL                 0x20000054   Data          12  wifi.o(.data)
    ATK_ESP8266_ECN_TBL                      0x20000060   Data          20  wifi.o(.data)
    __stdout                                 0x20000078   Data           4  usart.o(.data)
    USART_RX_STA                             0x2000007c   Data           2  usart.o(.data)
    OSCtxSwCtr                               0x20000080   Data           4  os_core.o(.data)
    OSEventFreeList                          0x20000084   Data           4  os_core.o(.data)
    OSFlagFreeList                           0x20000088   Data           4  os_core.o(.data)
    OSCPUUsage                               0x2000008c   Data           1  os_core.o(.data)
    OSIdleCtrMax                             0x20000090   Data           4  os_core.o(.data)
    OSIdleCtrRun                             0x20000094   Data           4  os_core.o(.data)
    OSStatRdy                                0x20000098   Data           1  os_core.o(.data)
    OSIntNesting                             0x20000099   Data           1  os_core.o(.data)
    OSLockNesting                            0x2000009a   Data           1  os_core.o(.data)
    OSPrioCur                                0x2000009b   Data           1  os_core.o(.data)
    OSPrioHighRdy                            0x2000009c   Data           1  os_core.o(.data)
    OSRdyGrp                                 0x2000009d   Data           1  os_core.o(.data)
    OSRdyTbl                                 0x2000009e   Data           8  os_core.o(.data)
    OSRunning                                0x200000a6   Data           1  os_core.o(.data)
    OSTaskCtr                                0x200000a7   Data           1  os_core.o(.data)
    OSIdleCtr                                0x200000a8   Data           4  os_core.o(.data)
    OSTCBCur                                 0x200000ac   Data           4  os_core.o(.data)
    OSTCBFreeList                            0x200000b0   Data           4  os_core.o(.data)
    OSTCBHighRdy                             0x200000b4   Data           4  os_core.o(.data)
    OSTCBList                                0x200000b8   Data           4  os_core.o(.data)
    OSTickStepState                          0x200000bc   Data           1  os_core.o(.data)
    OSQFreeList                              0x200000c0   Data           4  os_core.o(.data)
    OSTime                                   0x200000c4   Data           4  os_core.o(.data)
    START_TASK_STK                           0x200000c8   Data         256  main.o(.bss)
    Contrl_TASK_STK                          0x200001c8   Data         256  main.o(.bss)
    transmission_TASK_STK                    0x200002c8   Data         256  main.o(.bss)
    drSTATUS_TASK_STK                        0x200003c8   Data         256  main.o(.bss)
    USART_RX_BUF                             0x200004c8   Data        1280  usart.o(.bss)
    USART_TX_BUF                             0x200009c8   Data        1280  usart.o(.bss)
    OSEventTbl                               0x20000ec8   Data         200  os_core.o(.bss)
    OSFlagTbl                                0x20000f90   Data          80  os_core.o(.bss)
    OSTaskStatStk                            0x20000fe0   Data         512  os_core.o(.bss)
    OSTaskIdleStk                            0x200011e0   Data         512  os_core.o(.bss)
    OSTCBPrioTbl                             0x200013e0   Data         256  os_core.o(.bss)
    OSTCBTbl                                 0x200014e0   Data        1008  os_core.o(.bss)
    OSQTbl                                   0x200018d0   Data         120  os_core.o(.bss)
    __libspace_start                         0x20001948   Data          96  libspace.o(.bss)
    __temporary_stack_top$libspace           0x200019a8   Data           0  libspace.o(.bss)



==============================================================================

Memory Map of the image

  Image Entry point : 0x080000ed

  Load Region LR_IROM1 (Base: 0x08000000, Size: 0x00003d88, Max: 0x00010000, ABSOLUTE)

    Execution Region ER_IROM1 (Base: 0x08000000, Size: 0x00003cc0, Max: 0x00010000, ABSOLUTE)

    Base Addr    Size         Type   Attr      Idx    E Section Name        Object

    0x08000000   0x000000ec   Data   RO          293    RESET               startup_stm32f10x_md.o
    0x080000ec   0x00000008   Code   RO         4412  * !!!main             c_w.l(__main.o)
    0x080000f4   0x00000034   Code   RO         4721    !!!scatter          c_w.l(__scatter.o)
    0x08000128   0x0000001a   Code   RO         4723    !!handler_copy      c_w.l(__scatter_copy.o)
    0x08000142   0x00000002   PAD
    0x08000144   0x0000001c   Code   RO         4725    !!handler_zi        c_w.l(__scatter_zi.o)
    0x08000160   0x00000000   Code   RO         4403    .ARM.Collect$$_printf_percent$$00000000  c_w.l(_printf_percent.o)
    0x08000160   0x00000006   Code   RO         4480    .ARM.Collect$$_printf_percent$$00000001  c_w.l(_printf_n.o)
    0x08000166   0x00000006   Code   RO         4482    .ARM.Collect$$_printf_percent$$00000002  c_w.l(_printf_p.o)
    0x0800016c   0x00000006   Code   RO         4486    .ARM.Collect$$_printf_percent$$00000003  c_w.l(_printf_f.o)
    0x08000172   0x00000006   Code   RO         4487    .ARM.Collect$$_printf_percent$$00000004  c_w.l(_printf_e.o)
    0x08000178   0x00000006   Code   RO         4488    .ARM.Collect$$_printf_percent$$00000005  c_w.l(_printf_g.o)
    0x0800017e   0x00000006   Code   RO         4489    .ARM.Collect$$_printf_percent$$00000006  c_w.l(_printf_a.o)
    0x08000184   0x0000000a   Code   RO         4494    .ARM.Collect$$_printf_percent$$00000007  c_w.l(_printf_ll.o)
    0x0800018e   0x00000006   Code   RO         4484    .ARM.Collect$$_printf_percent$$00000008  c_w.l(_printf_i.o)
    0x08000194   0x00000006   Code   RO         4402    .ARM.Collect$$_printf_percent$$00000009  c_w.l(_printf_d.o)
    0x0800019a   0x00000006   Code   RO         4485    .ARM.Collect$$_printf_percent$$0000000A  c_w.l(_printf_u.o)
    0x080001a0   0x00000006   Code   RO         4483    .ARM.Collect$$_printf_percent$$0000000B  c_w.l(_printf_o.o)
    0x080001a6   0x00000006   Code   RO         4481    .ARM.Collect$$_printf_percent$$0000000C  c_w.l(_printf_x.o)
    0x080001ac   0x00000006   Code   RO         4491    .ARM.Collect$$_printf_percent$$0000000D  c_w.l(_printf_lli.o)
    0x080001b2   0x00000006   Code   RO         4492    .ARM.Collect$$_printf_percent$$0000000E  c_w.l(_printf_lld.o)
    0x080001b8   0x00000006   Code   RO         4493    .ARM.Collect$$_printf_percent$$0000000F  c_w.l(_printf_llu.o)
    0x080001be   0x00000006   Code   RO         4498    .ARM.Collect$$_printf_percent$$00000010  c_w.l(_printf_llo.o)
    0x080001c4   0x00000006   Code   RO         4499    .ARM.Collect$$_printf_percent$$00000011  c_w.l(_printf_llx.o)
    0x080001ca   0x0000000a   Code   RO         4495    .ARM.Collect$$_printf_percent$$00000012  c_w.l(_printf_l.o)
    0x080001d4   0x00000006   Code   RO         4479    .ARM.Collect$$_printf_percent$$00000013  c_w.l(_printf_c.o)
    0x080001da   0x00000006   Code   RO         4401    .ARM.Collect$$_printf_percent$$00000014  c_w.l(_printf_s.o)
    0x080001e0   0x00000006   Code   RO         4496    .ARM.Collect$$_printf_percent$$00000015  c_w.l(_printf_lc.o)
    0x080001e6   0x00000006   Code   RO         4497    .ARM.Collect$$_printf_percent$$00000016  c_w.l(_printf_ls.o)
    0x080001ec   0x00000004   Code   RO         4490    .ARM.Collect$$_printf_percent$$00000017  c_w.l(_printf_percent_end.o)
    0x080001f0   0x00000002   Code   RO         4586    .ARM.Collect$$libinit$$00000000  c_w.l(libinit.o)
    0x080001f2   0x00000000   Code   RO         4602    .ARM.Collect$$libinit$$00000002  c_w.l(libinit2.o)
    0x080001f2   0x00000000   Code   RO         4604    .ARM.Collect$$libinit$$00000004  c_w.l(libinit2.o)
    0x080001f2   0x00000000   Code   RO         4607    .ARM.Collect$$libinit$$0000000A  c_w.l(libinit2.o)
    0x080001f2   0x00000000   Code   RO         4609    .ARM.Collect$$libinit$$0000000C  c_w.l(libinit2.o)
    0x080001f2   0x00000000   Code   RO         4611    .ARM.Collect$$libinit$$0000000E  c_w.l(libinit2.o)
    0x080001f2   0x00000006   Code   RO         4612    .ARM.Collect$$libinit$$0000000F  c_w.l(libinit2.o)
    0x080001f8   0x00000000   Code   RO         4614    .ARM.Collect$$libinit$$00000011  c_w.l(libinit2.o)
    0x080001f8   0x0000000c   Code   RO         4615    .ARM.Collect$$libinit$$00000012  c_w.l(libinit2.o)
    0x08000204   0x00000000   Code   RO         4616    .ARM.Collect$$libinit$$00000013  c_w.l(libinit2.o)
    0x08000204   0x00000000   Code   RO         4618    .ARM.Collect$$libinit$$00000015  c_w.l(libinit2.o)
    0x08000204   0x0000000a   Code   RO         4619    .ARM.Collect$$libinit$$00000016  c_w.l(libinit2.o)
    0x0800020e   0x00000000   Code   RO         4620    .ARM.Collect$$libinit$$00000017  c_w.l(libinit2.o)
    0x0800020e   0x00000000   Code   RO         4622    .ARM.Collect$$libinit$$00000019  c_w.l(libinit2.o)
    0x0800020e   0x00000000   Code   RO         4624    .ARM.Collect$$libinit$$0000001B  c_w.l(libinit2.o)
    0x0800020e   0x00000000   Code   RO         4626    .ARM.Collect$$libinit$$0000001D  c_w.l(libinit2.o)
    0x0800020e   0x00000000   Code   RO         4628    .ARM.Collect$$libinit$$0000001F  c_w.l(libinit2.o)
    0x0800020e   0x00000000   Code   RO         4630    .ARM.Collect$$libinit$$00000021  c_w.l(libinit2.o)
    0x0800020e   0x00000000   Code   RO         4632    .ARM.Collect$$libinit$$00000023  c_w.l(libinit2.o)
    0x0800020e   0x00000000   Code   RO         4634    .ARM.Collect$$libinit$$00000025  c_w.l(libinit2.o)
    0x0800020e   0x00000000   Code   RO         4638    .ARM.Collect$$libinit$$0000002C  c_w.l(libinit2.o)
    0x0800020e   0x00000000   Code   RO         4640    .ARM.Collect$$libinit$$0000002E  c_w.l(libinit2.o)
    0x0800020e   0x00000000   Code   RO         4642    .ARM.Collect$$libinit$$00000030  c_w.l(libinit2.o)
    0x0800020e   0x00000000   Code   RO         4644    .ARM.Collect$$libinit$$00000032  c_w.l(libinit2.o)
    0x0800020e   0x00000002   Code   RO         4645    .ARM.Collect$$libinit$$00000033  c_w.l(libinit2.o)
    0x08000210   0x00000002   Code   RO         4663    .ARM.Collect$$libshutdown$$00000000  c_w.l(libshutdown.o)
    0x08000212   0x00000000   Code   RO         4673    .ARM.Collect$$libshutdown$$00000002  c_w.l(libshutdown2.o)
    0x08000212   0x00000000   Code   RO         4675    .ARM.Collect$$libshutdown$$00000004  c_w.l(libshutdown2.o)
    0x08000212   0x00000000   Code   RO         4678    .ARM.Collect$$libshutdown$$00000007  c_w.l(libshutdown2.o)
    0x08000212   0x00000000   Code   RO         4681    .ARM.Collect$$libshutdown$$0000000A  c_w.l(libshutdown2.o)
    0x08000212   0x00000000   Code   RO         4683    .ARM.Collect$$libshutdown$$0000000C  c_w.l(libshutdown2.o)
    0x08000212   0x00000000   Code   RO         4686    .ARM.Collect$$libshutdown$$0000000F  c_w.l(libshutdown2.o)
    0x08000212   0x00000002   Code   RO         4687    .ARM.Collect$$libshutdown$$00000010  c_w.l(libshutdown2.o)
    0x08000214   0x00000000   Code   RO         4430    .ARM.Collect$$rtentry$$00000000  c_w.l(__rtentry.o)
    0x08000214   0x00000000   Code   RO         4512    .ARM.Collect$$rtentry$$00000002  c_w.l(__rtentry2.o)
    0x08000214   0x00000006   Code   RO         4524    .ARM.Collect$$rtentry$$00000004  c_w.l(__rtentry4.o)
    0x0800021a   0x00000000   Code   RO         4514    .ARM.Collect$$rtentry$$00000009  c_w.l(__rtentry2.o)
    0x0800021a   0x00000004   Code   RO         4515    .ARM.Collect$$rtentry$$0000000A  c_w.l(__rtentry2.o)
    0x0800021e   0x00000000   Code   RO         4517    .ARM.Collect$$rtentry$$0000000C  c_w.l(__rtentry2.o)
    0x0800021e   0x00000008   Code   RO         4518    .ARM.Collect$$rtentry$$0000000D  c_w.l(__rtentry2.o)
    0x08000226   0x00000002   Code   RO         4594    .ARM.Collect$$rtexit$$00000000  c_w.l(rtexit.o)
    0x08000228   0x00000000   Code   RO         4647    .ARM.Collect$$rtexit$$00000002  c_w.l(rtexit2.o)
    0x08000228   0x00000004   Code   RO         4648    .ARM.Collect$$rtexit$$00000003  c_w.l(rtexit2.o)
    0x0800022c   0x00000006   Code   RO         4649    .ARM.Collect$$rtexit$$00000004  c_w.l(rtexit2.o)
    0x08000232   0x00000002   PAD
    0x08000234   0x00000040   Code   RO          294    .text               startup_stm32f10x_md.o
    0x08000274   0x000000b4   Code   RO         4358    .text               os_cpu_a.o
    0x08000328   0x00000002   Code   RO         4363    .text               c_w.l(use_no_semi_2.o)
    0x0800032a   0x00000002   PAD
    0x0800032c   0x00000024   Code   RO         4365    .text               c_w.l(c89vsprintf.o)
    0x08000350   0x00000018   Code   RO         4367    .text               c_w.l(__2printf.o)
    0x08000368   0x0000002c   Code   RO         4369    .text               c_w.l(__2sprintf.o)
    0x08000394   0x00000052   Code   RO         4377    .text               c_w.l(_printf_str.o)
    0x080003e6   0x00000002   PAD
    0x080003e8   0x00000078   Code   RO         4379    .text               c_w.l(_printf_dec.o)
    0x08000460   0x00000188   Code   RO         4398    .text               c_w.l(__printf_flags_ss_wp.o)
    0x080005e8   0x00000024   Code   RO         4404    .text               c_w.l(strstr.o)
    0x0800060c   0x0000003e   Code   RO         4406    .text               c_w.l(strlen.o)
    0x0800064a   0x00000044   Code   RO         4408    .text               c_w.l(rt_memclr.o)
    0x0800068e   0x00000006   Code   RO         4410    .text               c_w.l(heapauxi.o)
    0x08000694   0x00000002   Code   RO         4428    .text               c_w.l(use_no_semi.o)
    0x08000696   0x0000004e   Code   RO         4431    .text               c_w.l(_printf_pad.o)
    0x080006e4   0x00000024   Code   RO         4433    .text               c_w.l(_printf_truncate.o)
    0x08000708   0x000000b2   Code   RO         4435    .text               c_w.l(_printf_intcommon.o)
    0x080007ba   0x00000028   Code   RO         4437    .text               c_w.l(_printf_charcount.o)
    0x080007e2   0x00000002   PAD
    0x080007e4   0x00000030   Code   RO         4439    .text               c_w.l(_printf_char_common.o)
    0x08000814   0x0000000a   Code   RO         4441    .text               c_w.l(_sputc.o)
    0x0800081e   0x0000002c   Code   RO         4443    .text               c_w.l(_printf_char.o)
    0x0800084a   0x00000002   PAD
    0x0800084c   0x00000024   Code   RO         4445    .text               c_w.l(_printf_char_file.o)
    0x08000870   0x000000bc   Code   RO         4447    .text               c_w.l(_printf_wctomb.o)
    0x0800092c   0x0000007c   Code   RO         4450    .text               c_w.l(_printf_longlong_dec.o)
    0x080009a8   0x00000070   Code   RO         4456    .text               c_w.l(_printf_oct_int_ll.o)
    0x08000a18   0x00000094   Code   RO         4476    .text               c_w.l(_printf_hex_int_ll_ptr.o)
    0x08000aac   0x0000004e   Code   RO         4500    .text               c_w.l(rt_memclr_w.o)
    0x08000afa   0x0000008a   Code   RO         4526    .text               c_w.l(lludiv10.o)
    0x08000b84   0x0000041a   Code   RO         4528    .text               c_w.l(_printf_fp_dec.o)
    0x08000f9e   0x0000002c   Code   RO         4532    .text               c_w.l(_printf_wchar.o)
    0x08000fca   0x00000008   Code   RO         4534    .text               c_w.l(ferror.o)
    0x08000fd2   0x00000040   Code   RO         4538    .text               c_w.l(_wcrtomb.o)
    0x08001012   0x0000004a   Code   RO         4540    .text               c_w.l(sys_stackheap_outer.o)
    0x0800105c   0x00000010   Code   RO         4542    .text               c_w.l(rt_ctype_table.o)
    0x0800106c   0x00000008   Code   RO         4547    .text               c_w.l(rt_locale_intlibspace.o)
    0x08001074   0x00000080   Code   RO         4549    .text               c_w.l(_printf_fp_infnan.o)
    0x080010f4   0x000000dc   Code   RO         4551    .text               c_w.l(bigflt0.o)
    0x080011d0   0x00000012   Code   RO         4579    .text               c_w.l(exit.o)
    0x080011e2   0x00000002   PAD
    0x080011e4   0x00000008   Code   RO         4591    .text               c_w.l(libspace.o)
    0x080011ec   0x00000080   Code   RO         4599    .text               c_w.l(strcmpv7m.o)
    0x0800126c   0x0000003e   Code   RO         4554    CL$$btod_d2e        c_w.l(btod.o)
    0x080012aa   0x00000046   Code   RO         4556    CL$$btod_d2e_denorm_low  c_w.l(btod.o)
    0x080012f0   0x00000060   Code   RO         4555    CL$$btod_d2e_norm_op1  c_w.l(btod.o)
    0x08001350   0x00000338   Code   RO         4564    CL$$btod_div_common  c_w.l(btod.o)
    0x08001688   0x000000c6   Code   RO         4561    CL$$btod_e2e        c_w.l(btod.o)
    0x0800174e   0x00000028   Code   RO         4558    CL$$btod_ediv       c_w.l(btod.o)
    0x08001776   0x00000028   Code   RO         4557    CL$$btod_emul       c_w.l(btod.o)
    0x0800179e   0x00000244   Code   RO         4563    CL$$btod_mult_common  c_w.l(btod.o)
    0x080019e2   0x00000002   PAD
    0x080019e4   0x00000038   Code   RO         3315    i.BEEP_init         beep.o
    0x08001a1c   0x00000004   Code   RO          195    i.BusFault_Handler  stm32f10x_it.o
    0x08001a20   0x0000000e   Code   RO            1    i.Contrl_task       main.o
    0x08001a2e   0x00000002   PAD
    0x08001a30   0x00000064   Code   RO         3384    i.DHT11_Check       dht11.o
    0x08001a94   0x0000003c   Code   RO         3385    i.DHT11_Init        dht11.o
    0x08001ad0   0x0000004c   Code   RO         3386    i.DHT11_Read_Bit    dht11.o
    0x08001b1c   0x0000001e   Code   RO         3387    i.DHT11_Read_Byte   dht11.o
    0x08001b3a   0x00000058   Code   RO         3388    i.DHT11_Read_Data   dht11.o
    0x08001b92   0x00000002   PAD
    0x08001b94   0x00000040   Code   RO         3389    i.DHT11_Rst         dht11.o
    0x08001bd4   0x00000064   Code   RO         3327    i.DS18B20_Check     ds18b20.o
    0x08001c38   0x00000040   Code   RO         3329    i.DS18B20_Init      ds18b20.o
    0x08001c78   0x0000006c   Code   RO         3332    i.DS18B20_Rst       ds18b20.o
    0x08001ce4   0x00000002   Code   RO          196    i.DebugMon_Handler  stm32f10x_it.o
    0x08001ce6   0x00000116   Code   RO         1475    i.GPIO_Init         stm32f10x_gpio.o
    0x08001dfc   0x00000004   Code   RO         1482    i.GPIO_ResetBits    stm32f10x_gpio.o
    0x08001e00   0x00000004   Code   RO         1483    i.GPIO_SetBits      stm32f10x_gpio.o
    0x08001e04   0x00000004   Code   RO          197    i.HardFault_Handler  stm32f10x_it.o
    0x08001e08   0x00000034   Code   RO         3291    i.LED_init          led.o
    0x08001e3c   0x00000004   Code   RO          198    i.MemManage_Handler  stm32f10x_it.o
    0x08001e40   0x00000002   Code   RO          199    i.NMI_Handler       stm32f10x_it.o
    0x08001e42   0x00000002   PAD
    0x08001e44   0x00000070   Code   RO          298    i.NVIC_Init         misc.o
    0x08001eb4   0x00000014   Code   RO          299    i.NVIC_PriorityGroupConfig  misc.o
    0x08001ec8   0x0000002c   Code   RO         3642    i.OSInit            os_core.o
    0x08001ef4   0x00000002   Code   RO         4276    i.OSInitHookBegin   os_cpu_c.o
    0x08001ef6   0x00000002   Code   RO         4277    i.OSInitHookEnd     os_cpu_c.o
    0x08001ef8   0x00000024   Code   RO         3643    i.OSIntEnter        os_core.o
    0x08001f1c   0x00000090   Code   RO         3644    i.OSIntExit         os_core.o
    0x08001fac   0x00000040   Code   RO         3645    i.OSSchedLock       os_core.o
    0x08001fec   0x00000060   Code   RO         3646    i.OSSchedUnlock     os_core.o
    0x0800204c   0x00000048   Code   RO         3647    i.OSStart           os_core.o
    0x08002094   0x00000002   Code   RO         4278    i.OSTCBInitHook     os_cpu_c.o
    0x08002096   0x00000002   PAD
    0x08002098   0x000000a0   Code   RO         4139    i.OSTaskCreate      os_task.o
    0x08002138   0x000000b8   Code   RO         4140    i.OSTaskCreateExt   os_task.o
    0x080021f0   0x00000002   Code   RO         4279    i.OSTaskCreateHook  os_cpu_c.o
    0x080021f2   0x00000002   Code   RO         4281    i.OSTaskIdleHook    os_cpu_c.o
    0x080021f4   0x00000070   Code   RO         4144    i.OSTaskNameSet     os_task.o
    0x08002264   0x00000002   Code   RO         4283    i.OSTaskStatHook    os_cpu_c.o
    0x08002266   0x00000002   PAD
    0x08002268   0x0000008c   Code   RO         4149    i.OSTaskStkChk      os_task.o
    0x080022f4   0x0000009a   Code   RO         4284    i.OSTaskStkInit     os_cpu_c.o
    0x0800238e   0x00000002   PAD
    0x08002390   0x000000a8   Code   RO         4150    i.OSTaskSuspend     os_task.o
    0x08002438   0x00000002   Code   RO         4285    i.OSTaskSwHook      os_cpu_c.o
    0x0800243a   0x00000002   PAD
    0x0800243c   0x00000078   Code   RO         4234    i.OSTimeDly         os_time.o
    0x080024b4   0x000000ec   Code   RO         3649    i.OSTimeTick        os_core.o
    0x080025a0   0x00000002   Code   RO         4286    i.OSTimeTickHook    os_cpu_c.o
    0x080025a2   0x00000002   PAD
    0x080025a4   0x00000058   Code   RO         3833    i.OS_FlagInit       os_flag.o
    0x080025fc   0x00000054   Code   RO         3656    i.OS_InitEventList  os_core.o
    0x08002650   0x00000054   Code   RO         3657    i.OS_InitMisc       os_core.o
    0x080026a4   0x00000044   Code   RO         3658    i.OS_InitRdyList    os_core.o
    0x080026e8   0x00000080   Code   RO         3659    i.OS_InitTCBList    os_core.o
    0x08002768   0x00000050   Code   RO         3660    i.OS_InitTaskIdle   os_core.o
    0x080027b8   0x00000050   Code   RO         3661    i.OS_InitTaskStat   os_core.o
    0x08002808   0x00000012   Code   RO         3662    i.OS_MemClr         os_core.o
    0x0800281a   0x00000002   PAD
    0x0800281c   0x00000050   Code   RO         4022    i.OS_QInit          os_q.o
    0x0800286c   0x00000074   Code   RO         3664    i.OS_Sched          os_core.o
    0x080028e0   0x0000002c   Code   RO         3665    i.OS_SchedNew       os_core.o
    0x0800290c   0x00000134   Code   RO         3667    i.OS_TCBInit        os_core.o
    0x08002a40   0x00000028   Code   RO         3668    i.OS_TaskIdle       os_core.o
    0x08002a68   0x00000088   Code   RO         3669    i.OS_TaskStat       os_core.o
    0x08002af0   0x0000003c   Code   RO         3670    i.OS_TaskStatStkChk  os_core.o
    0x08002b2c   0x0000001a   Code   RO         4152    i.OS_TaskStkClr     os_task.o
    0x08002b46   0x00000002   PAD
    0x08002b48   0x00000020   Code   RO         1893    i.RCC_APB2PeriphClockCmd  stm32f10x_rcc.o
    0x08002b68   0x000000d4   Code   RO         1901    i.RCC_GetClocksFreq  stm32f10x_rcc.o
    0x08002c3c   0x00000002   Code   RO          200    i.SVC_Handler       stm32f10x_it.o
    0x08002c3e   0x00000008   Code   RO          246    i.SetSysClock       system_stm32f10x.o
    0x08002c46   0x00000002   PAD
    0x08002c48   0x000000e0   Code   RO          247    i.SetSysClockTo72   system_stm32f10x.o
    0x08002d28   0x00000028   Code   RO          302    i.SysTick_CLKSourceConfig  misc.o
    0x08002d50   0x0000001c   Code   RO         3514    i.SysTick_Handler   delay.o
    0x08002d6c   0x00000060   Code   RO          249    i.SystemInit        system_stm32f10x.o
    0x08002dcc   0x00000090   Code   RO         3592    i.USART1_IRQHandler  usart.o
    0x08002e5c   0x00000018   Code   RO         3061    i.USART_Cmd         stm32f10x_usart.o
    0x08002e74   0x0000001a   Code   RO         3064    i.USART_GetFlagStatus  stm32f10x_usart.o
    0x08002e8e   0x00000054   Code   RO         3065    i.USART_GetITStatus  stm32f10x_usart.o
    0x08002ee2   0x0000004a   Code   RO         3067    i.USART_ITConfig    stm32f10x_usart.o
    0x08002f2c   0x000000d8   Code   RO         3068    i.USART_Init        stm32f10x_usart.o
    0x08003004   0x0000000a   Code   RO         3075    i.USART_ReceiveData  stm32f10x_usart.o
    0x0800300e   0x00000008   Code   RO         3078    i.USART_SendData    stm32f10x_usart.o
    0x08003016   0x00000004   Code   RO          201    i.UsageFault_Handler  stm32f10x_it.o
    0x0800301a   0x00000028   Code   RO         4589    i.__ARM_fpclassify  m_ws.l(fpclassify.o)
    0x08003042   0x0000000e   Code   RO         4391    i._is_digit         c_w.l(__printf_wp.o)
    0x08003050   0x00000006   Code   RO         3593    i._sys_exit         usart.o
    0x08003056   0x00000002   PAD
    0x08003058   0x00000034   Code   RO         3428    i.atk_8266_check_cmd  wifi.o
    0x0800308c   0x00000070   Code   RO         3430    i.atk_8266_quit_trans  wifi.o
    0x080030fc   0x00000060   Code   RO         3431    i.atk_8266_send_cmd  wifi.o
    0x0800315c   0x00000064   Code   RO         3433    i.client_init       wifi.o
    0x080031c0   0x0000000e   Code   RO         3434    i.client_send       wifi.o
    0x080031ce   0x00000002   PAD
    0x080031d0   0x00000010   Code   RO         3292    i.closeled          led.o
    0x080031e0   0x00000098   Code   RO            2    i.connectPISER      main.o
    0x08003278   0x0000005c   Code   RO         3515    i.delay_init        delay.o
    0x080032d4   0x00000050   Code   RO         3516    i.delay_ms          delay.o
    0x08003324   0x00000008   Code   RO         3517    i.delay_osschedlock  delay.o
    0x0800332c   0x00000008   Code   RO         3518    i.delay_osschedunlock  delay.o
    0x08003334   0x0000000c   Code   RO         3519    i.delay_ostimedly   delay.o
    0x08003340   0x0000005c   Code   RO         3520    i.delay_us          delay.o
    0x0800339c   0x000000c0   Code   RO            3    i.drSTATUS_task     main.o
    0x0800345c   0x00000058   Code   RO            4    i.driverinit        main.o
    0x080034b4   0x00000070   Code   RO         3435    i.esp_8662_init     wifi.o
    0x08003524   0x0000001c   Code   RO         3594    i.fputc             usart.o
    0x08003540   0x00000028   Code   RO            5    i.main              main.o
    0x08003568   0x00000010   Code   RO         3293    i.openled           led.o
    0x08003578   0x0000015c   Code   RO         3436    i.receive_server    wifi.o
    0x080036d4   0x00000058   Code   RO            6    i.start_task        main.o
    0x0800372c   0x00000060   Code   RO            7    i.transmission_task  main.o
    0x0800378c   0x00000050   Code   RO         3595    i.u_printf          usart.o
    0x080037dc   0x000000ac   Code   RO         3596    i.uart_init         usart.o
    0x08003888   0x0000002c   Code   RO         4577    locale$$code        c_w.l(lc_numeric_c.o)
    0x080038b4   0x0000002c   Code   RO         4597    locale$$code        c_w.l(lc_ctype_c.o)
    0x080038e0   0x00000004   Code   RO         4508    x$fpl$printf1       fz_ws.l(printf1.o)
    0x080038e4   0x00000000   Code   RO         4510    x$fpl$usenofp       fz_ws.l(usenofp.o)
    0x080038e4   0x00000100   Data   RO         3672    .constdata          os_core.o
    0x080039e4   0x00000011   Data   RO         4399    .constdata          c_w.l(__printf_flags_ss_wp.o)
    0x080039f5   0x00000003   PAD
    0x080039f8   0x00000008   Data   RO         4448    .constdata          c_w.l(_printf_wctomb.o)
    0x08003a00   0x00000028   Data   RO         4477    .constdata          c_w.l(_printf_hex_int_ll_ptr.o)
    0x08003a28   0x00000094   Data   RO         4552    .constdata          c_w.l(bigflt0.o)
    0x08003abc   0x000000b5   Data   RO         3437    .conststring        wifi.o
    0x08003b71   0x00000003   PAD
    0x08003b74   0x00000020   Data   RO         4719    Region$$Table       anon$$obj.o
    0x08003b94   0x0000001c   Data   RO         4576    locale$$data        c_w.l(lc_numeric_c.o)
    0x08003bb0   0x00000110   Data   RO         4596    locale$$data        c_w.l(lc_ctype_c.o)


    Execution Region RW_IRAM1 (Base: 0x20000000, Size: 0x00001fa8, Max: 0x00005000, ABSOLUTE)

    Base Addr    Size         Type   Attr      Idx    E Section Name        Object

    0x20000000   0x00000003   Data   RW            9    .data               main.o
    0x20000003   0x00000001   PAD
    0x20000004   0x00000014   Data   RW          250    .data               system_stm32f10x.o
    0x20000018   0x00000014   Data   RW         1921    .data               stm32f10x_rcc.o
    0x2000002c   0x00000048   Data   RW         3438    .data               wifi.o
    0x20000074   0x00000004   Data   RW         3521    .data               delay.o
    0x20000078   0x00000006   Data   RW         3598    .data               usart.o
    0x2000007e   0x00000002   PAD
    0x20000080   0x00000048   Data   RW         3673    .data               os_core.o
    0x200000c8   0x00000400   Zero   RW            8    .bss                main.o
    0x200004c8   0x00000a00   Zero   RW         3597    .bss                usart.o
    0x20000ec8   0x00000a80   Zero   RW         3671    .bss                os_core.o
    0x20001948   0x00000060   Zero   RW         4592    .bss                c_w.l(libspace.o)
    0x200019a8   0x00000200   Zero   RW          292    HEAP                startup_stm32f10x_md.o
    0x20001ba8   0x00000400   Zero   RW          291    STACK               startup_stm32f10x_md.o


==============================================================================

Image component sizes


      Code (inc. data)   RO Data    RW Data    ZI Data      Debug   Object Name

        56          6          0          0          0        492   beep.o
         0          0          0          0          0         32   core_cm3.o
       320         40          0          4          0       3861   delay.o
       418         32          0          0          0       3856   dht11.o
       272         26          0          0          0       1737   ds18b20.o
        84         14          0          0          0       1368   led.o
       670        250          0          3       1024     242337   main.o
       172         22          0          0          0     205473   misc.o
      1938        382        256         72       2688      19327   os_core.o
       180         36          0          0          0        336   os_cpu_a.o
       170          0          0          0          0      12863   os_cpu_c.o
        88         14          0          0          0        598   os_flag.o
        80          8          0          0          0        567   os_q.o
       790         64          0          0          0       5460   os_task.o
       120         20          0          0          0        632   os_time.o
        64         26        236          0       1536        804   startup_stm32f10x_md.o
       286          0          0          0          0       3064   stm32f10x_gpio.o
        22          0          0          0          0       2943   stm32f10x_it.o
       244         26          0         20          0       3893   stm32f10x_rcc.o
       442          6          0          0          0       6233   stm32f10x_usart.o
       328         28          0         20          0       2117   system_stm32f10x.o
       430         40          0          6       2560       5508   usart.o
       834        246        181         72          0       5520   wifi.o

    ----------------------------------------------------------------------
      8034       1286        708        200       7808     529021   Object Totals
         0          0         32          0          0          0   (incl. Generated)
        26          0          3          3          0          0   (incl. Padding)

    ----------------------------------------------------------------------

      Code (inc. data)   RO Data    RW Data    ZI Data      Debug   Library Member Name

        24          4          0          0          0         84   __2printf.o
        44          6          0          0          0         84   __2sprintf.o
         8          0          0          0          0         68   __main.o
       392          4         17          0          0         92   __printf_flags_ss_wp.o
        14          0          0          0          0         68   __printf_wp.o
         0          0          0          0          0          0   __rtentry.o
        12          0          0          0          0          0   __rtentry2.o
         6          0          0          0          0          0   __rtentry4.o
        52          8          0          0          0          0   __scatter.o
        26          0          0          0          0          0   __scatter_copy.o
        28          0          0          0          0          0   __scatter_zi.o
         6          0          0          0          0          0   _printf_a.o
         6          0          0          0          0          0   _printf_c.o
        44          0          0          0          0        108   _printf_char.o
        48          6          0          0          0         96   _printf_char_common.o
        36          4          0          0          0         80   _printf_char_file.o
        40          0          0          0          0         68   _printf_charcount.o
         6          0          0          0          0          0   _printf_d.o
       120         16          0          0          0         92   _printf_dec.o
         6          0          0          0          0          0   _printf_e.o
         6          0          0          0          0          0   _printf_f.o
      1050          0          0          0          0        216   _printf_fp_dec.o
       128         16          0          0          0         84   _printf_fp_infnan.o
         6          0          0          0          0          0   _printf_g.o
       148          4         40          0          0        160   _printf_hex_int_ll_ptr.o
         6          0          0          0          0          0   _printf_i.o
       178          0          0          0          0         88   _printf_intcommon.o
        10          0          0          0          0          0   _printf_l.o
         6          0          0          0          0          0   _printf_lc.o
        10          0          0          0          0          0   _printf_ll.o
         6          0          0          0          0          0   _printf_lld.o
         6          0          0          0          0          0   _printf_lli.o
         6          0          0          0          0          0   _printf_llo.o
         6          0          0          0          0          0   _printf_llu.o
         6          0          0          0          0          0   _printf_llx.o
       124         16          0          0          0         92   _printf_longlong_dec.o
         6          0          0          0          0          0   _printf_ls.o
         6          0          0          0          0          0   _printf_n.o
         6          0          0          0          0          0   _printf_o.o
       112          8          0          0          0        124   _printf_oct_int_ll.o
         6          0          0          0          0          0   _printf_p.o
        78          0          0          0          0        108   _printf_pad.o
         0          0          0          0          0          0   _printf_percent.o
         4          0          0          0          0          0   _printf_percent_end.o
         6          0          0          0          0          0   _printf_s.o
        82          0          0          0          0         80   _printf_str.o
        36          0          0          0          0         84   _printf_truncate.o
         6          0          0          0          0          0   _printf_u.o
        44          0          0          0          0        108   _printf_wchar.o
       188          6          8          0          0         92   _printf_wctomb.o
         6          0          0          0          0          0   _printf_x.o
        10          0          0          0          0         68   _sputc.o
        64          0          0          0          0         92   _wcrtomb.o
       220          4        148          0          0         96   bigflt0.o
      1910        128          0          0          0        672   btod.o
        36          4          0          0          0         76   c89vsprintf.o
        18          0          0          0          0         80   exit.o
         8          0          0          0          0         68   ferror.o
         6          0          0          0          0        152   heapauxi.o
        44         10        272          0          0         76   lc_ctype_c.o
        44         10         28          0          0         76   lc_numeric_c.o
         2          0          0          0          0          0   libinit.o
        30          0          0          0          0          0   libinit2.o
         2          0          0          0          0          0   libshutdown.o
         2          0          0          0          0          0   libshutdown2.o
         8          4          0          0         96         68   libspace.o
       138          0          0          0          0         80   lludiv10.o
        16          4          0          0          0         76   rt_ctype_table.o
         8          4          0          0          0         68   rt_locale_intlibspace.o
        68          0          0          0          0         68   rt_memclr.o
        78          0          0          0          0         80   rt_memclr_w.o
         2          0          0          0          0          0   rtexit.o
        10          0          0          0          0          0   rtexit2.o
       128          0          0          0          0         68   strcmpv7m.o
        62          0          0          0          0         76   strlen.o
        36          0          0          0          0         80   strstr.o
        74          0          0          0          0         80   sys_stackheap_outer.o
         2          0          0          0          0         68   use_no_semi.o
         2          0          0          0          0         68   use_no_semi_2.o
         4          0          0          0          0         68   printf1.o
         0          0          0          0          0          0   usenofp.o
        40          0          0          0          0         68   fpclassify.o

    ----------------------------------------------------------------------
      6294        266        516          0         96       4548   Library Totals
        16          0          3          0          0          0   (incl. Padding)

    ----------------------------------------------------------------------

      Code (inc. data)   RO Data    RW Data    ZI Data      Debug   Library Name

      6234        266        513          0         96       4412   c_w.l
         4          0          0          0          0         68   fz_ws.l
        40          0          0          0          0         68   m_ws.l

    ----------------------------------------------------------------------
      6294        266        516          0         96       4548   Library Totals

    ----------------------------------------------------------------------

==============================================================================


      Code (inc. data)   RO Data    RW Data    ZI Data      Debug   

     14328       1552       1224        200       7904     525973   Grand Totals
     14328       1552       1224        200       7904     525973   ELF Image Totals
     14328       1552       1224        200          0          0   ROM Totals

==============================================================================

    Total RO  Size (Code + RO Data)                15552 (  15.19kB)
    Total RW  Size (RW Data + ZI Data)              8104 (   7.91kB)
    Total ROM Size (Code + RO Data + RW Data)      15752 (  15.38kB)

==============================================================================

