Component: ARM Compiler 5.06 update 1 (build 61) Tool: armlink [4d35a8]

==============================================================================

Section Cross References

    main.o(i.Contrl_task) refers to wifi.o(i.receive_server) for receive_server
    main.o(i.Contrl_task) refers to key.o(i.getkey) for getkey
    main.o(i.Contrl_task) refers to stepper.o(i.steprightoneround) for steprightoneround
    main.o(i.Contrl_task) refers to stm32f10x_gpio.o(i.GPIO_ResetBits) for GPIO_ResetBits
    main.o(i.Contrl_task) refers to delay.o(i.delay_ms) for delay_ms
    main.o(i.Contrl_task) refers to stm32f10x_gpio.o(i.GPIO_SetBits) for GPIO_SetBits
    main.o(i.Contrl_task) refers to wifi.o(i.client_send) for client_send
    main.o(i.Contrl_task) refers to stepper.o(i.stepleftoneround) for stepleftoneround
    main.o(i.Contrl_task) refers to wifi.o(.data) for doorST
    main.o(i.connectPISER) refers to system_stm32f10x.o(i.SystemInit) for SystemInit
    main.o(i.connectPISER) refers to wifi.o(i.atk_8266_quit_trans) for atk_8266_quit_trans
    main.o(i.connectPISER) refers to wifi.o(i.esp_8662_init) for esp_8662_init
    main.o(i.connectPISER) refers to led.o(i.openled) for openled
    main.o(i.connectPISER) refers to wifi.o(i.atk_8266_send_cmd) for atk_8266_send_cmd
    main.o(i.connectPISER) refers to wifi.o(i.client_init) for client_init
    main.o(i.connectPISER) refers to led.o(i.closeled) for closeled
    main.o(i.connectPISER) refers to wifi.o(i.client_send) for client_send
    main.o(i.drSTATUS_task) refers to __2printf.o(.text) for __2printf
    main.o(i.drSTATUS_task) refers to delay.o(i.delay_ms) for delay_ms
    main.o(i.drSTATUS_task) refers to main.o(.data) for wifiST
    main.o(i.driverinit) refers to misc.o(i.NVIC_PriorityGroupConfig) for NVIC_PriorityGroupConfig
    main.o(i.driverinit) refers to delay.o(i.delay_init) for delay_init
    main.o(i.driverinit) refers to usart.o(i.uart_init) for uart_init
    main.o(i.driverinit) refers to led.o(i.LED_init) for LED_init
    main.o(i.driverinit) refers to beep.o(i.BEEP_init) for BEEP_init
    main.o(i.driverinit) refers to stepper.o(i.STEPPER_init) for STEPPER_init
    main.o(i.driverinit) refers to main.o(i.connectPISER) for connectPISER
    main.o(i.driverinit) refers to delay.o(i.delay_ms) for delay_ms
    main.o(i.driverinit) refers to main.o(.data) for wifiST
    main.o(i.main) refers to main.o(i.driverinit) for driverinit
    main.o(i.main) refers to os_core.o(i.OSInit) for OSInit
    main.o(i.main) refers to os_task.o(i.OSTaskCreate) for OSTaskCreate
    main.o(i.main) refers to os_core.o(i.OSStart) for OSStart
    main.o(i.main) refers to main.o(.bss) for START_TASK_STK
    main.o(i.main) refers to main.o(i.start_task) for start_task
    main.o(i.start_task) refers to os_cpu_a.o(.text) for OS_CPU_SR_Save
    main.o(i.start_task) refers to os_task.o(i.OSTaskCreate) for OSTaskCreate
    main.o(i.start_task) refers to os_task.o(i.OSTaskSuspend) for OSTaskSuspend
    main.o(i.start_task) refers to main.o(.bss) for Contrl_TASK_STK
    main.o(i.start_task) refers to main.o(i.Contrl_task) for Contrl_task
    main.o(i.start_task) refers to main.o(i.drSTATUS_task) for drSTATUS_task
    system_stm32f10x.o(i.SetSysClock) refers to system_stm32f10x.o(i.SetSysClockTo72) for SetSysClockTo72
    system_stm32f10x.o(i.SystemCoreClockUpdate) refers to system_stm32f10x.o(.data) for SystemCoreClock
    system_stm32f10x.o(i.SystemInit) refers to system_stm32f10x.o(i.SetSysClock) for SetSysClock
    startup_stm32f10x_md.o(STACK) refers (Special) to heapauxi.o(.text) for __use_two_region_memory
    startup_stm32f10x_md.o(HEAP) refers (Special) to heapauxi.o(.text) for __use_two_region_memory
    startup_stm32f10x_md.o(RESET) refers (Special) to heapauxi.o(.text) for __use_two_region_memory
    startup_stm32f10x_md.o(RESET) refers to startup_stm32f10x_md.o(STACK) for __initial_sp
    startup_stm32f10x_md.o(RESET) refers to startup_stm32f10x_md.o(.text) for Reset_Handler
    startup_stm32f10x_md.o(RESET) refers to stm32f10x_it.o(i.NMI_Handler) for NMI_Handler
    startup_stm32f10x_md.o(RESET) refers to stm32f10x_it.o(i.HardFault_Handler) for HardFault_Handler
    startup_stm32f10x_md.o(RESET) refers to stm32f10x_it.o(i.MemManage_Handler) for MemManage_Handler
    startup_stm32f10x_md.o(RESET) refers to stm32f10x_it.o(i.BusFault_Handler) for BusFault_Handler
    startup_stm32f10x_md.o(RESET) refers to stm32f10x_it.o(i.UsageFault_Handler) for UsageFault_Handler
    startup_stm32f10x_md.o(RESET) refers to stm32f10x_it.o(i.SVC_Handler) for SVC_Handler
    startup_stm32f10x_md.o(RESET) refers to stm32f10x_it.o(i.DebugMon_Handler) for DebugMon_Handler
    startup_stm32f10x_md.o(RESET) refers to os_cpu_a.o(.text) for PendSV_Handler
    startup_stm32f10x_md.o(RESET) refers to delay.o(i.SysTick_Handler) for SysTick_Handler
    startup_stm32f10x_md.o(RESET) refers to usart.o(i.USART1_IRQHandler) for USART1_IRQHandler
[...]
    .text                                    0x080008f4   Section        0  _printf_oct_int_ll.o(.text)
    _printf_longlong_oct_internal            0x080008f5   Thumb Code     0  _printf_oct_int_ll.o(.text)
    .text                                    0x08000964   Section        0  _printf_hex_int_ll_ptr.o(.text)
    _printf_hex_common                       0x08000965   Thumb Code     0  _printf_hex_int_ll_ptr.o(.text)
    .text                                    0x080009f8   Section       78  rt_memclr_w.o(.text)
    .text                                    0x08000a46   Section      138  lludiv10.o(.text)
    .text                                    0x08000ad0   Section        0  _printf_intcommon.o(.text)
    .text                                    0x08000b82   Section        0  _printf_fp_dec.o(.text)
    _fp_digits                               0x08000b85   Thumb Code   428  _printf_fp_dec.o(.text)
    .text                                    0x08000f9c   Section        0  _printf_wchar.o(.text)
    .text                                    0x08000fc8   Section        0  ferror.o(.text)
    .text                                    0x08000fd0   Section        0  _wcrtomb.o(.text)
    .text                                    0x08001010   Section       74  sys_stackheap_outer.o(.text)
    .text                                    0x0800105c   Section       16  rt_ctype_table.o(.text)
    .text                                    0x0800106c   Section        8  rt_locale_intlibspace.o(.text)
    .text                                    0x08001074   Section        0  _printf_fp_infnan.o(.text)
    .text                                    0x080010f4   Section        0  bigflt0.o(.text)
    .text                                    0x080011d0   Section        0  exit.o(.text)
    .text                                    0x080011e4   Section        8  libspace.o(.text)
    .text                                    0x080011ec   Section      128  strcmpv7m.o(.text)
    CL$$btod_d2e                             0x0800126c   Section       62  btod.o(CL$$btod_d2e)
    CL$$btod_d2e_denorm_low                  0x080012aa   Section       70  btod.o(CL$$btod_d2e_denorm_low)
    CL$$btod_d2e_norm_op1                    0x080012f0   Section       96  btod.o(CL$$btod_d2e_norm_op1)
    CL$$btod_div_common                      0x08001350   Section      824  btod.o(CL$$btod_div_common)
    CL$$btod_e2e                             0x08001688   Section      198  btod.o(CL$$btod_e2e)
    CL$$btod_ediv                            0x0800174e   Section       40  btod.o(CL$$btod_ediv)
    CL$$btod_emul                            0x08001776   Section       40  btod.o(CL$$btod_emul)
    CL$$btod_mult_common                     0x0800179e   Section      580  btod.o(CL$$btod_mult_common)
    i.BEEP_init                              0x080019e4   Section        0  beep.o(i.BEEP_init)
    i.BusFault_Handler                       0x08001a1c   Section        0  stm32f10x_it.o(i.BusFault_Handler)
    i.Contrl_task                            0x08001a20   Section        0  main.o(i.Contrl_task)
    i.DebugMon_Handler                       0x08001ae4   Section        0  stm32f10x_it.o(i.DebugMon_Handler)
    i.GPIO_Init                              0x08001ae6   Section        0  stm32f10x_gpio.o(i.GPIO_Init)
    i.GPIO_ReadInputDataBit                  0x08001bfc   Section        0  stm32f10x_gpio.o(i.GPIO_ReadInputDataBit)
    i.GPIO_ResetBits                         0x08001c0e   Section        0  stm32f10x_gpio.o(i.GPIO_ResetBits)
    i.GPIO_SetBits                           0x08001c12   Section        0  stm32f10x_gpio.o(i.GPIO_SetBits)
    i.HardFault_Handler                      0x08001c16   Section        0  stm32f10x_it.o(i.HardFault_Handler)
    i.LED_init                               0x08001c1c   Section        0  led.o(i.LED_init)
    i.MemManage_Handler                      0x08001c54   Section        0  stm32f10x_it.o(i.MemManage_Handler)
    i.NMI_Handler                            0x08001c58   Section        0  stm32f10x_it.o(i.NMI_Handler)
    i.NVIC_Init                              0x08001c5c   Section        0  misc.o(i.NVIC_Init)
    i.NVIC_PriorityGroupConfig               0x08001ccc   Section        0  misc.o(i.NVIC_PriorityGroupConfig)
    i.OSInit                                 0x08001ce0   Section        0  os_core.o(i.OSInit)
    i.OSInitHookBegin                        0x08001d0c   Section        0  os_cpu_c.o(i.OSInitHookBegin)
    i.OSInitHookEnd                          0x08001d0e   Section        0  os_cpu_c.o(i.OSInitHookEnd)
    i.OSIntEnter                             0x08001d10   Section        0  os_core.o(i.OSIntEnter)
    i.OSIntExit                              0x08001d34   Section        0  os_core.o(i.OSIntExit)
    i.OSSchedLock                            0x08001dc4   Section        0  os_core.o(i.OSSchedLock)
    i.OSSchedUnlock                          0x08001e04   Section        0  os_core.o(i.OSSchedUnlock)
    i.OSStart                                0x08001e64   Section        0  os_core.o(i.OSStart)
    i.OSTCBInitHook                          0x08001eac   Section        0  os_cpu_c.o(i.OSTCBInitHook)
    i.OSTaskCreate                           0x08001eb0   Section        0  os_task.o(i.OSTaskCreate)
    i.OSTaskCreateExt                        0x08001f50   Section        0  os_task.o(i.OSTaskCreateExt)
    i.OSTaskCreateHook                       0x08002008   Section        0  os_cpu_c.o(i.OSTaskCreateHook)
    i.OSTaskIdleHook                         0x0800200a   Section        0  os_cpu_c.o(i.OSTaskIdleHook)
    i.OSTaskNameSet                          0x0800200c   Section        0  os_task.o(i.OSTaskNameSet)
    i.OSTaskStatHook                         0x0800207c   Section        0  os_cpu_c.o(i.OSTaskStatHook)
    i.OSTaskStkChk                           0x08002080   Section        0  os_task.o(i.OSTaskStkChk)
    i.OSTaskStkInit                          0x0800210c   Section        0  os_cpu_c.o(i.OSTaskStkInit)
    i.OSTaskSuspend                          0x080021a8   Section        0  os_task.o(i.OSTaskSuspend)
    i.OSTaskSwHook                           0x08002250   Section        0  os_cpu_c.o(i.OSTaskSwHook)
    i.OSTimeDly                              0x08002254   Section        0  os_time.o(i.OSTimeDly)
    i.OSTimeTick                             0x080022cc   Section        0  os_core.o(i.OSTimeTick)
    i.OSTimeTickHook                         0x080023b8   Section        0  os_cpu_c.o(i.OSTimeTickHook)
    i.OS_FlagInit                            0x080023bc   Section        0  os_flag.o(i.OS_FlagInit)
    i.OS_InitEventList                       0x08002414   Section        0  os_core.o(i.OS_InitEventList)
    OS_InitEventList                         0x08002415   Thumb Code    74  os_core.o(i.OS_InitEventList)
    i.OS_InitMisc                            0x08002468   Section        0  os_core.o(i.OS_InitMisc)
    OS_InitMisc                              0x08002469   Thumb Code    44  os_core.o(i.OS_InitMisc)
    i.OS_InitRdyList                         0x080024bc   Section        0  os_core.o(i.OS_InitRdyList)
    OS_InitRdyList                           0x080024bd   Thumb Code    44  os_core.o(i.OS_InitRdyList)
    i.OS_InitTCBList                         0x08002500   Section        0  os_core.o(i.OS_InitTCBList)
    OS_InitTCBList                           0x08002501   Thumb Code   106  os_core.o(i.OS_InitTCBList)
    i.OS_InitTaskIdle                        0x08002580   Section        0  os_core.o(i.OS_InitTaskIdle)
    OS_InitTaskIdle                          0x08002581   Thumb Code    50  os_core.o(i.OS_InitTaskIdle)
    i.OS_InitTaskStat                        0x080025d0   Section        0  os_core.o(i.OS_InitTaskStat)
    OS_InitTaskStat                          0x080025d1   Thumb Code    50  os_core.o(i.OS_InitTaskStat)
    i.OS_MemClr                              0x08002620   Section        0  os_core.o(i.OS_MemClr)
    i.OS_QInit                               0x08002634   Section        0  os_q.o(i.OS_QInit)
    i.OS_Sched                               0x08002684   Section        0  os_core.o(i.OS_Sched)
    i.OS_SchedNew                            0x080026f8   Section        0  os_core.o(i.OS_SchedNew)
    OS_SchedNew                              0x080026f9   Thumb Code    26  os_core.o(i.OS_SchedNew)
    i.OS_TCBInit                             0x08002724   Section        0  os_core.o(i.OS_TCBInit)
    i.OS_TaskIdle                            0x08002858   Section        0  os_core.o(i.OS_TaskIdle)
    i.OS_TaskStat                            0x08002880   Section        0  os_core.o(i.OS_TaskStat)
    i.OS_TaskStatStkChk                      0x08002908   Section        0  os_core.o(i.OS_TaskStatStkChk)
    i.OS_TaskStkClr                          0x08002944   Section        0  os_task.o(i.OS_TaskStkClr)
    i.RCC_APB2PeriphClockCmd                 0x08002960   Section        0  stm32f10x_rcc.o(i.RCC_APB2PeriphClockCmd)
    i.RCC_GetClocksFreq                      0x08002980   Section        0  stm32f10x_rcc.o(i.RCC_GetClocksFreq)
    i.STEPPER_init                           0x08002a54   Section        0  stepper.o(i.STEPPER_init)
    i.SVC_Handler                            0x08002ad0   Section        0  stm32f10x_it.o(i.SVC_Handler)
    i.SetSysClock                            0x08002ad2   Section        0  system_stm32f10x.o(i.SetSysClock)
    SetSysClock                              0x08002ad3   Thumb Code     8  system_stm32f10x.o(i.SetSysClock)
    i.SetSysClockTo72                        0x08002adc   Section        0  system_stm32f10x.o(i.SetSysClockTo72)
    SetSysClockTo72                          0x08002add   Thumb Code   214  system_stm32f10x.o(i.SetSysClockTo72)
    i.SysTick_CLKSourceConfig                0x08002bbc   Section        0  misc.o(i.SysTick_CLKSourceConfig)
    i.SysTick_Handler                        0x08002be4   Section        0  delay.o(i.SysTick_Handler)
    i.SystemInit                             0x08002c00   Section        0  system_stm32f10x.o(i.SystemInit)
    i.USART1_IRQHandler                      0x08002c60   Section        0  usart.o(i.USART1_IRQHandler)
    i.USART_Cmd                              0x08002cf0   Section        0  stm32f10x_usart.o(i.USART_Cmd)
    i.USART_GetFlagStatus                    0x08002d08   Section        0  stm32f10x_usart.o(i.USART_GetFlagStatus)
    i.USART_GetITStatus                      0x08002d22   Section        0  stm32f10x_usart.o(i.USART_GetITStatus)
    i.USART_ITConfig                         0x08002d76   Section        0  stm32f10x_usart.o(i.USART_ITConfig)
    i.USART_Init                             0x08002dc0   Section        0  stm32f10x_usart.o(i.USART_Init)
    i.USART_ReceiveData                      0x08002e98   Section        0  stm32f10x_usart.o(i.USART_ReceiveData)
    i.USART_SendData                         0x08002ea2   Section        0  stm32f10x_usart.o(i.USART_SendData)
    i.UsageFault_Handler                     0x08002eaa   Section        0  stm32f10x_it.o(i.UsageFault_Handler)
    i.__ARM_fpclassify                       0x08002eae   Section        0  fpclassify.o(i.__ARM_fpclassify)
    i._is_digit                              0x08002ed6   Section        0  __printf_wp.o(i._is_digit)
    i._sys_exit                              0x08002ee4   Section        0  usart.o(i._sys_exit)
    i.atk_8266_check_cmd                     0x08002eec   Section        0  wifi.o(i.atk_8266_check_cmd)
    i.atk_8266_quit_trans                    0x08002f20   Section        0  wifi.o(i.atk_8266_quit_trans)
    i.atk_8266_send_cmd                      0x08002f90   Section        0  wifi.o(i.atk_8266_send_cmd)
    i.client_init                            0x08002ff0   Section        0  wifi.o(i.client_init)
    i.client_send                            0x08003054   Section        0  wifi.o(i.client_send)
    i.closeled                               0x08003064   Section        0  led.o(i.closeled)
    i.connectPISER                           0x08003078   Section        0  main.o(i.connectPISER)
    i.delay_init                             0x08003118   Section        0  delay.o(i.delay_init)
    i.delay_ms                               0x08003174   Section        0  delay.o(i.delay_ms)
    i.delay_osschedlock                      0x080031c4   Section        0  delay.o(i.delay_osschedlock)
    i.delay_osschedunlock                    0x080031cc   Section        0  delay.o(i.delay_osschedunlock)
    i.delay_ostimedly                        0x080031d4   Section        0  delay.o(i.delay_ostimedly)
    i.delay_us                               0x080031e0   Section        0  delay.o(i.delay_us)
    i.drSTATUS_task                          0x0800323c   Section        0  main.o(i.drSTATUS_task)
    i.driverinit                             0x080032c8   Section        0  main.o(i.driverinit)
    i.esp_8662_init                          0x08003304   Section        0  wifi.o(i.esp_8662_init)
    i.fputc                                  0x08003374   Section        0  usart.o(i.fputc)
    i.getkey                                 0x08003390   Section        0  key.o(i.getkey)
    i.main                                   0x080033cc   Section        0  main.o(i.main)
    i.openled                                0x080033f4   Section        0  led.o(i.openled)
    i.receive_server                         0x08003408   Section        0  wifi.o(i.receive_server)
    i.start_task                             0x0800365c   Section        0  main.o(i.start_task)
    i.stepleftoneround                       0x080036a0   Section        0  stepper.o(i.stepleftoneround)
    i.stepper_left                           0x080036b4   Section        0  stepper.o(i.stepper_left)
    i.stepper_right                          0x08003754   Section        0  stepper.o(i.stepper_right)
    i.steprightoneround                      0x080037f4   Section        0  stepper.o(i.steprightoneround)
    i.u_printf                               0x08003808   Section        0  usart.o(i.u_printf)
    i.uart_init                              0x08003858   Section        0  usart.o(i.uart_init)
    locale$$code                             0x08003904   Section       44  lc_numeric_c.o(locale$$code)
    locale$$code                             0x08003930   Section       44  lc_ctype_c.o(locale$$code)
    x$fpl$printf1                            0x0800395c   Section        4  printf1.o(x$fpl$printf1)
    .constdata                               0x08003960   Section      256  os_core.o(.constdata)
    x$fpl$usenofp                            0x08003960   Section        0  usenofp.o(x$fpl$usenofp)
    .constdata                               0x08003a60   Section       17  __printf_flags_ss_wp.o(.constdata)
    maptable                                 0x08003a60   Data          17  __printf_flags_ss_wp.o(.constdata)
    .constdata                               0x08003a74   Section        8  _printf_wctomb.o(.constdata)
    initial_mbstate                          0x08003a74   Data           8  _printf_wctomb.o(.constdata)
    .constdata                               0x08003a7c   Section       40  _printf_hex_int_ll_ptr.o(.constdata)
    uc_hextab                                0x08003a7c   Data          20  _printf_hex_int_ll_ptr.o(.constdata)
    lc_hextab                                0x08003a90   Data          20  _printf_hex_int_ll_ptr.o(.constdata)
    .constdata                               0x08003aa4   Section      148  bigflt0.o(.constdata)
    tenpwrs_x                                0x08003aa4   Data          60  bigflt0.o(.constdata)
    tenpwrs_i                                0x08003ae0   Data          64  bigflt0.o(.constdata)
    .conststring                             0x08003b38   Section      181  wifi.o(.conststring)
    locale$$data                             0x08003c10   Section       28  lc_numeric_c.o(locale$$data)
    __lcnum_c_name                           0x08003c14   Data           2  lc_numeric_c.o(locale$$data)
    __lcnum_c_start                          0x08003c1c   Data           0  lc_numeric_c.o(locale$$data)
    __lcnum_c_point                          0x08003c28   Data           0  lc_numeric_c.o(locale$$data)
    __lcnum_c_thousands                      0x08003c2a   Data           0  lc_numeric_c.o(locale$$data)
    __lcnum_c_grouping                       0x08003c2b   Data           0  lc_numeric_c.o(locale$$data)
    locale$$data                             0x08003c2c   Section      272  lc_ctype_c.o(locale$$data)
    __lcnum_c_end                            0x08003c2c   Data           0  lc_numeric_c.o(locale$$data)
    __lcctype_c_name                         0x08003c30   Data           2  lc_ctype_c.o(locale$$data)
    __lcctype_c_start                        0x08003c38   Data           0  lc_ctype_c.o(locale$$data)
    __lcctype_c_end                          0x08003d3c   Data           0  lc_ctype_c.o(locale$$data)
    .data                                    0x20000000   Section        2  main.o(.data)
    .data                                    0x20000004   Section       20  system_stm32f10x.o(.data)
    .data                                    0x20000018   Section       20  stm32f10x_rcc.o(.data)
    APBAHBPrescTable                         0x20000018   Data          16  stm32f10x_rcc.o(.data)
    ADCPrescTable                            0x20000028   Data           4  stm32f10x_rcc.o(.data)
    .data                                    0x2000002c   Section       76  wifi.o(.data)
    .data                                    0x20000078   Section        4  delay.o(.data)
    fac_us                                   0x20000078   Data           1  delay.o(.data)
    fac_ms                                   0x2000007a   Data           2  delay.o(.data)
    .data                                    0x2000007c   Section        6  usart.o(.data)
    .data                                    0x20000084   Section       72  os_core.o(.data)
    .bss                                     0x200000cc   Section      768  main.o(.bss)
    .bss                                     0x200003cc   Section     2560  usart.o(.bss)
    .bss                                     0x20000dcc   Section     2688  os_core.o(.bss)
    .bss                                     0x2000184c   Section       96  libspace.o(.bss)
    HEAP                                     0x200018b0   Section      512  startup_stm32f10x_md.o(HEAP)
    Heap_Mem                                 0x200018b0   Data         512  startup_stm32f10x_md.o(HEAP)
    STACK                                    0x20001ab0   Section     1024  startup_stm32f10x_md.o(STACK)
    Stack_Mem                                0x20001ab0   Data        1024  startup_stm32f10x_md.o(STACK)
    __initial_sp                             0x20001eb0   Data           0  startup_stm32f10x_md.o(STACK)

    Global Symbols

    Symbol Name                              Value     Ov Type        Size  Object(Section)

    BuildAttributes$$THM_ISAv4$P$D$K$B$S$PE$A:L22UL41UL21$X:L11$S22US41US21$IEEE1$IW$USESV6$~STKCKD$USESV7$~SHL$OTIME$ROPI$IEEEJ$EBA8$UX$STANDARDLIB$REQ8$PRES8$EABIv2 0x00000000   Number         0  anon$$obj.o ABSOLUTE
    __ARM_use_no_argv                        0x00000000   Number         0  main.o ABSOLUTE
    _printf_flags                            0x00000000   Number         0  printf_stubs.o ABSOLUTE
    _printf_return_value                     0x00000000   Number         0  printf_stubs.o ABSOLUTE
    _printf_sizespec                         0x00000000   Number         0  printf_stubs.o ABSOLUTE
    _printf_widthprec                        0x00000000   Number         0  printf_stubs.o ABSOLUTE
    __ARM_exceptions_init                     - Undefined Weak Reference
    __alloca_initialize                       - Undefined Weak Reference
    __arm_preinit_                            - Undefined Weak Reference
    __cpp_initialize__aeabi_                  - Undefined Weak Reference
    __cxa_finalize                            - Undefined Weak Reference
    __sigvec_lookup                           - Undefined Weak Reference
    _atexit_init                              - Undefined Weak Reference
    _call_atexit_fns                          - Undefined Weak Reference
    _clock_init                               - Undefined Weak Reference
    _fp_trap_init                             - Undefined Weak Reference
    _fp_trap_shutdown                         - Undefined Weak Reference
    _get_lc_collate                           - Undefined Weak Reference
    _get_lc_monetary                          - Undefined Weak Reference
    _get_lc_time                              - Undefined Weak Reference
    _getenv_init                              - Undefined Weak Reference
    _handle_redirection                       - Undefined Weak Reference
    _init_alloc                               - Undefined Weak Reference
    _init_user_alloc                          - Undefined Weak Reference
    _initio                                   - Undefined Weak Reference
    _mutex_acquire                            - Undefined Weak Reference
    _mutex_release                            - Undefined Weak Reference
    _printf_fp_hex                            - Undefined Weak Reference
    _printf_mbtowc                            - Undefined Weak Reference
    _printf_wc                                - Undefined Weak Reference
    _rand_init                                - Undefined Weak Reference
    _signal_finish                            - Undefined Weak Reference
    _signal_init                              - Undefined Weak Reference
    _terminate_alloc                          - Undefined Weak Reference
    _terminate_user_alloc                     - Undefined Weak Reference
    _terminateio                              - Undefined Weak Reference
    __Vectors_Size                           0x000000ec   Number         0  startup_stm32f10x_md.o ABSOLUTE
    __Vectors                                0x08000000   Data           4  startup_stm32f10x_md.o(RESET)
    __Vectors_End                            0x080000ec   Data           0  startup_stm32f10x_md.o(RESET)
    __main                                   0x080000ed   Thumb Code     8  __main.o(!!!main)
    __scatterload                            0x080000f5   Thumb Code     0  __scatter.o(!!!scatter)
    __scatterload_rt2                        0x080000f5   Thumb Code    44  __scatter.o(!!!scatter)
    __scatterload_rt2_thumb_only             0x080000f5   Thumb Code     0  __scatter.o(!!!scatter)
    __scatterload_null                       0x08000103   Thumb Code     0  __scatter.o(!!!scatter)
    __scatterload_copy                       0x08000129   Thumb Code    26  __scatter_copy.o(!!handler_copy)
    __scatterload_zeroinit                   0x08000145   Thumb Code    28  __scatter_zi.o(!!handler_zi)
    _printf_n                                0x08000161   Thumb Code     0  _printf_n.o(.ARM.Collect$$_printf_percent$$00000001)
    _printf_percent                          0x08000161   Thumb Code     0  _printf_percent.o(.ARM.Collect$$_printf_percent$$00000000)
    _printf_p                                0x08000167   Thumb Code     0  _printf_p.o(.ARM.Collect$$_printf_percent$$00000002)
    _printf_f                                0x0800016d   Thumb Code     0  _printf_f.o(.ARM.Collect$$_printf_percent$$00000003)
    _printf_e                                0x08000173   Thumb Code     0  _printf_e.o(.ARM.Collect$$_printf_percent$$00000004)
    _printf_g                                0x08000179   Thumb Code     0  _printf_g.o(.ARM.Collect$$_printf_percent$$00000005)
    _printf_a                                0x0800017f   Thumb Code     0  _printf_a.o(.ARM.Collect$$_printf_percent$$00000006)
    _printf_ll                               0x08000185   Thumb Code     0  _printf_ll.o(.ARM.Collect$$_printf_percent$$00000007)
    _printf_i                                0x0800018f   Thumb Code     0  _printf_i.o(.ARM.Collect$$_printf_percent$$00000008)
    _printf_d                                0x08000195   Thumb Code     0  _printf_d.o(.ARM.Collect$$_printf_percent$$00000009)
    _printf_u                                0x0800019b   Thumb Code     0  _printf_u.o(.ARM.Collect$$_printf_percent$$0000000A)
    _printf_o                                0x080001a1   Thumb Code     0  _printf_o.o(.ARM.Collect$$_printf_percent$$0000000B)
    _printf_x                                0x080001a7   Thumb Code     0  _printf_x.o(.ARM.Collect$$_printf_percent$$0000000C)
    _printf_lli                              0x080001ad   Thumb Code     0  _printf_lli.o(.ARM.Collect$$_printf_percent$$0000000D)
    _printf_lld                              0x080001b3   Thumb Code     0  _printf_lld.o(.ARM.Collect$$_printf_percent$$0000000E)
    _printf_llu                              0x080001b9   Thumb Code     0  _printf_llu.o(.ARM.Collect$$_printf_percent$$0000000F)
    _printf_llo                              0x080001bf   Thumb Code     0  _printf_llo.o(.ARM.Collect$$_printf_percent$$00000010)
    _printf_llx                              0x080001c5   Thumb Code     0  _printf_llx.o(.ARM.Collect$$_printf_percent$$00000011)
    _printf_l                                0x080001cb   Thumb Code     0  _printf_l.o(.ARM.Collect$$_printf_percent$$00000012)
    _printf_c                                0x080001d5   Thumb Code     0  _printf_c.o(.ARM.Collect$$_printf_percent$$00000013)
    _printf_s                                0x080001db   Thumb Code     0  _printf_s.o(.ARM.Collect$$_printf_percent$$00000014)
    _printf_lc                               0x080001e1   Thumb Code     0  _printf_lc.o(.ARM.Collect$$_printf_percent$$00000015)
    _printf_ls                               0x080001e7   Thumb Code     0  _printf_ls.o(.ARM.Collect$$_printf_percent$$00000016)
    _printf_percent_end                      0x080001ed   Thumb Code     0  _printf_percent_end.o(.ARM.Collect$$_printf_percent$$00000017)
    __rt_lib_init                            0x080001f1   Thumb Code     0  libinit.o(.ARM.Collect$$libinit$$00000000)
    __rt_lib_init_fp_1                       0x080001f3   Thumb Code     0  libinit2.o(.ARM.Collect$$libinit$$00000002)
    __rt_lib_init_heap_1                     0x080001f3   Thumb Code     0  libinit2.o(.ARM.Collect$$libinit$$0000000A)
    __rt_lib_init_lc_common                  0x080001f3   Thumb Code     0  libinit2.o(.ARM.Collect$$libinit$$0000000F)
    __rt_lib_init_preinit_1                  0x080001f3   Thumb Code     0  libinit2.o(.ARM.Collect$$libinit$$00000004)
    __rt_lib_init_rand_1                     0x080001f3   Thumb Code     0  libinit2.o(.ARM.Collect$$libinit$$0000000E)
    __rt_lib_init_user_alloc_1               0x080001f3   Thumb Code     0  libinit2.o(.ARM.Collect$$libinit$$0000000C)
    __rt_lib_init_lc_collate_1               0x080001f9   Thumb Code     0  libinit2.o(.ARM.Collect$$libinit$$00000011)
    __rt_lib_init_lc_ctype_2                 0x080001f9   Thumb Code     0  libinit2.o(.ARM.Collect$$libinit$$00000012)
    __rt_lib_init_lc_ctype_1                 0x08000205   Thumb Code     0  libinit2.o(.ARM.Collect$$libinit$$00000013)
    __rt_lib_init_lc_monetary_1              0x08000205   Thumb Code     0  libinit2.o(.ARM.Collect$$libinit$$00000015)
    __rt_lib_init_lc_numeric_2               0x08000205   Thumb Code     0  libinit2.o(.ARM.Collect$$libinit$$00000016)
    __rt_lib_init_alloca_1                   0x0800020f   Thumb Code     0  libinit2.o(.ARM.Collect$$libinit$$0000002E)
    __rt_lib_init_argv_1                     0x0800020f   Thumb Code     0  libinit2.o(.ARM.Collect$$libinit$$0000002C)
    __rt_lib_init_atexit_1                   0x0800020f   Thumb Code     0  libinit2.o(.ARM.Collect$$libinit$$0000001B)
    __rt_lib_init_clock_1                    0x0800020f   Thumb Code     0  libinit2.o(.ARM.Collect$$libinit$$00000021)
    __rt_lib_init_cpp_1                      0x0800020f   Thumb Code     0  libinit2.o(.ARM.Collect$$libinit$$00000032)
    __rt_lib_init_exceptions_1               0x0800020f   Thumb Code     0  libinit2.o(.ARM.Collect$$libinit$$00000030)
    __rt_lib_init_fp_trap_1                  0x0800020f   Thumb Code     0  libinit2.o(.ARM.Collect$$libinit$$0000001F)
    __rt_lib_init_getenv_1                   0x0800020f   Thumb Code     0  libinit2.o(.ARM.Collect$$libinit$$00000023)
    __rt_lib_init_lc_numeric_1               0x0800020f   Thumb Code     0  libinit2.o(.ARM.Collect$$libinit$$00000017)
    __rt_lib_init_lc_time_1                  0x0800020f   Thumb Code     0  libinit2.o(.ARM.Collect$$libinit$$00000019)
    __rt_lib_init_return                     0x0800020f   Thumb Code     0  libinit2.o(.ARM.Collect$$libinit$$00000033)
    __rt_lib_init_signal_1                   0x0800020f   Thumb Code     0  libinit2.o(.ARM.Collect$$libinit$$0000001D)
    __rt_lib_init_stdio_1                    0x0800020f   Thumb Code     0  libinit2.o(.ARM.Collect$$libinit$$00000025)
    __rt_lib_shutdown                        0x08000211   Thumb Code     0  libshutdown.o(.ARM.Collect$$libshutdown$$00000000)
    __rt_lib_shutdown_cpp_1                  0x08000213   Thumb Code     0  libshutdown2.o(.ARM.Collect$$libshutdown$$00000002)
    __rt_lib_shutdown_fp_trap_1              0x08000213   Thumb Code     0  libshutdown2.o(.ARM.Collect$$libshutdown$$00000007)
    __rt_lib_shutdown_heap_1                 0x08000213   Thumb Code     0  libshutdown2.o(.ARM.Collect$$libshutdown$$0000000F)
    __rt_lib_shutdown_return                 0x08000213   Thumb Code     0  libshutdown2.o(.ARM.Collect$$libshutdown$$00000010)
    __rt_lib_shutdown_signal_1               0x08000213   Thumb Code     0  libshutdown2.o(.ARM.Collect$$libshutdown$$0000000A)
    __rt_lib_shutdown_stdio_1                0x08000213   Thumb Code     0  libshutdown2.o(.ARM.Collect$$libshutdown$$00000004)
    __rt_lib_shutdown_user_alloc_1           0x08000213   Thumb Code     0  libshutdown2.o(.ARM.Collect$$libshutdown$$0000000C)
    __rt_entry                               0x08000215   Thumb Code     0  __rtentry.o(.ARM.Collect$$rtentry$$00000000)
    __rt_entry_presh_1                       0x08000215   Thumb Code     0  __rtentry2.o(.ARM.Collect$$rtentry$$00000002)
    __rt_entry_sh                            0x08000215   Thumb Code     0  __rtentry4.o(.ARM.Collect$$rtentry$$00000004)
    __rt_entry_li                            0x0800021b   Thumb Code     0  __rtentry2.o(.ARM.Collect$$rtentry$$0000000A)
    __rt_entry_postsh_1                      0x0800021b   Thumb Code     0  __rtentry2.o(.ARM.Collect$$rtentry$$00000009)
    __rt_entry_main                          0x0800021f   Thumb Code     0  __rtentry2.o(.ARM.Collect$$rtentry$$0000000D)
    __rt_entry_postli_1                      0x0800021f   Thumb Code     0  __rtentry2.o(.ARM.Collect$$rtentry$$0000000C)
    __rt_exit                                0x08000227   Thumb Code     0  rtexit.o(.ARM.Collect$$rtexit$$00000000)
    __rt_exit_ls                             0x08000229   Thumb Code     0  rtexit2.o(.ARM.Collect$$rtexit$$00000003)
    __rt_exit_prels_1                        0x08000229   Thumb Code     0  rtexit2.o(.ARM.Collect$$rtexit$$00000002)
    __rt_exit_exit                           0x0800022d   Thumb Code     0  rtexit2.o(.ARM.Collect$$rtexit$$00000004)
    Reset_Handler                            0x08000235   Thumb Code     8  startup_stm32f10x_md.o(.text)
    ADC1_2_IRQHandler                        0x0800024f   Thumb Code     0  startup_stm32f10x_md.o(.text)
    CAN1_RX1_IRQHandler                      0x0800024f   Thumb Code     0  startup_stm32f10x_md.o(.text)
    CAN1_SCE_IRQHandler                      0x0800024f   Thumb Code     0  startup_stm32f10x_md.o(.text)
    DMA1_Channel1_IRQHandler                 0x0800024f   Thumb Code     0  startup_stm32f10x_md.o(.text)
    DMA1_Channel2_IRQHandler                 0x0800024f   Thumb Code     0  startup_stm32f10x_md.o(.text)
    DMA1_Channel3_IRQHandler                 0x0800024f   Thumb Code     0  startup_stm32f10x_md.o(.text)
    DMA1_Channel4_IRQHandler                 0x0800024f   Thumb Code     0  startup_stm32f10x_md.o(.text)
    DMA1_Channel5_IRQHandler                 0x0800024f   Thumb Code     0  startup_stm32f10x_md.o(.text)
    DMA1_Channel6_IRQHandler                 0x0800024f   Thumb Code     0  startup_stm32f10x_md.o(.text)
    DMA1_Channel7_IRQHandler                 0x0800024f   Thumb Code     0  startup_stm32f10x_md.o(.text)
    EXTI0_IRQHandler                         0x0800024f   Thumb Code     0  startup_stm32f10x_md.o(.text)
    EXTI15_10_IRQHandler                     0x0800024f   Thumb Code     0  startup_stm32f10x_md.o(.text)
    EXTI1_IRQHandler                         0x0800024f   Thumb Code     0  startup_stm32f10x_md.o(.text)
    EXTI2_IRQHandler                         0x0800024f   Thumb Code     0  startup_stm32f10x_md.o(.text)
    EXTI3_IRQHandler                         0x0800024f   Thumb Code     0  startup_stm32f10x_md.o(.text)
    EXTI4_IRQHandler                         0x0800024f   Thumb Code     0  startup_stm32f10x_md.o(.text)
    EXTI9_5_IRQHandler                       0x0800024f   Thumb Code     0  startup_stm32f10x_md.o(.text)
    FLASH_IRQHandler                         0x0800024f   Thumb Code     0  startup_stm32f10x_md.o(.text)
    I2C1_ER_IRQHandler                       0x0800024f   Thumb Code     0  startup_stm32f10x_md.o(.text)
    I2C1_EV_IRQHandler                       0x0800024f   Thumb Code     0  startup_stm32f10x_md.o(.text)
    I2C2_ER_IRQHandler                       0x0800024f   Thumb Code     0  startup_stm32f10x_md.o(.text)
    I2C2_EV_IRQHandler                       0x0800024f   Thumb Code     0  startup_stm32f10x_md.o(.text)
    PVD_IRQHandler                           0x0800024f   Thumb Code     0  startup_stm32f10x_md.o(.text)
    RCC_IRQHandler                           0x0800024f   Thumb Code     0  startup_stm32f10x_md.o(.text)
    RTCAlarm_IRQHandler                      0x0800024f   Thumb Code     0  startup_stm32f10x_md.o(.text)
    RTC_IRQHandler                           0x0800024f   Thumb Code     0  startup_stm32f10x_md.o(.text)
    SPI1_IRQHandler                          0x0800024f   Thumb Code     0  startup_stm32f10x_md.o(.text)
    SPI2_IRQHandler                          0x0800024f   Thumb Code     0  startup_stm32f10x_md.o(.text)
    TAMPER_IRQHandler                        0x0800024f   Thumb Code     0  startup_stm32f10x_md.o(.text)
    TIM1_BRK_IRQHandler                      0x0800024f   Thumb Code     0  startup_stm32f10x_md.o(.text)
    TIM1_CC_IRQHandler                       0x0800024f   Thumb Code     0  startup_stm32f10x_md.o(.text)
    TIM1_TRG_COM_IRQHandler                  0x0800024f   Thumb Code     0  startup_stm32f10x_md.o(.text)
    TIM1_UP_IRQHandler                       0x0800024f   Thumb Code     0  startup_stm32f10x_md.o(.text)
    TIM2_IRQHandler                          0x0800024f   Thumb Code     0  startup_stm32f10x_md.o(.text)
    TIM3_IRQHandler                          0x0800024f   Thumb Code     0  startup_stm32f10x_md.o(.text)
    TIM4_IRQHandler                          0x0800024f   Thumb Code     0  startup_stm32f10x_md.o(.text)
    USART2_IRQHandler                        0x0800024f   Thumb Code     0  startup_stm32f10x_md.o(.text)
    USART3_IRQHandler                        0x0800024f   Thumb Code     0  startup_stm32f10x_md.o(.text)
    USBWakeUp_IRQHandler                     0x0800024f   Thumb Code     0  startup_stm32f10x_md.o(.text)
    USB_HP_CAN1_TX_IRQHandler                0x0800024f   Thumb Code     0  startup_stm32f10x_md.o(.text)
    USB_LP_CAN1_RX0_IRQHandler               0x0800024f   Thumb Code     0  startup_stm32f10x_md.o(.text)
    WWDG_IRQHandler                          0x0800024f   Thumb Code     0  startup_stm32f10x_md.o(.text)
    __user_initial_stackheap                 0x08000251   Thumb Code     0  startup_stm32f10x_md.o(.text)
    OS_CPU_SR_Save                           0x08000275   Thumb Code     0  os_cpu_a.o(.text)
    OS_CPU_SR_Restore                        0x0800027d   Thumb Code     0  os_cpu_a.o(.text)
    OSStartHighRdy                           0x08000283   Thumb Code     0  os_cpu_a.o(.text)
    OSCtxSw                                  0x080002a5   Thumb Code     0  os_cpu_a.o(.text)
    OSIntCtxSw                               0x080002b3   Thumb Code     0  os_cpu_a.o(.text)
    PendSV_Handler                           0x080002c3   Thumb Code     0  os_cpu_a.o(.text)
    __use_no_semihosting                     0x08000329   Thumb Code     2  use_no_semi_2.o(.text)
    __c89vsprintf                            0x0800032d   Thumb Code    32  c89vsprintf.o(.text)
    __2printf                                0x08000351   Thumb Code    20  __2printf.o(.text)
    __2sprintf                               0x08000369   Thumb Code    38  __2sprintf.o(.text)
    _printf_str                              0x08000395   Thumb Code    82  _printf_str.o(.text)
    __printf                                 0x080003e9   Thumb Code   388  __printf_flags_ss_wp.o(.text)
    strstr                                   0x08000571   Thumb Code    36  strstr.o(.text)
    strlen                                   0x08000595   Thumb Code    62  strlen.o(.text)
    __aeabi_memclr                           0x080005d3   Thumb Code     0  rt_memclr.o(.text)
    __rt_memclr                              0x080005d3   Thumb Code    68  rt_memclr.o(.text)
    _memset                                  0x080005d7   Thumb Code     0  rt_memclr.o(.text)
    __use_two_region_memory                  0x08000617   Thumb Code     2  heapauxi.o(.text)
    __rt_heap_escrow$2region                 0x08000619   Thumb Code     2  heapauxi.o(.text)
    __rt_heap_expand$2region                 0x0800061b   Thumb Code     2  heapauxi.o(.text)
    __I$use$semihosting                      0x0800061d   Thumb Code     0  use_no_semi.o(.text)
    __use_no_semihosting_swi                 0x0800061d   Thumb Code     2  use_no_semi.o(.text)
    _printf_pre_padding                      0x0800061f   Thumb Code    44  _printf_pad.o(.text)
    _printf_post_padding                     0x0800064b   Thumb Code    34  _printf_pad.o(.text)
    _printf_truncate_signed                  0x0800066d   Thumb Code    18  _printf_truncate.o(.text)
    _printf_truncate_unsigned                0x0800067f   Thumb Code    18  _printf_truncate.o(.text)
    _printf_int_dec                          0x08000691   Thumb Code   104  _printf_dec.o(.text)
    _printf_charcount                        0x08000709   Thumb Code    40  _printf_charcount.o(.text)
    _printf_char_common                      0x0800073b   Thumb Code    32  _printf_char_common.o(.text)
    _sputc                                   0x08000761   Thumb Code    10  _sputc.o(.text)
    _printf_cs_common                        0x0800076b   Thumb Code    20  _printf_char.o(.text)
    _printf_char                             0x0800077f   Thumb Code    16  _printf_char.o(.text)
    _printf_string                           0x0800078f   Thumb Code     8  _printf_char.o(.text)
    _printf_char_file                        0x08000799   Thumb Code    32  _printf_char_file.o(.text)
    _printf_wctomb                           0x080007bd   Thumb Code   182  _printf_wctomb.o(.text)
    _printf_longlong_dec                     0x08000879   Thumb Code   108  _printf_longlong_dec.o(.text)
    _printf_longlong_oct                     0x080008f5   Thumb Code    68  _printf_oct_int_ll.o(.text)
    _printf_int_oct                          0x08000939   Thumb Code    24  _printf_oct_int_ll.o(.text)
    _printf_ll_oct                           0x08000951   Thumb Code    12  _printf_oct_int_ll.o(.text)
    _printf_longlong_hex                     0x08000965   Thumb Code    86  _printf_hex_int_ll_ptr.o(.text)
    _printf_int_hex                          0x080009bb   Thumb Code    28  _printf_hex_int_ll_ptr.o(.text)
    _printf_ll_hex                           0x080009d7   Thumb Code    12  _printf_hex_int_ll_ptr.o(.text)
    _printf_hex_ptr                          0x080009e3   Thumb Code    18  _printf_hex_int_ll_ptr.o(.text)
    __aeabi_memclr4                          0x080009f9   Thumb Code     0  rt_memclr_w.o(.text)
    __aeabi_memclr8                          0x080009f9   Thumb Code     0  rt_memclr_w.o(.text)
    __rt_memclr_w                            0x080009f9   Thumb Code    78  rt_memclr_w.o(.text)
    _memset_w                                0x080009fd   Thumb Code     0  rt_memclr_w.o(.text)
    _ll_udiv10                               0x08000a47   Thumb Code   138  lludiv10.o(.text)
    _printf_int_common                       0x08000ad1   Thumb Code   178  _printf_intcommon.o(.text)
    __lib_sel_fp_printf                      0x08000b83   Thumb Code     2  _printf_fp_dec.o(.text)
    _printf_fp_dec_real                      0x08000d31   Thumb Code   620  _printf_fp_dec.o(.text)
    _printf_lcs_common                       0x08000f9d   Thumb Code    20  _printf_wchar.o(.text)
    _printf_wchar                            0x08000fb1   Thumb Code    16  _printf_wchar.o(.text)
    _printf_wstring                          0x08000fc1   Thumb Code     8  _printf_wchar.o(.text)
    ferror                                   0x08000fc9   Thumb Code     8  ferror.o(.text)
    _wcrtomb                                 0x08000fd1   Thumb Code    64  _wcrtomb.o(.text)
    __user_setup_stackheap                   0x08001011   Thumb Code    74  sys_stackheap_outer.o(.text)
    __rt_ctype_table                         0x0800105d   Thumb Code    16  rt_ctype_table.o(.text)
    __rt_locale                              0x0800106d   Thumb Code     8  rt_locale_intlibspace.o(.text)
    _printf_fp_infnan                        0x08001075   Thumb Code   112  _printf_fp_infnan.o(.text)
    _btod_etento                             0x080010f5   Thumb Code   216  bigflt0.o(.text)
    exit                                     0x080011d1   Thumb Code    18  exit.o(.text)
    __user_libspace                          0x080011e5   Thumb Code     8  libspace.o(.text)
    __user_perproc_libspace                  0x080011e5   Thumb Code     0  libspace.o(.text)
    __user_perthread_libspace                0x080011e5   Thumb Code     0  libspace.o(.text)
    strcmp                                   0x080011ed   Thumb Code   128  strcmpv7m.o(.text)
    _btod_d2e                                0x0800126d   Thumb Code    62  btod.o(CL$$btod_d2e)
    _d2e_denorm_low                          0x080012ab   Thumb Code    70  btod.o(CL$$btod_d2e_denorm_low)
    _d2e_norm_op1                            0x080012f1   Thumb Code    96  btod.o(CL$$btod_d2e_norm_op1)
    __btod_div_common                        0x08001351   Thumb Code   696  btod.o(CL$$btod_div_common)
    _e2e                                     0x08001689   Thumb Code   198  btod.o(CL$$btod_e2e)
    _btod_ediv                               0x0800174f   Thumb Code    40  btod.o(CL$$btod_ediv)
    _btod_emul                               0x08001777   Thumb Code    40  btod.o(CL$$btod_emul)
    __btod_mult_common                       0x0800179f   Thumb Code   580  btod.o(CL$$btod_mult_common)
    BEEP_init                                0x080019e5   Thumb Code    50  beep.o(i.BEEP_init)
    BusFault_Handler                         0x08001a1d   Thumb Code     4  stm32f10x_it.o(i.BusFault_Handler)
    Contrl_task                              0x08001a21   Thumb Code   130  main.o(i.Contrl_task)
    DebugMon_Handler                         0x08001ae5   Thumb Code     2  stm32f10x_it.o(i.DebugMon_Handler)
    GPIO_Init                                0x08001ae7   Thumb Code   278  stm32f10x_gpio.o(i.GPIO_Init)
    GPIO_ReadInputDataBit                    0x08001bfd   Thumb Code    18  stm32f10x_gpio.o(i.GPIO_ReadInputDataBit)
    GPIO_ResetBits                           0x08001c0f   Thumb Code     4  stm32f10x_gpio.o(i.GPIO_ResetBits)
    GPIO_SetBits                             0x08001c13   Thumb Code     4  stm32f10x_gpio.o(i.GPIO_SetBits)
    HardFault_Handler                        0x08001c17   Thumb Code     4  stm32f10x_it.o(i.HardFault_Handler)
    LED_init                                 0x08001c1d   Thumb Code    50  led.o(i.LED_init)
    MemManage_Handler                        0x08001c55   Thumb Code     4  stm32f10x_it.o(i.MemManage_Handler)
    NMI_Handler                              0x08001c59   Thumb Code     2  stm32f10x_it.o(i.NMI_Handler)
    NVIC_Init                                0x08001c5d   Thumb Code   100  misc.o(i.NVIC_Init)
    NVIC_PriorityGroupConfig                 0x08001ccd   Thumb Code    10  misc.o(i.NVIC_PriorityGroupConfig)
    OSInit                                   0x08001ce1   Thumb Code    44  os_core.o(i.OSInit)
    OSInitHookBegin                          0x08001d0d   Thumb Code     2  os_cpu_c.o(i.OSInitHookBegin)
    OSInitHookEnd                            0x08001d0f   Thumb Code     2  os_cpu_c.o(i.OSInitHookEnd)
    OSIntEnter                               0x08001d11   Thumb Code    28  os_core.o(i.OSIntEnter)
    OSIntExit                                0x08001d35   Thumb Code   112  os_core.o(i.OSIntExit)
    OSSchedLock                              0x08001dc5   Thumb Code    50  os_core.o(i.OSSchedLock)
    OSSchedUnlock                            0x08001e05   Thumb Code    82  os_core.o(i.OSSchedUnlock)
    OSStart                                  0x08001e65   Thumb Code    48  os_core.o(i.OSStart)
    OSTCBInitHook                            0x08001ead   Thumb Code     2  os_cpu_c.o(i.OSTCBInitHook)
    OSTaskCreate                             0x08001eb1   Thumb Code   148  os_task.o(i.OSTaskCreate)
    OSTaskCreateExt                          0x08001f51   Thumb Code   170  os_task.o(i.OSTaskCreateExt)
    OSTaskCreateHook                         0x08002009   Thumb Code     2  os_cpu_c.o(i.OSTaskCreateHook)
    OSTaskIdleHook                           0x0800200b   Thumb Code     2  os_cpu_c.o(i.OSTaskIdleHook)
    OSTaskNameSet                            0x0800200d   Thumb Code    98  os_task.o(i.OSTaskNameSet)
    OSTaskStatHook                           0x0800207d   Thumb Code     2  os_cpu_c.o(i.OSTaskStatHook)
    OSTaskStkChk                             0x08002081   Thumb Code   132  os_task.o(i.OSTaskStkChk)
    OSTaskStkInit                            0x0800210d   Thumb Code   154  os_cpu_c.o(i.OSTaskStkInit)
    OSTaskSuspend                            0x080021a9   Thumb Code   152  os_task.o(i.OSTaskSuspend)
    OSTaskSwHook                             0x08002251   Thumb Code     2  os_cpu_c.o(i.OSTaskSwHook)
    OSTimeDly                                0x08002255   Thumb Code   100  os_time.o(i.OSTimeDly)
    OSTimeTick                               0x080022cd   Thumb Code   210  os_core.o(i.OSTimeTick)
    OSTimeTickHook                           0x080023b9   Thumb Code     2  os_cpu_c.o(i.OSTimeTickHook)
    OS_FlagInit                              0x080023bd   Thumb Code    74  os_flag.o(i.OS_FlagInit)
    OS_MemClr                                0x08002621   Thumb Code    18  os_core.o(i.OS_MemClr)
    OS_QInit                                 0x08002635   Thumb Code    72  os_q.o(i.OS_QInit)
    OS_Sched                                 0x08002685   Thumb Code    88  os_core.o(i.OS_Sched)
    OS_TCBInit                               0x08002725   Thumb Code   278  os_core.o(i.OS_TCBInit)
    OS_TaskIdle                              0x08002859   Thumb Code    34  os_core.o(i.OS_TaskIdle)
    OS_TaskStat                              0x08002881   Thumb Code   116  os_core.o(i.OS_TaskStat)
    OS_TaskStatStkChk                        0x08002909   Thumb Code    54  os_core.o(i.OS_TaskStatStkChk)
    OS_TaskStkClr                            0x08002945   Thumb Code    26  os_task.o(i.OS_TaskStkClr)
    RCC_APB2PeriphClockCmd                   0x08002961   Thumb Code    26  stm32f10x_rcc.o(i.RCC_APB2PeriphClockCmd)
    RCC_GetClocksFreq                        0x08002981   Thumb Code   192  stm32f10x_rcc.o(i.RCC_GetClocksFreq)
    STEPPER_init                             0x08002a55   Thumb Code   120  stepper.o(i.STEPPER_init)
    SVC_Handler                              0x08002ad1   Thumb Code     2  stm32f10x_it.o(i.SVC_Handler)
    SysTick_CLKSourceConfig                  0x08002bbd   Thumb Code    40  misc.o(i.SysTick_CLKSourceConfig)
    SysTick_Handler                          0x08002be5   Thumb Code    24  delay.o(i.SysTick_Handler)
    SystemInit                               0x08002c01   Thumb Code    78  system_stm32f10x.o(i.SystemInit)
    USART1_IRQHandler                        0x08002c61   Thumb Code   130  usart.o(i.USART1_IRQHandler)
    USART_Cmd                                0x08002cf1   Thumb Code    24  stm32f10x_usart.o(i.USART_Cmd)
    USART_GetFlagStatus                      0x08002d09   Thumb Code    26  stm32f10x_usart.o(i.USART_GetFlagStatus)
    USART_GetITStatus                        0x08002d23   Thumb Code    84  stm32f10x_usart.o(i.USART_GetITStatus)
    USART_ITConfig                           0x08002d77   Thumb Code    74  stm32f10x_usart.o(i.USART_ITConfig)
    USART_Init                               0x08002dc1   Thumb Code   210  stm32f10x_usart.o(i.USART_Init)
    USART_ReceiveData                        0x08002e99   Thumb Code    10  stm32f10x_usart.o(i.USART_ReceiveData)
    USART_SendData                           0x08002ea3   Thumb Code     8  stm32f10x_usart.o(i.USART_SendData)
    UsageFault_Handler                       0x08002eab   Thumb Code     4  stm32f10x_it.o(i.UsageFault_Handler)
    __ARM_fpclassify                         0x08002eaf   Thumb Code    40  fpclassify.o(i.__ARM_fpclassify)
    _is_digit                                0x08002ed7   Thumb Code    14  __printf_wp.o(i._is_digit)
    _sys_exit                                0x08002ee5   Thumb Code     6  usart.o(i._sys_exit)
    atk_8266_check_cmd                       0x08002eed   Thumb Code    44  wifi.o(i.atk_8266_check_cmd)
    atk_8266_quit_trans                      0x08002f21   Thumb Code   100  wifi.o(i.atk_8266_quit_trans)
    atk_8266_send_cmd                        0x08002f91   Thumb Code    84  wifi.o(i.atk_8266_send_cmd)
    client_init                              0x08002ff1   Thumb Code    38  wifi.o(i.client_init)
    client_send                              0x08003055   Thumb Code    14  wifi.o(i.client_send)
    closeled                                 0x08003065   Thumb Code    14  led.o(i.closeled)
    connectPISER                             0x08003079   Thumb Code    86  main.o(i.connectPISER)
    delay_init                               0x08003119   Thumb Code    76  delay.o(i.delay_init)
    delay_ms                                 0x08003175   Thumb Code    66  delay.o(i.delay_ms)
    delay_osschedlock                        0x080031c5   Thumb Code     8  delay.o(i.delay_osschedlock)
    delay_osschedunlock                      0x080031cd   Thumb Code     8  delay.o(i.delay_osschedunlock)
    delay_ostimedly                          0x080031d5   Thumb Code    12  delay.o(i.delay_ostimedly)
    delay_us                                 0x080031e1   Thumb Code    86  delay.o(i.delay_us)
    drSTATUS_task                            0x0800323d   Thumb Code    68  main.o(i.drSTATUS_task)
    driverinit                               0x080032c9   Thumb Code    54  main.o(i.driverinit)
    esp_8662_init                            0x08003305   Thumb Code    56  wifi.o(i.esp_8662_init)
    fputc                                    0x08003375   Thumb Code    24  usart.o(i.fputc)
    getkey                                   0x08003391   Thumb Code    56  key.o(i.getkey)
    main                                     0x080033cd   Thumb Code    30  main.o(i.main)
    openled                                  0x080033f5   Thumb Code    14  led.o(i.openled)
    receive_server                           0x08003409   Thumb Code   450  wifi.o(i.receive_server)
    start_task                               0x0800365d   Thumb Code    52  main.o(i.start_task)
    stepleftoneround                         0x080036a1   Thumb Code    20  stepper.o(i.stepleftoneround)
    stepper_left                             0x080036b5   Thumb Code   156  stepper.o(i.stepper_left)
    stepper_right                            0x08003755   Thumb Code   156  stepper.o(i.stepper_right)
    steprightoneround                        0x080037f5   Thumb Code    20  stepper.o(i.steprightoneround)
    u_printf                                 0x08003809   Thumb Code    72  usart.o(i.u_printf)
    uart_init                                0x08003859   Thumb Code   158  usart.o(i.uart_init)
    _get_lc_numeric                          0x08003905   Thumb Code    44  lc_numeric_c.o(locale$$code)
    _get_lc_ctype                            0x08003931   Thumb Code    44  lc_ctype_c.o(locale$$code)
    _printf_fp_dec                           0x0800395d   Thumb Code     4  printf1.o(x$fpl$printf1)
    OSUnMapTbl                               0x08003960   Data         256  os_core.o(.constdata)
    __I$use$fp                               0x08003960   Number         0  usenofp.o(x$fpl$usenofp)
    Region$$Table$$Base                      0x08003bf0   Number         0  anon$$obj.o(Region$$Table)
    Region$$Table$$Limit                     0x08003c10   Number         0  anon$$obj.o(Region$$Table)
    __ctype                                  0x08003c39   Data           0  lc_ctype_c.o(locale$$data)
    stepST                                   0x20000000   Data           1  main.o(.data)
    wifiST                                   0x20000001   Data           1  main.o(.data)
    SystemCoreClock                          0x20000004   Data           4  system_stm32f10x.o(.data)
    AHBPrescTable                            0x20000008   Data          16  system_stm32f10x.o(.data)
    doorST                                   0x2000002c   Data           1  wifi.o(.data)
    portnum                                  0x20000030   Data           4  wifi.o(.data)
    wifista_ssid                             0x20000034   Data           4  wifi.o(.data)
    wifista_encryption                       0x20000038   Data           4  wifi.o(.data)
    wifista_password                         0x2000003c   Data           4  wifi.o(.data)
    wifiap_ssid                              0x20000040   Data           4  wifi.o(.data)
    wifiap_encryption                        0x20000044   Data           4  wifi.o(.data)
    wifiap_password                          0x20000048   Data           4  wifi.o(.data)
    ATK_ESP8266_CWMODE_TBL                   0x2000004c   Data          12  wifi.o(.data)
    ATK_ESP8266_WORKMODE_TBL                 0x20000058   Data          12  wifi.o(.data)
    ATK_ESP8266_ECN_TBL                      0x20000064   Data          20  wifi.o(.data)
    __stdout                                 0x2000007c   Data           4  usart.o(.data)
    USART_RX_STA                             0x20000080   Data           2  usart.o(.data)
    OSCtxSwCtr                               0x20000084   Data           4  os_core.o(.data)
    OSEventFreeList                          0x20000088   Data           4  os_core.o(.data)
    OSFlagFreeList                           0x2000008c   Data           4  os_core.o(.data)
    OSCPUUsage                               0x20000090   Data           1  os_core.o(.data)
    OSIdleCtrMax                             0x20000094   Data           4  os_core.o(.data)
    OSIdleCtrRun                             0x20000098   Data           4  os_core.o(.data)
    OSStatRdy                                0x2000009c   Data           1  os_core.o(.data)
    OSIntNesting                             0x2000009d   Data           1  os_core.o(.data)
    OSLockNesting                            0x2000009e   Data           1  os_core.o(.data)
    OSPrioCur                                0x2000009f   Data           1  os_core.o(.data)
    OSPrioHighRdy                            0x200000a0   Data           1  os_core.o(.data)
    OSRdyGrp                                 0x200000a1   Data           1  os_core.o(.data)
    OSRdyTbl                                 0x200000a2   Data           8  os_core.o(.data)
    OSRunning                                0x200000aa   Data           1  os_core.o(.data)
    OSTaskCtr                                0x200000ab   Data           1  os_core.o(.data)
    OSIdleCtr                                0x200000ac   Data           4  os_core.o(.data)
    OSTCBCur                                 0x200000b0   Data           4  os_core.o(.data)
    OSTCBFreeList                            0x200000b4   Data           4  os_core.o(.data)
    OSTCBHighRdy                             0x200000b8   Data           4  os_core.o(.data)
    OSTCBList                                0x200000bc   Data           4  os_core.o(.data)
    OSTickStepState                          0x200000c0   Data           1  os_core.o(.data)
    OSQFreeList                              0x200000c4   Data           4  os_core.o(.data)
    OSTime                                   0x200000c8   Data           4  os_core.o(.data)
    START_TASK_STK                           0x200000cc   Data         256  main.o(.bss)
    Contrl_TASK_STK                          0x200001cc   Data         256  main.o(.bss)
    drSTATUS_TASK_STK                        0x200002cc   Data         256  main.o(.bss)
    USART_RX_BUF                             0x200003cc   Data        1280  usart.o(.bss)
    USART_TX_BUF                             0x200008cc   Data        1280  usart.o(.bss)
    OSEventTbl                               0x20000dcc   Data         200  os_core.o(.bss)
    OSFlagTbl                                0x20000e94   Data          80  os_core.o(.bss)
    OSTaskStatStk                            0x20000ee4   Data         512  os_core.o(.bss)
    OSTaskIdleStk                            0x200010e4   Data         512  os_core.o(.bss)
    OSTCBPrioTbl                             0x200012e4   Data         256  os_core.o(.bss)
    OSTCBTbl                                 0x200013e4   Data        1008  os_core.o(.bss)
    OSQTbl                                   0x200017d4   Data         120  os_core.o(.bss)
    __libspace_start                         0x2000184c   Data          96  libspace.o(.bss)
    __temporary_stack_top$libspace           0x200018ac   Data           0  libspace.o(.bss)



==============================================================================

Memory Map of the image

  Image Entry point : 0x080000ed

  Load Region LR_IROM1 (Base: 0x08000000, Size: 0x00003e08, Max: 0x00010000, ABSOLUTE)

    Execution Region ER_IROM1 (Base: 0x08000000, Size: 0x00003d3c, Max: 0x00010000, ABSOLUTE)

    Base Addr    Size         Type   Attr      Idx    E Section Name        Object

    0x08000000   0x000000ec   Data   RO          282    RESET               startup_stm32f10x_md.o
    0x080000ec   0x00000008   Code   RO         4352  * !!!main             c_w.l(__main.o)
    0x080000f4   0x00000034   Code   RO         4644    !!!scatter          c_w.l(__scatter.o)
    0x08000128   0x0000001a   Code   RO         4646    !!handler_copy      c_w.l(__scatter_copy.o)
    0x08000142   0x00000002   PAD
    0x08000144   0x0000001c   Code   RO         4648    !!handler_zi        c_w.l(__scatter_zi.o)
    0x08000160   0x00000000   Code   RO         4343    .ARM.Collect$$_printf_percent$$00000000  c_w.l(_printf_percent.o)
    0x08000160   0x00000006   Code   RO         4406    .ARM.Collect$$_printf_percent$$00000001  c_w.l(_printf_n.o)
    0x08000166   0x00000006   Code   RO         4408    .ARM.Collect$$_printf_percent$$00000002  c_w.l(_printf_p.o)
    0x0800016c   0x00000006   Code   RO         4413    .ARM.Collect$$_printf_percent$$00000003  c_w.l(_printf_f.o)
    0x08000172   0x00000006   Code   RO         4414    .ARM.Collect$$_printf_percent$$00000004  c_w.l(_printf_e.o)
    0x08000178   0x00000006   Code   RO         4415    .ARM.Collect$$_printf_percent$$00000005  c_w.l(_printf_g.o)
    0x0800017e   0x00000006   Code   RO         4416    .ARM.Collect$$_printf_percent$$00000006  c_w.l(_printf_a.o)
    0x08000184   0x0000000a   Code   RO         4421    .ARM.Collect$$_printf_percent$$00000007  c_w.l(_printf_ll.o)
    0x0800018e   0x00000006   Code   RO         4410    .ARM.Collect$$_printf_percent$$00000008  c_w.l(_printf_i.o)
    0x08000194   0x00000006   Code   RO         4411    .ARM.Collect$$_printf_percent$$00000009  c_w.l(_printf_d.o)
    0x0800019a   0x00000006   Code   RO         4412    .ARM.Collect$$_printf_percent$$0000000A  c_w.l(_printf_u.o)
    0x080001a0   0x00000006   Code   RO         4409    .ARM.Collect$$_printf_percent$$0000000B  c_w.l(_printf_o.o)
    0x080001a6   0x00000006   Code   RO         4407    .ARM.Collect$$_printf_percent$$0000000C  c_w.l(_printf_x.o)
    0x080001ac   0x00000006   Code   RO         4418    .ARM.Collect$$_printf_percent$$0000000D  c_w.l(_printf_lli.o)
    0x080001b2   0x00000006   Code   RO         4419    .ARM.Collect$$_printf_percent$$0000000E  c_w.l(_printf_lld.o)
    0x080001b8   0x00000006   Code   RO         4420    .ARM.Collect$$_printf_percent$$0000000F  c_w.l(_printf_llu.o)
    0x080001be   0x00000006   Code   RO         4425    .ARM.Collect$$_printf_percent$$00000010  c_w.l(_printf_llo.o)
    0x080001c4   0x00000006   Code   RO         4426    .ARM.Collect$$_printf_percent$$00000011  c_w.l(_printf_llx.o)
    0x080001ca   0x0000000a   Code   RO         4422    .ARM.Collect$$_printf_percent$$00000012  c_w.l(_printf_l.o)
    0x080001d4   0x00000006   Code   RO         4405    .ARM.Collect$$_printf_percent$$00000013  c_w.l(_printf_c.o)
    0x080001da   0x00000006   Code   RO         4342    .ARM.Collect$$_printf_percent$$00000014  c_w.l(_printf_s.o)
    0x080001e0   0x00000006   Code   RO         4423    .ARM.Collect$$_printf_percent$$00000015  c_w.l(_printf_lc.o)
    0x080001e6   0x00000006   Code   RO         4424    .ARM.Collect$$_printf_percent$$00000016  c_w.l(_printf_ls.o)
    0x080001ec   0x00000004   Code   RO         4417    .ARM.Collect$$_printf_percent$$00000017  c_w.l(_printf_percent_end.o)
    0x080001f0   0x00000002   Code   RO         4508    .ARM.Collect$$libinit$$00000000  c_w.l(libinit.o)
    0x080001f2   0x00000000   Code   RO         4525    .ARM.Collect$$libinit$$00000002  c_w.l(libinit2.o)
    0x080001f2   0x00000000   Code   RO         4527    .ARM.Collect$$libinit$$00000004  c_w.l(libinit2.o)
    0x080001f2   0x00000000   Code   RO         4530    .ARM.Collect$$libinit$$0000000A  c_w.l(libinit2.o)
    0x080001f2   0x00000000   Code   RO         4532    .ARM.Collect$$libinit$$0000000C  c_w.l(libinit2.o)
    0x080001f2   0x00000000   Code   RO         4534    .ARM.Collect$$libinit$$0000000E  c_w.l(libinit2.o)
    0x080001f2   0x00000006   Code   RO         4535    .ARM.Collect$$libinit$$0000000F  c_w.l(libinit2.o)
    0x080001f8   0x00000000   Code   RO         4537    .ARM.Collect$$libinit$$00000011  c_w.l(libinit2.o)
    0x080001f8   0x0000000c   Code   RO         4538    .ARM.Collect$$libinit$$00000012  c_w.l(libinit2.o)
    0x08000204   0x00000000   Code   RO         4539    .ARM.Collect$$libinit$$00000013  c_w.l(libinit2.o)
    0x08000204   0x00000000   Code   RO         4541    .ARM.Collect$$libinit$$00000015  c_w.l(libinit2.o)
    0x08000204   0x0000000a   Code   RO         4542    .ARM.Collect$$libinit$$00000016  c_w.l(libinit2.o)
    0x0800020e   0x00000000   Code   RO         4543    .ARM.Collect$$libinit$$00000017  c_w.l(libinit2.o)
    0x0800020e   0x00000000   Code   RO         4545    .ARM.Collect$$libinit$$00000019  c_w.l(libinit2.o)
    0x0800020e   0x00000000   Code   RO         4547    .ARM.Collect$$libinit$$0000001B  c_w.l(libinit2.o)
    0x0800020e   0x00000000   Code   RO         4549    .ARM.Collect$$libinit$$0000001D  c_w.l(libinit2.o)
    0x0800020e   0x00000000   Code   RO         4551    .ARM.Collect$$libinit$$0000001F  c_w.l(libinit2.o)
    0x0800020e   0x00000000   Code   RO         4553    .ARM.Collect$$libinit$$00000021  c_w.l(libinit2.o)
    0x0800020e   0x00000000   Code   RO         4555    .ARM.Collect$$libinit$$00000023  c_w.l(libinit2.o)
    0x0800020e   0x00000000   Code   RO         4557    .ARM.Collect$$libinit$$00000025  c_w.l(libinit2.o)
    0x0800020e   0x00000000   Code   RO         4561    .ARM.Collect$$libinit$$0000002C  c_w.l(libinit2.o)
    0x0800020e   0x00000000   Code   RO         4563    .ARM.Collect$$libinit$$0000002E  c_w.l(libinit2.o)
    0x0800020e   0x00000000   Code   RO         4565    .ARM.Collect$$libinit$$00000030  c_w.l(libinit2.o)
    0x0800020e   0x00000000   Code   RO         4567    .ARM.Collect$$libinit$$00000032  c_w.l(libinit2.o)
    0x0800020e   0x00000002   Code   RO         4568    .ARM.Collect$$libinit$$00000033  c_w.l(libinit2.o)
    0x08000210   0x00000002   Code   RO         4586    .ARM.Collect$$libshutdown$$00000000  c_w.l(libshutdown.o)
    0x08000212   0x00000000   Code   RO         4596    .ARM.Collect$$libshutdown$$00000002  c_w.l(libshutdown2.o)
    0x08000212   0x00000000   Code   RO         4598    .ARM.Collect$$libshutdown$$00000004  c_w.l(libshutdown2.o)
    0x08000212   0x00000000   Code   RO         4601    .ARM.Collect$$libshutdown$$00000007  c_w.l(libshutdown2.o)
    0x08000212   0x00000000   Code   RO         4604    .ARM.Collect$$libshutdown$$0000000A  c_w.l(libshutdown2.o)
    0x08000212   0x00000000   Code   RO         4606    .ARM.Collect$$libshutdown$$0000000C  c_w.l(libshutdown2.o)
    0x08000212   0x00000000   Code   RO         4609    .ARM.Collect$$libshutdown$$0000000F  c_w.l(libshutdown2.o)
    0x08000212   0x00000002   Code   RO         4610    .ARM.Collect$$libshutdown$$00000010  c_w.l(libshutdown2.o)
    0x08000214   0x00000000   Code   RO         4356    .ARM.Collect$$rtentry$$00000000  c_w.l(__rtentry.o)
    0x08000214   0x00000000   Code   RO         4432    .ARM.Collect$$rtentry$$00000002  c_w.l(__rtentry2.o)
    0x08000214   0x00000006   Code   RO         4444    .ARM.Collect$$rtentry$$00000004  c_w.l(__rtentry4.o)
    0x0800021a   0x00000000   Code   RO         4434    .ARM.Collect$$rtentry$$00000009  c_w.l(__rtentry2.o)
    0x0800021a   0x00000004   Code   RO         4435    .ARM.Collect$$rtentry$$0000000A  c_w.l(__rtentry2.o)
    0x0800021e   0x00000000   Code   RO         4437    .ARM.Collect$$rtentry$$0000000C  c_w.l(__rtentry2.o)
    0x0800021e   0x00000008   Code   RO         4438    .ARM.Collect$$rtentry$$0000000D  c_w.l(__rtentry2.o)
    0x08000226   0x00000002   Code   RO         4517    .ARM.Collect$$rtexit$$00000000  c_w.l(rtexit.o)
    0x08000228   0x00000000   Code   RO         4570    .ARM.Collect$$rtexit$$00000002  c_w.l(rtexit2.o)
    0x08000228   0x00000004   Code   RO         4571    .ARM.Collect$$rtexit$$00000003  c_w.l(rtexit2.o)
    0x0800022c   0x00000006   Code   RO         4572    .ARM.Collect$$rtexit$$00000004  c_w.l(rtexit2.o)
    0x08000232   0x00000002   PAD
    0x08000234   0x00000040   Code   RO          283    .text               startup_stm32f10x_md.o
    0x08000274   0x000000b4   Code   RO         4301    .text               os_cpu_a.o
    0x08000328   0x00000002   Code   RO         4306    .text               c_w.l(use_no_semi_2.o)
    0x0800032a   0x00000002   PAD
    0x0800032c   0x00000024   Code   RO         4308    .text               c_w.l(c89vsprintf.o)
    0x08000350   0x00000018   Code   RO         4310    .text               c_w.l(__2printf.o)
    0x08000368   0x0000002c   Code   RO         4312    .text               c_w.l(__2sprintf.o)
    0x08000394   0x00000052   Code   RO         4320    .text               c_w.l(_printf_str.o)
    0x080003e6   0x00000002   PAD
    0x080003e8   0x00000188   Code   RO         4339    .text               c_w.l(__printf_flags_ss_wp.o)
    0x08000570   0x00000024   Code   RO         4344    .text               c_w.l(strstr.o)
    0x08000594   0x0000003e   Code   RO         4346    .text               c_w.l(strlen.o)
    0x080005d2   0x00000044   Code   RO         4348    .text               c_w.l(rt_memclr.o)
    0x08000616   0x00000006   Code   RO         4350    .text               c_w.l(heapauxi.o)
    0x0800061c   0x00000002   Code   RO         4354    .text               c_w.l(use_no_semi.o)
    0x0800061e   0x0000004e   Code   RO         4357    .text               c_w.l(_printf_pad.o)
    0x0800066c   0x00000024   Code   RO         4359    .text               c_w.l(_printf_truncate.o)
    0x08000690   0x00000078   Code   RO         4361    .text               c_w.l(_printf_dec.o)
    0x08000708   0x00000028   Code   RO         4363    .text               c_w.l(_printf_charcount.o)
    0x08000730   0x00000030   Code   RO         4365    .text               c_w.l(_printf_char_common.o)
    0x08000760   0x0000000a   Code   RO         4367    .text               c_w.l(_sputc.o)
    0x0800076a   0x0000002c   Code   RO         4369    .text               c_w.l(_printf_char.o)
    0x08000796   0x00000002   PAD
    0x08000798   0x00000024   Code   RO         4371    .text               c_w.l(_printf_char_file.o)
    0x080007bc   0x000000bc   Code   RO         4373    .text               c_w.l(_printf_wctomb.o)
    0x08000878   0x0000007c   Code   RO         4376    .text               c_w.l(_printf_longlong_dec.o)
    0x080008f4   0x00000070   Code   RO         4382    .text               c_w.l(_printf_oct_int_ll.o)
    0x08000964   0x00000094   Code   RO         4402    .text               c_w.l(_printf_hex_int_ll_ptr.o)
    0x080009f8   0x0000004e   Code   RO         4427    .text               c_w.l(rt_memclr_w.o)
    0x08000a46   0x0000008a   Code   RO         4446    .text               c_w.l(lludiv10.o)
    0x08000ad0   0x000000b2   Code   RO         4448    .text               c_w.l(_printf_intcommon.o)
    0x08000b82   0x0000041a   Code   RO         4450    .text               c_w.l(_printf_fp_dec.o)
    0x08000f9c   0x0000002c   Code   RO         4454    .text               c_w.l(_printf_wchar.o)
    0x08000fc8   0x00000008   Code   RO         4456    .text               c_w.l(ferror.o)
    0x08000fd0   0x00000040   Code   RO         4460    .text               c_w.l(_wcrtomb.o)
    0x08001010   0x0000004a   Code   RO         4462    .text               c_w.l(sys_stackheap_outer.o)
    0x0800105a   0x00000002   PAD
    0x0800105c   0x00000010   Code   RO         4464    .text               c_w.l(rt_ctype_table.o)
    0x0800106c   0x00000008   Code   RO         4469    .text               c_w.l(rt_locale_intlibspace.o)
    0x08001074   0x00000080   Code   RO         4471    .text               c_w.l(_printf_fp_infnan.o)
    0x080010f4   0x000000dc   Code   RO         4473    .text               c_w.l(bigflt0.o)
    0x080011d0   0x00000012   Code   RO         4501    .text               c_w.l(exit.o)
    0x080011e2   0x00000002   PAD
    0x080011e4   0x00000008   Code   RO         4514    .text               c_w.l(libspace.o)
    0x080011ec   0x00000080   Code   RO         4522    .text               c_w.l(strcmpv7m.o)
    0x0800126c   0x0000003e   Code   RO         4476    CL$$btod_d2e        c_w.l(btod.o)
    0x080012aa   0x00000046   Code   RO         4478    CL$$btod_d2e_denorm_low  c_w.l(btod.o)
    0x080012f0   0x00000060   Code   RO         4477    CL$$btod_d2e_norm_op1  c_w.l(btod.o)
    0x08001350   0x00000338   Code   RO         4486    CL$$btod_div_common  c_w.l(btod.o)
    0x08001688   0x000000c6   Code   RO         4483    CL$$btod_e2e        c_w.l(btod.o)
    0x0800174e   0x00000028   Code   RO         4480    CL$$btod_ediv       c_w.l(btod.o)
    0x08001776   0x00000028   Code   RO         4479    CL$$btod_emul       c_w.l(btod.o)
    0x0800179e   0x00000244   Code   RO         4485    CL$$btod_mult_common  c_w.l(btod.o)
    0x080019e2   0x00000002   PAD
    0x080019e4   0x00000038   Code   RO         3304    i.BEEP_init         beep.o
    0x08001a1c   0x00000004   Code   RO          184    i.BusFault_Handler  stm32f10x_it.o
    0x08001a20   0x000000c4   Code   RO            1    i.Contrl_task       main.o
    0x08001ae4   0x00000002   Code   RO          185    i.DebugMon_Handler  stm32f10x_it.o
    0x08001ae6   0x00000116   Code   RO         1464    i.GPIO_Init         stm32f10x_gpio.o
    0x08001bfc   0x00000012   Code   RO         1468    i.GPIO_ReadInputDataBit  stm32f10x_gpio.o
    0x08001c0e   0x00000004   Code   RO         1471    i.GPIO_ResetBits    stm32f10x_gpio.o
    0x08001c12   0x00000004   Code   RO         1472    i.GPIO_SetBits      stm32f10x_gpio.o
    0x08001c16   0x00000004   Code   RO          186    i.HardFault_Handler  stm32f10x_it.o
    0x08001c1a   0x00000002   PAD
    0x08001c1c   0x00000038   Code   RO         3280    i.LED_init          led.o
    0x08001c54   0x00000004   Code   RO          187    i.MemManage_Handler  stm32f10x_it.o
    0x08001c58   0x00000002   Code   RO          188    i.NMI_Handler       stm32f10x_it.o
    0x08001c5a   0x00000002   PAD
    0x08001c5c   0x00000070   Code   RO          287    i.NVIC_Init         misc.o
    0x08001ccc   0x00000014   Code   RO          288    i.NVIC_PriorityGroupConfig  misc.o
    0x08001ce0   0x0000002c   Code   RO         3585    i.OSInit            os_core.o
    0x08001d0c   0x00000002   Code   RO         4219    i.OSInitHookBegin   os_cpu_c.o
    0x08001d0e   0x00000002   Code   RO         4220    i.OSInitHookEnd     os_cpu_c.o
    0x08001d10   0x00000024   Code   RO         3586    i.OSIntEnter        os_core.o
    0x08001d34   0x00000090   Code   RO         3587    i.OSIntExit         os_core.o
    0x08001dc4   0x00000040   Code   RO         3588    i.OSSchedLock       os_core.o
    0x08001e04   0x00000060   Code   RO         3589    i.OSSchedUnlock     os_core.o
    0x08001e64   0x00000048   Code   RO         3590    i.OSStart           os_core.o
    0x08001eac   0x00000002   Code   RO         4221    i.OSTCBInitHook     os_cpu_c.o
    0x08001eae   0x00000002   PAD
    0x08001eb0   0x000000a0   Code   RO         4082    i.OSTaskCreate      os_task.o
    0x08001f50   0x000000b8   Code   RO         4083    i.OSTaskCreateExt   os_task.o
    0x08002008   0x00000002   Code   RO         4222    i.OSTaskCreateHook  os_cpu_c.o
    0x0800200a   0x00000002   Code   RO         4224    i.OSTaskIdleHook    os_cpu_c.o
    0x0800200c   0x00000070   Code   RO         4087    i.OSTaskNameSet     os_task.o
    0x0800207c   0x00000002   Code   RO         4226    i.OSTaskStatHook    os_cpu_c.o
    0x0800207e   0x00000002   PAD
    0x08002080   0x0000008c   Code   RO         4092    i.OSTaskStkChk      os_task.o
    0x0800210c   0x0000009a   Code   RO         4227    i.OSTaskStkInit     os_cpu_c.o
    0x080021a6   0x00000002   PAD
    0x080021a8   0x000000a8   Code   RO         4093    i.OSTaskSuspend     os_task.o
    0x08002250   0x00000002   Code   RO         4228    i.OSTaskSwHook      os_cpu_c.o
    0x08002252   0x00000002   PAD
    0x08002254   0x00000078   Code   RO         4177    i.OSTimeDly         os_time.o
    0x080022cc   0x000000ec   Code   RO         3592    i.OSTimeTick        os_core.o
    0x080023b8   0x00000002   Code   RO         4229    i.OSTimeTickHook    os_cpu_c.o
    0x080023ba   0x00000002   PAD
    0x080023bc   0x00000058   Code   RO         3776    i.OS_FlagInit       os_flag.o
    0x08002414   0x00000054   Code   RO         3599    i.OS_InitEventList  os_core.o
    0x08002468   0x00000054   Code   RO         3600    i.OS_InitMisc       os_core.o
    0x080024bc   0x00000044   Code   RO         3601    i.OS_InitRdyList    os_core.o
    0x08002500   0x00000080   Code   RO         3602    i.OS_InitTCBList    os_core.o
    0x08002580   0x00000050   Code   RO         3603    i.OS_InitTaskIdle   os_core.o
    0x080025d0   0x00000050   Code   RO         3604    i.OS_InitTaskStat   os_core.o
    0x08002620   0x00000012   Code   RO         3605    i.OS_MemClr         os_core.o
    0x08002632   0x00000002   PAD
    0x08002634   0x00000050   Code   RO         3965    i.OS_QInit          os_q.o
    0x08002684   0x00000074   Code   RO         3607    i.OS_Sched          os_core.o
    0x080026f8   0x0000002c   Code   RO         3608    i.OS_SchedNew       os_core.o
    0x08002724   0x00000134   Code   RO         3610    i.OS_TCBInit        os_core.o
    0x08002858   0x00000028   Code   RO         3611    i.OS_TaskIdle       os_core.o
    0x08002880   0x00000088   Code   RO         3612    i.OS_TaskStat       os_core.o
    0x08002908   0x0000003c   Code   RO         3613    i.OS_TaskStatStkChk  os_core.o
    0x08002944   0x0000001a   Code   RO         4095    i.OS_TaskStkClr     os_task.o
    0x0800295e   0x00000002   PAD
    0x08002960   0x00000020   Code   RO         1882    i.RCC_APB2PeriphClockCmd  stm32f10x_rcc.o
    0x08002980   0x000000d4   Code   RO         1890    i.RCC_GetClocksFreq  stm32f10x_rcc.o
    0x08002a54   0x0000007c   Code   RO         3397    i.STEPPER_init      stepper.o
    0x08002ad0   0x00000002   Code   RO          189    i.SVC_Handler       stm32f10x_it.o
    0x08002ad2   0x00000008   Code   RO          235    i.SetSysClock       system_stm32f10x.o
    0x08002ada   0x00000002   PAD
    0x08002adc   0x000000e0   Code   RO          236    i.SetSysClockTo72   system_stm32f10x.o
    0x08002bbc   0x00000028   Code   RO          291    i.SysTick_CLKSourceConfig  misc.o
    0x08002be4   0x0000001c   Code   RO         3457    i.SysTick_Handler   delay.o
    0x08002c00   0x00000060   Code   RO          238    i.SystemInit        system_stm32f10x.o
    0x08002c60   0x00000090   Code   RO         3535    i.USART1_IRQHandler  usart.o
    0x08002cf0   0x00000018   Code   RO         3050    i.USART_Cmd         stm32f10x_usart.o
    0x08002d08   0x0000001a   Code   RO         3053    i.USART_GetFlagStatus  stm32f10x_usart.o
    0x08002d22   0x00000054   Code   RO         3054    i.USART_GetITStatus  stm32f10x_usart.o
    0x08002d76   0x0000004a   Code   RO         3056    i.USART_ITConfig    stm32f10x_usart.o
    0x08002dc0   0x000000d8   Code   RO         3057    i.USART_Init        stm32f10x_usart.o
    0x08002e98   0x0000000a   Code   RO         3064    i.USART_ReceiveData  stm32f10x_usart.o
    0x08002ea2   0x00000008   Code   RO         3067    i.USART_SendData    stm32f10x_usart.o
    0x08002eaa   0x00000004   Code   RO          190    i.UsageFault_Handler  stm32f10x_it.o
    0x08002eae   0x00000028   Code   RO         4512    i.__ARM_fpclassify  m_ws.l(fpclassify.o)
    0x08002ed6   0x0000000e   Code   RO         4332    i._is_digit         c_w.l(__printf_wp.o)
    0x08002ee4   0x00000006   Code   RO         3536    i._sys_exit         usart.o
    0x08002eea   0x00000002   PAD
    0x08002eec   0x00000034   Code   RO         3317    i.atk_8266_check_cmd  wifi.o
    0x08002f20   0x00000070   Code   RO         3319    i.atk_8266_quit_trans  wifi.o
    0x08002f90   0x00000060   Code   RO         3320    i.atk_8266_send_cmd  wifi.o
    0x08002ff0   0x00000064   Code   RO         3322    i.client_init       wifi.o
    0x08003054   0x0000000e   Code   RO         3323    i.client_send       wifi.o
    0x08003062   0x00000002   PAD
    0x08003064   0x00000014   Code   RO         3281    i.closeled          led.o
    0x08003078   0x000000a0   Code   RO            2    i.connectPISER      main.o
    0x08003118   0x0000005c   Code   RO         3458    i.delay_init        delay.o
    0x08003174   0x00000050   Code   RO         3459    i.delay_ms          delay.o
    0x080031c4   0x00000008   Code   RO         3460    i.delay_osschedlock  delay.o
    0x080031cc   0x00000008   Code   RO         3461    i.delay_osschedunlock  delay.o
    0x080031d4   0x0000000c   Code   RO         3462    i.delay_ostimedly   delay.o
    0x080031e0   0x0000005c   Code   RO         3463    i.delay_us          delay.o
    0x0800323c   0x0000008c   Code   RO            3    i.drSTATUS_task     main.o
    0x080032c8   0x0000003c   Code   RO            4    i.driverinit        main.o
    0x08003304   0x00000070   Code   RO         3324    i.esp_8662_init     wifi.o
    0x08003374   0x0000001c   Code   RO         3537    i.fputc             usart.o
    0x08003390   0x0000003c   Code   RO         3437    i.getkey            key.o
    0x080033cc   0x00000028   Code   RO            5    i.main              main.o
    0x080033f4   0x00000014   Code   RO         3282    i.openled           led.o
    0x08003408   0x00000254   Code   RO         3325    i.receive_server    wifi.o
    0x0800365c   0x00000044   Code   RO            6    i.start_task        main.o
    0x080036a0   0x00000014   Code   RO         3398    i.stepleftoneround  stepper.o
    0x080036b4   0x000000a0   Code   RO         3399    i.stepper_left      stepper.o
    0x08003754   0x000000a0   Code   RO         3400    i.stepper_right     stepper.o
    0x080037f4   0x00000014   Code   RO         3401    i.steprightoneround  stepper.o
    0x08003808   0x00000050   Code   RO         3538    i.u_printf          usart.o
    0x08003858   0x000000ac   Code   RO         3539    i.uart_init         usart.o
    0x08003904   0x0000002c   Code   RO         4499    locale$$code        c_w.l(lc_numeric_c.o)
    0x08003930   0x0000002c   Code   RO         4520    locale$$code        c_w.l(lc_ctype_c.o)
    0x0800395c   0x00000004   Code   RO         4429    x$fpl$printf1       fz_ws.l(printf1.o)
    0x08003960   0x00000000   Code   RO         4511    x$fpl$usenofp       fz_ws.l(usenofp.o)
    0x08003960   0x00000100   Data   RO         3615    .constdata          os_core.o
    0x08003a60   0x00000011   Data   RO         4340    .constdata          c_w.l(__printf_flags_ss_wp.o)
    0x08003a71   0x00000003   PAD
    0x08003a74   0x00000008   Data   RO         4374    .constdata          c_w.l(_printf_wctomb.o)
    0x08003a7c   0x00000028   Data   RO         4403    .constdata          c_w.l(_printf_hex_int_ll_ptr.o)
    0x08003aa4   0x00000094   Data   RO         4474    .constdata          c_w.l(bigflt0.o)
    0x08003b38   0x000000b5   Data   RO         3326    .conststring        wifi.o
    0x08003bed   0x00000003   PAD
    0x08003bf0   0x00000020   Data   RO         4642    Region$$Table       anon$$obj.o
    0x08003c10   0x0000001c   Data   RO         4498    locale$$data        c_w.l(lc_numeric_c.o)
    0x08003c2c   0x00000110   Data   RO         4519    locale$$data        c_w.l(lc_ctype_c.o)


    Execution Region RW_IRAM1 (Base: 0x20000000, Size: 0x00001eb0, Max: 0x00005000, ABSOLUTE)

    Base Addr    Size         Type   Attr      Idx    E Section Name        Object

    0x20000000   0x00000002   Data   RW            8    .data               main.o
    0x20000002   0x00000002   PAD
    0x20000004   0x00000014   Data   RW          239    .data               system_stm32f10x.o
    0x20000018   0x00000014   Data   RW         1910    .data               stm32f10x_rcc.o
    0x2000002c   0x0000004c   Data   RW         3327    .data               wifi.o
    0x20000078   0x00000004   Data   RW         3464    .data               delay.o
    0x2000007c   0x00000006   Data   RW         3541    .data               usart.o
    0x20000082   0x00000002   PAD
    0x20000084   0x00000048   Data   RW         3616    .data               os_core.o
    0x200000cc   0x00000300   Zero   RW            7    .bss                main.o
    0x200003cc   0x00000a00   Zero   RW         3540    .bss                usart.o
    0x20000dcc   0x00000a80   Zero   RW         3614    .bss                os_core.o
    0x2000184c   0x00000060   Zero   RW         4515    .bss                c_w.l(libspace.o)
    0x200018ac   0x00000004   PAD
    0x200018b0   0x00000200   Zero   RW          281    HEAP                startup_stm32f10x_md.o
    0x20001ab0   0x00000400   Zero   RW          280    STACK               startup_stm32f10x_md.o


==============================================================================

Image component sizes


      Code (inc. data)   RO Data    RW Data    ZI Data      Debug   Object Name

        56          6          0          0          0        496   beep.o
         0          0          0          0          0         32   core_cm3.o
       320         40          0          4          0       3921   delay.o
        60          4          0          0          0        521   key.o
        96         18          0          0          0       1388   led.o
       664        244          0          2        768     241785   main.o
       172         22          0          0          0     205521   misc.o
      1938        382        256         72       2688      19487   os_core.o
       180         36          0          0          0        340   os_cpu_a.o
       170          0          0          0          0      12947   os_cpu_c.o
        88         14          0          0          0        602   os_flag.o
        80          8          0          0          0        575   os_q.o
       790         64          0          0          0       5508   os_task.o
       120         20          0          0          0        640   os_time.o
        64         26        236          0       1536        808   startup_stm32f10x_md.o
       484         12          0          0          0       2693   stepper.o
       304          0          0          0          0       3728   stm32f10x_gpio.o
        22          0          0          0          0       2991   stm32f10x_it.o
       244         26          0         20          0       3925   stm32f10x_rcc.o
       442          6          0          0          0       6277   stm32f10x_usart.o
       328         28          0         20          0       2157   system_stm32f10x.o
       430         40          0          6       2560       5560   usart.o
      1082        296        181         76          0       5803   wifi.o

    ----------------------------------------------------------------------
      8158       1292        708        204       7552     527705   Object Totals
         0          0         32          0          0          0   (incl. Generated)
        24          0          3          4          0          0   (incl. Padding)

    ----------------------------------------------------------------------

      Code (inc. data)   RO Data    RW Data    ZI Data      Debug   Library Member Name

        24          4          0          0          0         84   __2printf.o
        44          6          0          0          0         84   __2sprintf.o
         8          0          0          0          0         68   __main.o
       392          4         17          0          0         92   __printf_flags_ss_wp.o
        14          0          0          0          0         68   __printf_wp.o
         0          0          0          0          0          0   __rtentry.o
        12          0          0          0          0          0   __rtentry2.o
         6          0          0          0          0          0   __rtentry4.o
        52          8          0          0          0          0   __scatter.o
        26          0          0          0          0          0   __scatter_copy.o
        28          0          0          0          0          0   __scatter_zi.o
         6          0          0          0          0          0   _printf_a.o
         6          0          0          0          0          0   _printf_c.o
        44          0          0          0          0        108   _printf_char.o
        48          6          0          0          0         96   _printf_char_common.o
        36          4          0          0          0         80   _printf_char_file.o
        40          0          0          0          0         68   _printf_charcount.o
         6          0          0          0          0          0   _printf_d.o
       120         16          0          0          0         92   _printf_dec.o
         6          0          0          0          0          0   _printf_e.o
         6          0          0          0          0          0   _printf_f.o
      1050          0          0          0          0        216   _printf_fp_dec.o
       128         16          0          0          0         84   _printf_fp_infnan.o
         6          0          0          0          0          0   _printf_g.o
       148          4         40          0          0        160   _printf_hex_int_ll_ptr.o
         6          0          0          0          0          0   _printf_i.o
       178          0          0          0          0         88   _printf_intcommon.o
        10          0          0          0          0          0   _printf_l.o
         6          0          0          0          0          0   _printf_lc.o
        10          0          0          0          0          0   _printf_ll.o
         6          0          0          0          0          0   _printf_lld.o
         6          0          0          0          0          0   _printf_lli.o
         6          0          0          0          0          0   _printf_llo.o
         6          0          0          0          0          0   _printf_llu.o
         6          0          0          0          0          0   _printf_llx.o
       124         16          0          0          0         92   _printf_longlong_dec.o
         6          0          0          0          0          0   _printf_ls.o
         6          0          0          0          0          0   _printf_n.o
         6          0          0          0          0          0   _printf_o.o
       112          8          0          0          0        124   _printf_oct_int_ll.o
         6          0          0          0          0          0   _printf_p.o
        78          0          0          0          0        108   _printf_pad.o
         0          0          0          0          0          0   _printf_percent.o
         4          0          0          0          0          0   _printf_percent_end.o
         6          0          0          0          0          0   _printf_s.o
        82          0          0          0          0         80   _printf_str.o
        36          0          0          0          0         84   _printf_truncate.o
         6          0          0          0          0          0   _printf_u.o
        44          0          0          0          0        108   _printf_wchar.o
       188          6          8          0          0         92   _printf_wctomb.o
         6          0          0          0          0          0   _printf_x.o
        10          0          0          0          0         68   _sputc.o
        64          0          0          0          0         92   _wcrtomb.o
       220          4        148          0          0         96   bigflt0.o
      1910        128          0          0          0        672   btod.o
        36          4          0          0          0         76   c89vsprintf.o
        18          0          0          0          0         80   exit.o
         8          0          0          0          0         68   ferror.o
         6          0          0          0          0        152   heapauxi.o
        44         10        272          0          0         76   lc_ctype_c.o
        44         10         28          0          0         76   lc_numeric_c.o
         2          0          0          0          0          0   libinit.o
        30          0          0          0          0          0   libinit2.o
         2          0          0          0          0          0   libshutdown.o
         2          0          0          0          0          0   libshutdown2.o
         8          4          0          0         96         68   libspace.o
       138          0          0          0          0         80   lludiv10.o
        16          4          0          0          0         76   rt_ctype_table.o
         8          4          0          0          0         68   rt_locale_intlibspace.o
        68          0          0          0          0         68   rt_memclr.o
        78          0          0          0          0         80   rt_memclr_w.o
         2          0          0          0          0          0   rtexit.o
        10          0          0          0          0          0   rtexit2.o
       128          0          0          0          0         68   strcmpv7m.o
        62          0          0          0          0         76   strlen.o
        36          0          0          0          0         80   strstr.o
        74          0          0          0          0         80   sys_stackheap_outer.o
         2          0          0          0          0         68   use_no_semi.o
         2          0          0          0          0         68   use_no_semi_2.o
         4          0          0          0          0         68   printf1.o
         0          0          0          0          0          0   usenofp.o
        40          0          0          0          0         68   fpclassify.o

    ----------------------------------------------------------------------
      6294        266        516          0        100       4548   Library Totals
        16          0          3          0          4          0   (incl. Padding)

    ----------------------------------------------------------------------

      Code (inc. data)   RO Data    RW Data    ZI Data      Debug   Library Name

      6234        266        513          0         96       4412   c_w.l
         4          0          0          0          0         68   fz_ws.l
        40          0          0          0          0         68   m_ws.l

    ----------------------------------------------------------------------
      6294        266        516          0        100       4548   Library Totals

    ----------------------------------------------------------------------

==============================================================================


      Code (inc. data)   RO Data    RW Data    ZI Data      Debug   

     14452       1558       1224        204       7652     524813   Grand Totals
     14452       1558       1224        204       7652     524813   ELF Image Totals
     14452       1558       1224        204          0          0   ROM Totals

==============================================================================

    Total RO  Size (Code + RO Data)                15676 (  15.31kB)
    Total RW  Size (RW Data + ZI Data)              7856 (   7.67kB)
    Total ROM Size (Code + RO Data + RW Data)      15880 (  15.51kB)

==============================================================================

