Component: ARM Compiler 5.06 update 1 (build 61) Tool: armlink [4d35a8]

==============================================================================

Section Cross References

    main.o(i.connectPISER) refers to system_stm32f10x.o(i.SystemInit) for SystemInit
    main.o(i.connectPISER) refers to wifi.o(i.atk_8266_quit_trans) for atk_8266_quit_trans
    main.o(i.connectPISER) refers to wifi.o(i.esp_8662_init) for esp_8662_init
    main.o(i.connectPISER) refers to wifi.o(i.atk_8266_send_cmd) for atk_8266_send_cmd
    main.o(i.connectPISER) refers to wifi.o(i.client_init) for client_init
    main.o(i.connectPISER) refers to wifi.o(i.client_send) for client_send
    main.o(i.driverinit) refers to misc.o(i.NVIC_PriorityGroupConfig) for NVIC_PriorityGroupConfig
    main.o(i.driverinit) refers to system_stm32f10x.o(i.SystemInit) for SystemInit
    main.o(i.driverinit) refers to delay.o(i.delay_init) for delay_init
    main.o(i.driverinit) refers to usart.o(i.uart_init) for uart_init
    main.o(i.driverinit) refers to switch.o(i.SWITCH_init) for SWITCH_init
    main.o(i.driverinit) refers to main.o(i.connectPISER) for connectPISER
    main.o(i.driverinit) refers to delay.o(i.delay_ms) for delay_ms
    main.o(i.driverinit) refers to main.o(.data) for wifiST
    main.o(i.main) refers to main.o(i.driverinit) for driverinit
    main.o(i.main) refers to __2printf.o(.text) for __2printf
    main.o(i.main) refers to wifi.o(i.receive_server) for receive_server
    main.o(i.main) refers to delay.o(i.delay_ms) for delay_ms
    main.o(i.main) refers to main.o(.data) for wifiST
    system_stm32f10x.o(i.SetSysClock) refers to system_stm32f10x.o(i.SetSysClockTo72) for SetSysClockTo72
    system_stm32f10x.o(i.SystemCoreClockUpdate) refers to system_stm32f10x.o(.data) for SystemCoreClock
    system_stm32f10x.o(i.SystemInit) refers to system_stm32f10x.o(i.SetSysClock) for SetSysClock
    startup_stm32f10x_md.o(STACK) refers (Special) to heapauxi.o(.text) for __use_two_region_memory
    startup_stm32f10x_md.o(HEAP) refers (Special) to heapauxi.o(.text) for __use_two_region_memory
    startup_stm32f10x_md.o(RESET) refers (Special) to heapauxi.o(.text) for __use_two_region_memory
    startup_stm32f10x_md.o(RESET) refers to startup_stm32f10x_md.o(STACK) for __initial_sp
    startup_stm32f10x_md.o(RESET) refers to startup_stm32f10x_md.o(.text) for Reset_Handler
    startup_stm32f10x_md.o(RESET) refers to stm32f10x_it.o(i.NMI_Handler) for NMI_Handler
    startup_stm32f10x_md.o(RESET) refers to stm32f10x_it.o(i.HardFault_Handler) for HardFault_Handler
    startup_stm32f10x_md.o(RESET) refers to stm32f10x_it.o(i.MemManage_Handler) for MemManage_Handler
    startup_stm32f10x_md.o(RESET) refers to stm32f10x_it.o(i.BusFault_Handler) for BusFault_Handler
    startup_stm32f10x_md.o(RESET) refers to stm32f10x_it.o(i.UsageFault_Handler) for UsageFault_Handler
    startup_stm32f10x_md.o(RESET) refers to stm32f10x_it.o(i.SVC_Handler) for SVC_Handler
    startup_stm32f10x_md.o(RESET) refers to stm32f10x_it.o(i.DebugMon_Handler) for DebugMon_Handler
    startup_stm32f10x_md.o(RESET) refers to stm32f10x_it.o(i.PendSV_Handler) for PendSV_Handler
    startup_stm32f10x_md.o(RESET) refers to stm32f10x_it.o(i.SysTick_Handler) for SysTick_Handler
    startup_stm32f10x_md.o(RESET) refers to usart.o(i.USART1_IRQHandler) for USART1_IRQHandler
    startup_stm32f10x_md.o(.text) refers (Special) to heapauxi.o(.text) for __use_two_region_memory
    startup_stm32f10x_md.o(.text) refers to system_stm32f10x.o(i.SystemInit) for SystemInit
    startup_stm32f10x_md.o(.text) refers to __main.o(!!!main) for __main
    startup_stm32f10x_md.o(.text) refers to startup_stm32f10x_md.o(HEAP) for Heap_Mem
    startup_stm32f10x_md.o(.text) refers to startup_stm32f10x_md.o(STACK) for Stack_Mem
    stm32f10x_cec.o(i.CEC_DeInit) refers to stm32f10x_rcc.o(i.RCC_APB1PeriphResetCmd) for RCC_APB1PeriphResetCmd
    stm32f10x_dac.o(i.DAC_DeInit) refers to stm32f10x_rcc.o(i.RCC_APB1PeriphResetCmd) for RCC_APB1PeriphResetCmd
    stm32f10x_flash.o(i.FLASH_EnableWriteProtection) refers to stm32f10x_flash.o(i.FLASH_WaitForLastOperation) for FLASH_WaitForLastOperation
    stm32f10x_flash.o(i.FLASH_EraseAllBank1Pages) refers to stm32f10x_flash.o(i.FLASH_WaitForLastBank1Operation) for FLASH_WaitForLastBank1Operation
    stm32f10x_flash.o(i.FLASH_EraseAllPages) refers to stm32f10x_flash.o(i.FLASH_WaitForLastOperation) for FLASH_WaitForLastOperation
    stm32f10x_flash.o(i.FLASH_EraseOptionBytes) refers to stm32f10x_flash.o(i.FLASH_GetReadOutProtectionStatus) for FLASH_GetReadOutProtectionStatus
    stm32f10x_flash.o(i.FLASH_EraseOptionBytes) refers to stm32f10x_flash.o(i.FLASH_WaitForLastOperation) for FLASH_WaitForLastOperation
    stm32f10x_flash.o(i.FLASH_ErasePage) refers to stm32f10x_flash.o(i.FLASH_WaitForLastOperation) for FLASH_WaitForLastOperation
    stm32f10x_flash.o(i.FLASH_ProgramHalfWord) refers to stm32f10x_flash.o(i.FLASH_WaitForLastOperation) for FLASH_WaitForLastOperation
[...]
    ../clib/printf.c                         0x00000000   Number         0  __printf_flags_wp.o ABSOLUTE
    ../clib/printf.c                         0x00000000   Number         0  __printf_ss_wp.o ABSOLUTE
    ../clib/printf.c                         0x00000000   Number         0  __printf_flags_ss_wp.o ABSOLUTE
    ../clib/printf.c                         0x00000000   Number         0  _printf_wchar.o ABSOLUTE
    ../clib/printf.c                         0x00000000   Number         0  __printf_nopercent.o ABSOLUTE
    ../clib/printf.c                         0x00000000   Number         0  _printf_fp_dec.o ABSOLUTE
    ../clib/printf.c                         0x00000000   Number         0  _printf_intcommon.o ABSOLUTE
    ../clib/printf.c                         0x00000000   Number         0  _printf_pad.o ABSOLUTE
    ../clib/printf.c                         0x00000000   Number         0  _printf_truncate.o ABSOLUTE
    ../clib/printf.c                         0x00000000   Number         0  _printf_dec.o ABSOLUTE
    ../clib/printf.c                         0x00000000   Number         0  _printf_charcount.o ABSOLUTE
    ../clib/printf.c                         0x00000000   Number         0  _printf_char_common.o ABSOLUTE
    ../clib/printf.c                         0x00000000   Number         0  _sputc.o ABSOLUTE
    ../clib/printf.c                         0x00000000   Number         0  _printf_char.o ABSOLUTE
    ../clib/printf.c                         0x00000000   Number         0  _printf_wctomb.o ABSOLUTE
    ../clib/printf.c                         0x00000000   Number         0  _printf_longlong_dec.o ABSOLUTE
    ../clib/printf.c                         0x00000000   Number         0  _printf_oct_ll.o ABSOLUTE
    ../clib/printf.c                         0x00000000   Number         0  _printf_oct_int.o ABSOLUTE
    ../clib/printf.c                         0x00000000   Number         0  _printf_oct_int_ll.o ABSOLUTE
    ../clib/printf.c                         0x00000000   Number         0  _printf_hex_ll.o ABSOLUTE
    ../clib/printf.c                         0x00000000   Number         0  _printf_hex_int.o ABSOLUTE
    ../clib/printf.c                         0x00000000   Number         0  _printf_hex_int_ll.o ABSOLUTE
    ../clib/printf_percent.s                 0x00000000   Number         0  _printf_x.o ABSOLUTE
    ../clib/printf_percent.s                 0x00000000   Number         0  _printf_e.o ABSOLUTE
    ../clib/printf_percent.s                 0x00000000   Number         0  _printf_llx.o ABSOLUTE
    ../clib/printf_percent.s                 0x00000000   Number         0  _printf_c.o ABSOLUTE
    ../clib/printf_percent.s                 0x00000000   Number         0  _printf_llu.o ABSOLUTE
    ../clib/printf_percent.s                 0x00000000   Number         0  _printf_f.o ABSOLUTE
    ../clib/printf_percent.s                 0x00000000   Number         0  _printf_n.o ABSOLUTE
    ../clib/printf_percent.s                 0x00000000   Number         0  _printf_ll.o ABSOLUTE
    ../clib/printf_percent.s                 0x00000000   Number         0  _printf_lli.o ABSOLUTE
    ../clib/printf_percent.s                 0x00000000   Number         0  _printf_u.o ABSOLUTE
    ../clib/printf_percent.s                 0x00000000   Number         0  _printf_p.o ABSOLUTE
    ../clib/printf_percent.s                 0x00000000   Number         0  _printf_percent_end.o ABSOLUTE
    ../clib/printf_percent.s                 0x00000000   Number         0  _printf_o.o ABSOLUTE
    ../clib/printf_percent.s                 0x00000000   Number         0  _printf_d.o ABSOLUTE
    ../clib/printf_percent.s                 0x00000000   Number         0  _printf_g.o ABSOLUTE
    ../clib/printf_percent.s                 0x00000000   Number         0  _printf_i.o ABSOLUTE
    ../clib/printf_percent.s                 0x00000000   Number         0  _printf_a.o ABSOLUTE
    ../clib/printf_percent.s                 0x00000000   Number         0  _printf_s.o ABSOLUTE
    ../clib/printf_percent.s                 0x00000000   Number         0  _printf_percent.o ABSOLUTE
    ../clib/printf_percent.s                 0x00000000   Number         0  _printf_l.o ABSOLUTE
    ../clib/printf_percent.s                 0x00000000   Number         0  _printf_lc.o ABSOLUTE
    ../clib/printf_percent.s                 0x00000000   Number         0  _printf_ls.o ABSOLUTE
    ../clib/printf_percent.s                 0x00000000   Number         0  _printf_llo.o ABSOLUTE
    ../clib/printf_percent.s                 0x00000000   Number         0  _printf_lld.o ABSOLUTE
    ../clib/signal.c                         0x00000000   Number         0  defsig_segv_inner.o ABSOLUTE
    ../clib/signal.c                         0x00000000   Number         0  defsig_rtmem_inner.o ABSOLUTE
    ../clib/signal.c                         0x00000000   Number         0  defsig_exit.o ABSOLUTE
    ../clib/signal.c                         0x00000000   Number         0  defsig_rtmem_outer.o ABSOLUTE
    ../clib/signal.c                         0x00000000   Number         0  defsig_fpe_inner.o ABSOLUTE
    ../clib/signal.c                         0x00000000   Number         0  defsig_abrt_inner.o ABSOLUTE
    ../clib/signal.c                         0x00000000   Number         0  __raise.o ABSOLUTE
    ../clib/signal.c                         0x00000000   Number         0  defsig_general.o ABSOLUTE
    ../clib/signal.c                         0x00000000   Number         0  defsig_cppl_inner.o ABSOLUTE
    ../clib/signal.c                         0x00000000   Number         0  defsig_pvfn_inner.o ABSOLUTE
    ../clib/signal.c                         0x00000000   Number         0  defsig_stak_inner.o ABSOLUTE
    ../clib/signal.c                         0x00000000   Number         0  defsig_other.o ABSOLUTE
    ../clib/signal.c                         0x00000000   Number         0  defsig_rtred_inner.o ABSOLUTE
    ../clib/signal.c                         0x00000000   Number         0  defsig_rtmem_formal.o ABSOLUTE
    ../clib/signal.s                         0x00000000   Number         0  defsig.o ABSOLUTE
    ../clib/stdio.c                          0x00000000   Number         0  ferror.o ABSOLUTE
    ../clib/stdio.c                          0x00000000   Number         0  ferror_locked.o ABSOLUTE
    ../clib/stdlib.c                         0x00000000   Number         0  exit.o ABSOLUTE
    ../clib/string.c                         0x00000000   Number         0  strlen.o ABSOLUTE
    ../clib/string.c                         0x00000000   Number         0  strstr.o ABSOLUTE
    ../fplib/fpinit.s                        0x00000000   Number         0  fpinit.o ABSOLUTE
    ../fplib/istatus.s                       0x00000000   Number         0  istatus.o ABSOLUTE
    ../fplib/printf1.s                       0x00000000   Number         0  printf1.o ABSOLUTE
    ../fplib/usenofp.s                       0x00000000   Number         0  usenofp.o ABSOLUTE
    ../mathlib/fpclassify.c                  0x00000000   Number         0  fpclassify.o ABSOLUTE
    ..\CORE\core_cm3.c                       0x00000000   Number         0  core_cm3.o ABSOLUTE
    ..\CORE\startup_stm32f10x_md.s           0x00000000   Number         0  startup_stm32f10x_md.o ABSOLUTE
    ..\DRIVER\Esp8226_H\wifi.c               0x00000000   Number         0  wifi.o ABSOLUTE
    ..\DRIVER\SWITCH\switch.c                0x00000000   Number         0  switch.o ABSOLUTE
    ..\STM32F10x_FWLib\src\misc.c            0x00000000   Number         0  misc.o ABSOLUTE
    ..\STM32F10x_FWLib\src\stm32f10x_cec.c   0x00000000   Number         0  stm32f10x_cec.o ABSOLUTE
    ..\STM32F10x_FWLib\src\stm32f10x_crc.c   0x00000000   Number         0  stm32f10x_crc.o ABSOLUTE
    ..\STM32F10x_FWLib\src\stm32f10x_dac.c   0x00000000   Number         0  stm32f10x_dac.o ABSOLUTE
    ..\STM32F10x_FWLib\src\stm32f10x_dbgmcu.c 0x00000000   Number         0  stm32f10x_dbgmcu.o ABSOLUTE
    ..\STM32F10x_FWLib\src\stm32f10x_dma.c   0x00000000   Number         0  stm32f10x_dma.o ABSOLUTE
    ..\STM32F10x_FWLib\src\stm32f10x_exti.c  0x00000000   Number         0  stm32f10x_exti.o ABSOLUTE
    ..\STM32F10x_FWLib\src\stm32f10x_flash.c 0x00000000   Number         0  stm32f10x_flash.o ABSOLUTE
    ..\STM32F10x_FWLib\src\stm32f10x_gpio.c  0x00000000   Number         0  stm32f10x_gpio.o ABSOLUTE
    ..\STM32F10x_FWLib\src\stm32f10x_iwdg.c  0x00000000   Number         0  stm32f10x_iwdg.o ABSOLUTE
    ..\STM32F10x_FWLib\src\stm32f10x_pwr.c   0x00000000   Number         0  stm32f10x_pwr.o ABSOLUTE
    ..\STM32F10x_FWLib\src\stm32f10x_rcc.c   0x00000000   Number         0  stm32f10x_rcc.o ABSOLUTE
    ..\STM32F10x_FWLib\src\stm32f10x_rtc.c   0x00000000   Number         0  stm32f10x_rtc.o ABSOLUTE
    ..\STM32F10x_FWLib\src\stm32f10x_sdio.c  0x00000000   Number         0  stm32f10x_sdio.o ABSOLUTE
    ..\STM32F10x_FWLib\src\stm32f10x_spi.c   0x00000000   Number         0  stm32f10x_spi.o ABSOLUTE
    ..\STM32F10x_FWLib\src\stm32f10x_tim.c   0x00000000   Number         0  stm32f10x_tim.o ABSOLUTE
    ..\STM32F10x_FWLib\src\stm32f10x_usart.c 0x00000000   Number         0  stm32f10x_usart.o ABSOLUTE
    ..\SYSTEM\delay\delay.c                  0x00000000   Number         0  delay.o ABSOLUTE
    ..\SYSTEM\sys\sys.c                      0x00000000   Number         0  sys.o ABSOLUTE
    ..\SYSTEM\usart\usart.c                  0x00000000   Number         0  usart.o ABSOLUTE
    ..\\CORE\\core_cm3.c                     0x00000000   Number         0  core_cm3.o ABSOLUTE
    ..\\SYSTEM\\sys\\sys.c                   0x00000000   Number         0  sys.o ABSOLUTE
    dc.s                                     0x00000000   Number         0  dc.o ABSOLUTE
    main.c                                   0x00000000   Number         0  main.o ABSOLUTE
    stm32f10x_it.c                           0x00000000   Number         0  stm32f10x_it.o ABSOLUTE
    system_stm32f10x.c                       0x00000000   Number         0  system_stm32f10x.o ABSOLUTE
    RESET                                    0x08000000   Section      236  startup_stm32f10x_md.o(RESET)
    !!!main                                  0x080000ec   Section        8  __main.o(!!!main)
    !!!scatter                               0x080000f4   Section       52  __scatter.o(!!!scatter)
    !!handler_copy                           0x08000128   Section       26  __scatter_copy.o(!!handler_copy)
    !!handler_zi                             0x08000144   Section       28  __scatter_zi.o(!!handler_zi)
    .ARM.Collect$$_printf_percent$$00000000  0x08000160   Section        0  _printf_percent.o(.ARM.Collect$$_printf_percent$$00000000)
    .ARM.Collect$$_printf_percent$$00000001  0x08000160   Section        6  _printf_n.o(.ARM.Collect$$_printf_percent$$00000001)
    .ARM.Collect$$_printf_percent$$00000002  0x08000166   Section        6  _printf_p.o(.ARM.Collect$$_printf_percent$$00000002)
    .ARM.Collect$$_printf_percent$$00000003  0x0800016c   Section        6  _printf_f.o(.ARM.Collect$$_printf_percent$$00000003)
    .ARM.Collect$$_printf_percent$$00000004  0x08000172   Section        6  _printf_e.o(.ARM.Collect$$_printf_percent$$00000004)
    .ARM.Collect$$_printf_percent$$00000005  0x08000178   Section        6  _printf_g.o(.ARM.Collect$$_printf_percent$$00000005)
    .ARM.Collect$$_printf_percent$$00000006  0x0800017e   Section        6  _printf_a.o(.ARM.Collect$$_printf_percent$$00000006)
    .ARM.Collect$$_printf_percent$$00000007  0x08000184   Section       10  _printf_ll.o(.ARM.Collect$$_printf_percent$$00000007)
    .ARM.Collect$$_printf_percent$$00000008  0x0800018e   Section        6  _printf_i.o(.ARM.Collect$$_printf_percent$$00000008)
    .ARM.Collect$$_printf_percent$$00000009  0x08000194   Section        6  _printf_d.o(.ARM.Collect$$_printf_percent$$00000009)
    .ARM.Collect$$_printf_percent$$0000000A  0x0800019a   Section        6  _printf_u.o(.ARM.Collect$$_printf_percent$$0000000A)
    .ARM.Collect$$_printf_percent$$0000000B  0x080001a0   Section        6  _printf_o.o(.ARM.Collect$$_printf_percent$$0000000B)
    .ARM.Collect$$_printf_percent$$0000000C  0x080001a6   Section        6  _printf_x.o(.ARM.Collect$$_printf_percent$$0000000C)
    .ARM.Collect$$_printf_percent$$0000000D  0x080001ac   Section        6  _printf_lli.o(.ARM.Collect$$_printf_percent$$0000000D)
    .ARM.Collect$$_printf_percent$$0000000E  0x080001b2   Section        6  _printf_lld.o(.ARM.Collect$$_printf_percent$$0000000E)
    .ARM.Collect$$_printf_percent$$0000000F  0x080001b8   Section        6  _printf_llu.o(.ARM.Collect$$_printf_percent$$0000000F)
    .ARM.Collect$$_printf_percent$$00000010  0x080001be   Section        6  _printf_llo.o(.ARM.Collect$$_printf_percent$$00000010)
    .ARM.Collect$$_printf_percent$$00000011  0x080001c4   Section        6  _printf_llx.o(.ARM.Collect$$_printf_percent$$00000011)
    .ARM.Collect$$_printf_percent$$00000012  0x080001ca   Section       10  _printf_l.o(.ARM.Collect$$_printf_percent$$00000012)
    .ARM.Collect$$_printf_percent$$00000013  0x080001d4   Section        6  _printf_c.o(.ARM.Collect$$_printf_percent$$00000013)
    .ARM.Collect$$_printf_percent$$00000014  0x080001da   Section        6  _printf_s.o(.ARM.Collect$$_printf_percent$$00000014)
    .ARM.Collect$$_printf_percent$$00000015  0x080001e0   Section        6  _printf_lc.o(.ARM.Collect$$_printf_percent$$00000015)
    .ARM.Collect$$_printf_percent$$00000016  0x080001e6   Section        6  _printf_ls.o(.ARM.Collect$$_printf_percent$$00000016)
    .ARM.Collect$$_printf_percent$$00000017  0x080001ec   Section        4  _printf_percent_end.o(.ARM.Collect$$_printf_percent$$00000017)
    .ARM.Collect$$libinit$$00000000          0x080001f0   Section        2  libinit.o(.ARM.Collect$$libinit$$00000000)
    .ARM.Collect$$libinit$$00000002          0x080001f2   Section        0  libinit2.o(.ARM.Collect$$libinit$$00000002)
    .ARM.Collect$$libinit$$00000004          0x080001f2   Section        0  libinit2.o(.ARM.Collect$$libinit$$00000004)
    .ARM.Collect$$libinit$$0000000A          0x080001f2   Section        0  libinit2.o(.ARM.Collect$$libinit$$0000000A)
    .ARM.Collect$$libinit$$0000000C          0x080001f2   Section        0  libinit2.o(.ARM.Collect$$libinit$$0000000C)
    .ARM.Collect$$libinit$$0000000E          0x080001f2   Section        0  libinit2.o(.ARM.Collect$$libinit$$0000000E)
    .ARM.Collect$$libinit$$0000000F          0x080001f2   Section        6  libinit2.o(.ARM.Collect$$libinit$$0000000F)
    .ARM.Collect$$libinit$$00000011          0x080001f8   Section        0  libinit2.o(.ARM.Collect$$libinit$$00000011)
    .ARM.Collect$$libinit$$00000012          0x080001f8   Section       12  libinit2.o(.ARM.Collect$$libinit$$00000012)
    .ARM.Collect$$libinit$$00000013          0x08000204   Section        0  libinit2.o(.ARM.Collect$$libinit$$00000013)
    .ARM.Collect$$libinit$$00000015          0x08000204   Section        0  libinit2.o(.ARM.Collect$$libinit$$00000015)
    .ARM.Collect$$libinit$$00000016          0x08000204   Section       10  libinit2.o(.ARM.Collect$$libinit$$00000016)
    .ARM.Collect$$libinit$$00000017          0x0800020e   Section        0  libinit2.o(.ARM.Collect$$libinit$$00000017)
    .ARM.Collect$$libinit$$00000019          0x0800020e   Section        0  libinit2.o(.ARM.Collect$$libinit$$00000019)
    .ARM.Collect$$libinit$$0000001B          0x0800020e   Section        0  libinit2.o(.ARM.Collect$$libinit$$0000001B)
    .ARM.Collect$$libinit$$0000001D          0x0800020e   Section        0  libinit2.o(.ARM.Collect$$libinit$$0000001D)
    .ARM.Collect$$libinit$$0000001F          0x0800020e   Section        0  libinit2.o(.ARM.Collect$$libinit$$0000001F)
    .ARM.Collect$$libinit$$00000021          0x0800020e   Section        0  libinit2.o(.ARM.Collect$$libinit$$00000021)
    .ARM.Collect$$libinit$$00000023          0x0800020e   Section        0  libinit2.o(.ARM.Collect$$libinit$$00000023)
    .ARM.Collect$$libinit$$00000025          0x0800020e   Section        0  libinit2.o(.ARM.Collect$$libinit$$00000025)
    .ARM.Collect$$libinit$$0000002C          0x0800020e   Section        0  libinit2.o(.ARM.Collect$$libinit$$0000002C)
    .ARM.Collect$$libinit$$0000002E          0x0800020e   Section        0  libinit2.o(.ARM.Collect$$libinit$$0000002E)
    .ARM.Collect$$libinit$$00000030          0x0800020e   Section        0  libinit2.o(.ARM.Collect$$libinit$$00000030)
    .ARM.Collect$$libinit$$00000032          0x0800020e   Section        0  libinit2.o(.ARM.Collect$$libinit$$00000032)
    .ARM.Collect$$libinit$$00000033          0x0800020e   Section        2  libinit2.o(.ARM.Collect$$libinit$$00000033)
    .ARM.Collect$$libshutdown$$00000000      0x08000210   Section        2  libshutdown.o(.ARM.Collect$$libshutdown$$00000000)
    .ARM.Collect$$libshutdown$$00000002      0x08000212   Section        0  libshutdown2.o(.ARM.Collect$$libshutdown$$00000002)
    .ARM.Collect$$libshutdown$$00000004      0x08000212   Section        0  libshutdown2.o(.ARM.Collect$$libshutdown$$00000004)
    .ARM.Collect$$libshutdown$$00000007      0x08000212   Section        0  libshutdown2.o(.ARM.Collect$$libshutdown$$00000007)
    .ARM.Collect$$libshutdown$$0000000A      0x08000212   Section        0  libshutdown2.o(.ARM.Collect$$libshutdown$$0000000A)
    .ARM.Collect$$libshutdown$$0000000C      0x08000212   Section        0  libshutdown2.o(.ARM.Collect$$libshutdown$$0000000C)
    .ARM.Collect$$libshutdown$$0000000F      0x08000212   Section        0  libshutdown2.o(.ARM.Collect$$libshutdown$$0000000F)
    .ARM.Collect$$libshutdown$$00000010      0x08000212   Section        2  libshutdown2.o(.ARM.Collect$$libshutdown$$00000010)
    .ARM.Collect$$rtentry$$00000000          0x08000214   Section        0  __rtentry.o(.ARM.Collect$$rtentry$$00000000)
    .ARM.Collect$$rtentry$$00000002          0x08000214   Section        0  __rtentry2.o(.ARM.Collect$$rtentry$$00000002)
    .ARM.Collect$$rtentry$$00000004          0x08000214   Section        6  __rtentry4.o(.ARM.Collect$$rtentry$$00000004)
    .ARM.Collect$$rtentry$$00000009          0x0800021a   Section        0  __rtentry2.o(.ARM.Collect$$rtentry$$00000009)
    .ARM.Collect$$rtentry$$0000000A          0x0800021a   Section        4  __rtentry2.o(.ARM.Collect$$rtentry$$0000000A)
    .ARM.Collect$$rtentry$$0000000C          0x0800021e   Section        0  __rtentry2.o(.ARM.Collect$$rtentry$$0000000C)
    .ARM.Collect$$rtentry$$0000000D          0x0800021e   Section        8  __rtentry2.o(.ARM.Collect$$rtentry$$0000000D)
    .ARM.Collect$$rtexit$$00000000           0x08000226   Section        2  rtexit.o(.ARM.Collect$$rtexit$$00000000)
    .ARM.Collect$$rtexit$$00000002           0x08000228   Section        0  rtexit2.o(.ARM.Collect$$rtexit$$00000002)
    .ARM.Collect$$rtexit$$00000003           0x08000228   Section        4  rtexit2.o(.ARM.Collect$$rtexit$$00000003)
    .ARM.Collect$$rtexit$$00000004           0x0800022c   Section        6  rtexit2.o(.ARM.Collect$$rtexit$$00000004)
    .text                                    0x08000234   Section       64  startup_stm32f10x_md.o(.text)
    .text                                    0x08000274   Section        2  use_no_semi_2.o(.text)
    .text                                    0x08000278   Section        0  c89vsprintf.o(.text)
    .text                                    0x0800029c   Section        0  __2printf.o(.text)
    .text                                    0x080002b4   Section        0  __2sprintf.o(.text)
    .text                                    0x080002e0   Section        0  _printf_str.o(.text)
    .text                                    0x08000334   Section        0  __printf_flags_ss_wp.o(.text)
    .text                                    0x080004bc   Section        0  strstr.o(.text)
    .text                                    0x080004e0   Section        0  strlen.o(.text)
    .text                                    0x0800051e   Section       68  rt_memclr.o(.text)
    .text                                    0x08000562   Section        0  heapauxi.o(.text)
    .text                                    0x08000568   Section        2  use_no_semi.o(.text)
    .text                                    0x0800056a   Section        0  _printf_pad.o(.text)
    .text                                    0x080005b8   Section        0  _printf_truncate.o(.text)
    .text                                    0x080005dc   Section        0  _printf_dec.o(.text)
    .text                                    0x08000654   Section        0  _printf_charcount.o(.text)
    .text                                    0x0800067c   Section        0  _printf_char_common.o(.text)
    _printf_input_char                       0x0800067d   Thumb Code    10  _printf_char_common.o(.text)
    .text                                    0x080006ac   Section        0  _sputc.o(.text)
    .text                                    0x080006b6   Section        0  _printf_char.o(.text)
    .text                                    0x080006e4   Section        0  _printf_char_file.o(.text)
    .text                                    0x08000708   Section        0  _printf_wctomb.o(.text)
    .text                                    0x080007c4   Section        0  _printf_longlong_dec.o(.text)
    .text                                    0x08000840   Section        0  _printf_oct_int_ll.o(.text)
    _printf_longlong_oct_internal            0x08000841   Thumb Code     0  _printf_oct_int_ll.o(.text)
    .text                                    0x080008b0   Section        0  _printf_hex_int_ll_ptr.o(.text)
    _printf_hex_common                       0x080008b1   Thumb Code     0  _printf_hex_int_ll_ptr.o(.text)
    .text                                    0x08000944   Section       78  rt_memclr_w.o(.text)
    .text                                    0x08000992   Section      138  lludiv10.o(.text)
    .text                                    0x08000a1c   Section        0  _printf_intcommon.o(.text)
    .text                                    0x08000ace   Section        0  _printf_fp_dec.o(.text)
    _fp_digits                               0x08000ad1   Thumb Code   428  _printf_fp_dec.o(.text)
    .text                                    0x08000ee8   Section        0  _printf_wchar.o(.text)
    .text                                    0x08000f14   Section        0  ferror.o(.text)
    .text                                    0x08000f1c   Section        0  _wcrtomb.o(.text)
    .text                                    0x08000f5c   Section       74  sys_stackheap_outer.o(.text)
    .text                                    0x08000fa8   Section       16  rt_ctype_table.o(.text)
    .text                                    0x08000fb8   Section        8  rt_locale_intlibspace.o(.text)
    .text                                    0x08000fc0   Section        0  _printf_fp_infnan.o(.text)
    .text                                    0x08001040   Section        0  bigflt0.o(.text)
    .text                                    0x0800111c   Section        0  exit.o(.text)
    .text                                    0x08001130   Section        8  libspace.o(.text)
    .text                                    0x08001138   Section      128  strcmpv7m.o(.text)
    CL$$btod_d2e                             0x080011b8   Section       62  btod.o(CL$$btod_d2e)
    CL$$btod_d2e_denorm_low                  0x080011f6   Section       70  btod.o(CL$$btod_d2e_denorm_low)
    CL$$btod_d2e_norm_op1                    0x0800123c   Section       96  btod.o(CL$$btod_d2e_norm_op1)
    CL$$btod_div_common                      0x0800129c   Section      824  btod.o(CL$$btod_div_common)
    CL$$btod_e2e                             0x080015d4   Section      198  btod.o(CL$$btod_e2e)
    CL$$btod_ediv                            0x0800169a   Section       40  btod.o(CL$$btod_ediv)
    CL$$btod_emul                            0x080016c2   Section       40  btod.o(CL$$btod_emul)
    CL$$btod_mult_common                     0x080016ea   Section      580  btod.o(CL$$btod_mult_common)
    i.BusFault_Handler                       0x0800192e   Section        0  stm32f10x_it.o(i.BusFault_Handler)
    i.DebugMon_Handler                       0x08001932   Section        0  stm32f10x_it.o(i.DebugMon_Handler)
    i.GPIO_Init                              0x08001934   Section        0  stm32f10x_gpio.o(i.GPIO_Init)
    i.GPIO_ResetBits                         0x08001a4a   Section        0  stm32f10x_gpio.o(i.GPIO_ResetBits)
    i.GPIO_SetBits                           0x08001a4e   Section        0  stm32f10x_gpio.o(i.GPIO_SetBits)
    i.HardFault_Handler                      0x08001a52   Section        0  stm32f10x_it.o(i.HardFault_Handler)
    i.MemManage_Handler                      0x08001a56   Section        0  stm32f10x_it.o(i.MemManage_Handler)
    i.NMI_Handler                            0x08001a5a   Section        0  stm32f10x_it.o(i.NMI_Handler)
    i.NVIC_Init                              0x08001a5c   Section        0  misc.o(i.NVIC_Init)
    i.NVIC_PriorityGroupConfig               0x08001acc   Section        0  misc.o(i.NVIC_PriorityGroupConfig)
    i.PendSV_Handler                         0x08001ae0   Section        0  stm32f10x_it.o(i.PendSV_Handler)
    i.RCC_APB2PeriphClockCmd                 0x08001ae4   Section        0  stm32f10x_rcc.o(i.RCC_APB2PeriphClockCmd)
    i.RCC_GetClocksFreq                      0x08001b04   Section        0  stm32f10x_rcc.o(i.RCC_GetClocksFreq)
    i.SVC_Handler                            0x08001bd8   Section        0  stm32f10x_it.o(i.SVC_Handler)
    i.SWITCH_init                            0x08001bdc   Section        0  switch.o(i.SWITCH_init)
    i.SetSysClock                            0x08001c14   Section        0  system_stm32f10x.o(i.SetSysClock)
    SetSysClock                              0x08001c15   Thumb Code     8  system_stm32f10x.o(i.SetSysClock)
    i.SetSysClockTo72                        0x08001c1c   Section        0  system_stm32f10x.o(i.SetSysClockTo72)
    SetSysClockTo72                          0x08001c1d   Thumb Code   214  system_stm32f10x.o(i.SetSysClockTo72)
    i.SysTick_CLKSourceConfig                0x08001cfc   Section        0  misc.o(i.SysTick_CLKSourceConfig)
    i.SysTick_Handler                        0x08001d24   Section        0  stm32f10x_it.o(i.SysTick_Handler)
    i.SystemInit                             0x08001d28   Section        0  system_stm32f10x.o(i.SystemInit)
    i.USART1_IRQHandler                      0x08001d88   Section        0  usart.o(i.USART1_IRQHandler)
    i.USART_Cmd                              0x08001e10   Section        0  stm32f10x_usart.o(i.USART_Cmd)
    i.USART_GetFlagStatus                    0x08001e28   Section        0  stm32f10x_usart.o(i.USART_GetFlagStatus)
    i.USART_GetITStatus                      0x08001e42   Section        0  stm32f10x_usart.o(i.USART_GetITStatus)
    i.USART_ITConfig                         0x08001e96   Section        0  stm32f10x_usart.o(i.USART_ITConfig)
    i.USART_Init                             0x08001ee0   Section        0  stm32f10x_usart.o(i.USART_Init)
    i.USART_ReceiveData                      0x08001fb8   Section        0  stm32f10x_usart.o(i.USART_ReceiveData)
    i.USART_SendData                         0x08001fc2   Section        0  stm32f10x_usart.o(i.USART_SendData)
    i.UsageFault_Handler                     0x08001fca   Section        0  stm32f10x_it.o(i.UsageFault_Handler)
    i.__ARM_fpclassify                       0x08001fce   Section        0  fpclassify.o(i.__ARM_fpclassify)
    i._is_digit                              0x08001ff6   Section        0  __printf_wp.o(i._is_digit)
    i._sys_exit                              0x08002004   Section        0  usart.o(i._sys_exit)
    i.atk_8266_check_cmd                     0x0800200c   Section        0  wifi.o(i.atk_8266_check_cmd)
    i.atk_8266_quit_trans                    0x08002040   Section        0  wifi.o(i.atk_8266_quit_trans)
    i.atk_8266_send_cmd                      0x080020b0   Section        0  wifi.o(i.atk_8266_send_cmd)
    i.client_init                            0x08002110   Section        0  wifi.o(i.client_init)
    i.client_send                            0x08002174   Section        0  wifi.o(i.client_send)
    i.connectPISER                           0x08002184   Section        0  main.o(i.connectPISER)
    i.delay_init                             0x08002218   Section        0  delay.o(i.delay_init)
    i.delay_ms                               0x0800225c   Section        0  delay.o(i.delay_ms)
    i.driverinit                             0x080022a8   Section        0  main.o(i.driverinit)
    i.esp_8662_init                          0x080022e0   Section        0  wifi.o(i.esp_8662_init)
    i.fputc                                  0x08002350   Section        0  usart.o(i.fputc)
    i.main                                   0x0800236c   Section        0  main.o(i.main)
    i.receive_server                         0x080023b8   Section        0  wifi.o(i.receive_server)
    i.u_printf                               0x08002488   Section        0  usart.o(i.u_printf)
    i.uart_init                              0x080024d8   Section        0  usart.o(i.uart_init)
    locale$$code                             0x08002584   Section       44  lc_numeric_c.o(locale$$code)
    locale$$code                             0x080025b0   Section       44  lc_ctype_c.o(locale$$code)
    x$fpl$printf1                            0x080025dc   Section        4  printf1.o(x$fpl$printf1)
    .constdata                               0x080025e0   Section       17  __printf_flags_ss_wp.o(.constdata)
    x$fpl$usenofp                            0x080025e0   Section        0  usenofp.o(x$fpl$usenofp)
    maptable                                 0x080025e0   Data          17  __printf_flags_ss_wp.o(.constdata)
    .constdata                               0x080025f4   Section        8  _printf_wctomb.o(.constdata)
    initial_mbstate                          0x080025f4   Data           8  _printf_wctomb.o(.constdata)
    .constdata                               0x080025fc   Section       40  _printf_hex_int_ll_ptr.o(.constdata)
    uc_hextab                                0x080025fc   Data          20  _printf_hex_int_ll_ptr.o(.constdata)
    lc_hextab                                0x08002610   Data          20  _printf_hex_int_ll_ptr.o(.constdata)
    .constdata                               0x08002624   Section      148  bigflt0.o(.constdata)
    tenpwrs_x                                0x08002624   Data          60  bigflt0.o(.constdata)
    tenpwrs_i                                0x08002660   Data          64  bigflt0.o(.constdata)
    .conststring                             0x080026b8   Section      181  wifi.o(.conststring)
    locale$$data                             0x08002790   Section       28  lc_numeric_c.o(locale$$data)
    __lcnum_c_name                           0x08002794   Data           2  lc_numeric_c.o(locale$$data)
    __lcnum_c_start                          0x0800279c   Data           0  lc_numeric_c.o(locale$$data)
    __lcnum_c_point                          0x080027a8   Data           0  lc_numeric_c.o(locale$$data)
    __lcnum_c_thousands                      0x080027aa   Data           0  lc_numeric_c.o(locale$$data)
    __lcnum_c_grouping                       0x080027ab   Data           0  lc_numeric_c.o(locale$$data)
    locale$$data                             0x080027ac   Section      272  lc_ctype_c.o(locale$$data)
    __lcnum_c_end                            0x080027ac   Data           0  lc_numeric_c.o(locale$$data)
    __lcctype_c_name                         0x080027b0   Data           2  lc_ctype_c.o(locale$$data)
    __lcctype_c_start                        0x080027b8   Data           0  lc_ctype_c.o(locale$$data)
    __lcctype_c_end                          0x080028bc   Data           0  lc_ctype_c.o(locale$$data)
    .data                                    0x20000000   Section        1  main.o(.data)
    .data                                    0x20000004   Section       20  system_stm32f10x.o(.data)
    .data                                    0x20000018   Section       20  stm32f10x_rcc.o(.data)
    APBAHBPrescTable                         0x20000018   Data          16  stm32f10x_rcc.o(.data)
    ADCPrescTable                            0x20000028   Data           4  stm32f10x_rcc.o(.data)
    .data                                    0x2000002c   Section       72  wifi.o(.data)
    .data                                    0x20000074   Section        4  delay.o(.data)
    fac_us                                   0x20000074   Data           1  delay.o(.data)
    fac_ms                                   0x20000076   Data           2  delay.o(.data)
    .data                                    0x20000078   Section        6  usart.o(.data)
    .bss                                     0x20000080   Section     2560  usart.o(.bss)
    .bss                                     0x20000a80   Section       96  libspace.o(.bss)
    HEAP                                     0x20000ae0   Section      512  startup_stm32f10x_md.o(HEAP)
    Heap_Mem                                 0x20000ae0   Data         512  startup_stm32f10x_md.o(HEAP)
    STACK                                    0x20000ce0   Section     1024  startup_stm32f10x_md.o(STACK)
    Stack_Mem                                0x20000ce0   Data        1024  startup_stm32f10x_md.o(STACK)
    __initial_sp                             0x200010e0   Data           0  startup_stm32f10x_md.o(STACK)

    Global Symbols

    Symbol Name                              Value     Ov Type        Size  Object(Section)

    BuildAttributes$$THM_ISAv4$P$D$K$B$S$PE$A:L22UL41UL21$X:L11$S22US41US21$IEEE1$IW$USESV6$~STKCKD$USESV7$~SHL$OTIME$ROPI$IEEEJ$EBA8$UX$STANDARDLIB$REQ8$PRES8$EABIv2 0x00000000   Number         0  anon$$obj.o ABSOLUTE
    __ARM_use_no_argv                        0x00000000   Number         0  main.o ABSOLUTE
    _printf_flags                            0x00000000   Number         0  printf_stubs.o ABSOLUTE
    _printf_return_value                     0x00000000   Number         0  printf_stubs.o ABSOLUTE
    _printf_sizespec                         0x00000000   Number         0  printf_stubs.o ABSOLUTE
    _printf_widthprec                        0x00000000   Number         0  printf_stubs.o ABSOLUTE
    __ARM_exceptions_init                     - Undefined Weak Reference
    __alloca_initialize                       - Undefined Weak Reference
    __arm_preinit_                            - Undefined Weak Reference
    __cpp_initialize__aeabi_                  - Undefined Weak Reference
    __cxa_finalize                            - Undefined Weak Reference
    __sigvec_lookup                           - Undefined Weak Reference
    _atexit_init                              - Undefined Weak Reference
    _call_atexit_fns                          - Undefined Weak Reference
    _clock_init                               - Undefined Weak Reference
    _fp_trap_init                             - Undefined Weak Reference
    _fp_trap_shutdown                         - Undefined Weak Reference
    _get_lc_collate                           - Undefined Weak Reference
    _get_lc_monetary                          - Undefined Weak Reference
    _get_lc_time                              - Undefined Weak Reference
    _getenv_init                              - Undefined Weak Reference
    _handle_redirection                       - Undefined Weak Reference
    _init_alloc                               - Undefined Weak Reference
    _init_user_alloc                          - Undefined Weak Reference
    _initio                                   - Undefined Weak Reference
    _mutex_acquire                            - Undefined Weak Reference
    _mutex_release                            - Undefined Weak Reference
    _printf_fp_hex                            - Undefined Weak Reference
    _printf_mbtowc                            - Undefined Weak Reference
    _printf_wc                                - Undefined Weak Reference
    _rand_init                                - Undefined Weak Reference
    _signal_finish                            - Undefined Weak Reference
    _signal_init                              - Undefined Weak Reference
    _terminate_alloc                          - Undefined Weak Reference
    _terminate_user_alloc                     - Undefined Weak Reference
    _terminateio                              - Undefined Weak Reference
    __Vectors_Size                           0x000000ec   Number         0  startup_stm32f10x_md.o ABSOLUTE
    __Vectors                                0x08000000   Data           4  startup_stm32f10x_md.o(RESET)
    __Vectors_End                            0x080000ec   Data           0  startup_stm32f10x_md.o(RESET)
    __main                                   0x080000ed   Thumb Code     8  __main.o(!!!main)
    __scatterload                            0x080000f5   Thumb Code     0  __scatter.o(!!!scatter)
    __scatterload_rt2                        0x080000f5   Thumb Code    44  __scatter.o(!!!scatter)
    __scatterload_rt2_thumb_only             0x080000f5   Thumb Code     0  __scatter.o(!!!scatter)
    __scatterload_null                       0x08000103   Thumb Code     0  __scatter.o(!!!scatter)
    __scatterload_copy                       0x08000129   Thumb Code    26  __scatter_copy.o(!!handler_copy)
    __scatterload_zeroinit                   0x08000145   Thumb Code    28  __scatter_zi.o(!!handler_zi)
    _printf_n                                0x08000161   Thumb Code     0  _printf_n.o(.ARM.Collect$$_printf_percent$$00000001)
    _printf_percent                          0x08000161   Thumb Code     0  _printf_percent.o(.ARM.Collect$$_printf_percent$$00000000)
    _printf_p                                0x08000167   Thumb Code     0  _printf_p.o(.ARM.Collect$$_printf_percent$$00000002)
    _printf_f                                0x0800016d   Thumb Code     0  _printf_f.o(.ARM.Collect$$_printf_percent$$00000003)
    _printf_e                                0x08000173   Thumb Code     0  _printf_e.o(.ARM.Collect$$_printf_percent$$00000004)
    _printf_g                                0x08000179   Thumb Code     0  _printf_g.o(.ARM.Collect$$_printf_percent$$00000005)
    _printf_a                                0x0800017f   Thumb Code     0  _printf_a.o(.ARM.Collect$$_printf_percent$$00000006)
    _printf_ll                               0x08000185   Thumb Code     0  _printf_ll.o(.ARM.Collect$$_printf_percent$$00000007)
    _printf_i                                0x0800018f   Thumb Code     0  _printf_i.o(.ARM.Collect$$_printf_percent$$00000008)
    _printf_d                                0x08000195   Thumb Code     0  _printf_d.o(.ARM.Collect$$_printf_percent$$00000009)
    _printf_u                                0x0800019b   Thumb Code     0  _printf_u.o(.ARM.Collect$$_printf_percent$$0000000A)
    _printf_o                                0x080001a1   Thumb Code     0  _printf_o.o(.ARM.Collect$$_printf_percent$$0000000B)
    _printf_x                                0x080001a7   Thumb Code     0  _printf_x.o(.ARM.Collect$$_printf_percent$$0000000C)
    _printf_lli                              0x080001ad   Thumb Code     0  _printf_lli.o(.ARM.Collect$$_printf_percent$$0000000D)
    _printf_lld                              0x080001b3   Thumb Code     0  _printf_lld.o(.ARM.Collect$$_printf_percent$$0000000E)
    _printf_llu                              0x080001b9   Thumb Code     0  _printf_llu.o(.ARM.Collect$$_printf_percent$$0000000F)
    _printf_llo                              0x080001bf   Thumb Code     0  _printf_llo.o(.ARM.Collect$$_printf_percent$$00000010)
    _printf_llx                              0x080001c5   Thumb Code     0  _printf_llx.o(.ARM.Collect$$_printf_percent$$00000011)
    _printf_l                                0x080001cb   Thumb Code     0  _printf_l.o(.ARM.Collect$$_printf_percent$$00000012)
    _printf_c                                0x080001d5   Thumb Code     0  _printf_c.o(.ARM.Collect$$_printf_percent$$00000013)
    _printf_s                                0x080001db   Thumb Code     0  _printf_s.o(.ARM.Collect$$_printf_percent$$00000014)
    _printf_lc                               0x080001e1   Thumb Code     0  _printf_lc.o(.ARM.Collect$$_printf_percent$$00000015)
    _printf_ls                               0x080001e7   Thumb Code     0  _printf_ls.o(.ARM.Collect$$_printf_percent$$00000016)
    _printf_percent_end                      0x080001ed   Thumb Code     0  _printf_percent_end.o(.ARM.Collect$$_printf_percent$$00000017)
    __rt_lib_init                            0x080001f1   Thumb Code     0  libinit.o(.ARM.Collect$$libinit$$00000000)
    __rt_lib_init_fp_1                       0x080001f3   Thumb Code     0  libinit2.o(.ARM.Collect$$libinit$$00000002)
    __rt_lib_init_heap_1                     0x080001f3   Thumb Code     0  libinit2.o(.ARM.Collect$$libinit$$0000000A)
    __rt_lib_init_lc_common                  0x080001f3   Thumb Code     0  libinit2.o(.ARM.Collect$$libinit$$0000000F)
    __rt_lib_init_preinit_1                  0x080001f3   Thumb Code     0  libinit2.o(.ARM.Collect$$libinit$$00000004)
    __rt_lib_init_rand_1                     0x080001f3   Thumb Code     0  libinit2.o(.ARM.Collect$$libinit$$0000000E)
    __rt_lib_init_user_alloc_1               0x080001f3   Thumb Code     0  libinit2.o(.ARM.Collect$$libinit$$0000000C)
    __rt_lib_init_lc_collate_1               0x080001f9   Thumb Code     0  libinit2.o(.ARM.Collect$$libinit$$00000011)
    __rt_lib_init_lc_ctype_2                 0x080001f9   Thumb Code     0  libinit2.o(.ARM.Collect$$libinit$$00000012)
    __rt_lib_init_lc_ctype_1                 0x08000205   Thumb Code     0  libinit2.o(.ARM.Collect$$libinit$$00000013)
    __rt_lib_init_lc_monetary_1              0x08000205   Thumb Code     0  libinit2.o(.ARM.Collect$$libinit$$00000015)
    __rt_lib_init_lc_numeric_2               0x08000205   Thumb Code     0  libinit2.o(.ARM.Collect$$libinit$$00000016)
    __rt_lib_init_alloca_1                   0x0800020f   Thumb Code     0  libinit2.o(.ARM.Collect$$libinit$$0000002E)
    __rt_lib_init_argv_1                     0x0800020f   Thumb Code     0  libinit2.o(.ARM.Collect$$libinit$$0000002C)
    __rt_lib_init_atexit_1                   0x0800020f   Thumb Code     0  libinit2.o(.ARM.Collect$$libinit$$0000001B)
    __rt_lib_init_clock_1                    0x0800020f   Thumb Code     0  libinit2.o(.ARM.Collect$$libinit$$00000021)
    __rt_lib_init_cpp_1                      0x0800020f   Thumb Code     0  libinit2.o(.ARM.Collect$$libinit$$00000032)
    __rt_lib_init_exceptions_1               0x0800020f   Thumb Code     0  libinit2.o(.ARM.Collect$$libinit$$00000030)
    __rt_lib_init_fp_trap_1                  0x0800020f   Thumb Code     0  libinit2.o(.ARM.Collect$$libinit$$0000001F)
    __rt_lib_init_getenv_1                   0x0800020f   Thumb Code     0  libinit2.o(.ARM.Collect$$libinit$$00000023)
    __rt_lib_init_lc_numeric_1               0x0800020f   Thumb Code     0  libinit2.o(.ARM.Collect$$libinit$$00000017)
    __rt_lib_init_lc_time_1                  0x0800020f   Thumb Code     0  libinit2.o(.ARM.Collect$$libinit$$00000019)
    __rt_lib_init_return                     0x0800020f   Thumb Code     0  libinit2.o(.ARM.Collect$$libinit$$00000033)
    __rt_lib_init_signal_1                   0x0800020f   Thumb Code     0  libinit2.o(.ARM.Collect$$libinit$$0000001D)
    __rt_lib_init_stdio_1                    0x0800020f   Thumb Code     0  libinit2.o(.ARM.Collect$$libinit$$00000025)
    __rt_lib_shutdown                        0x08000211   Thumb Code     0  libshutdown.o(.ARM.Collect$$libshutdown$$00000000)
    __rt_lib_shutdown_cpp_1                  0x08000213   Thumb Code     0  libshutdown2.o(.ARM.Collect$$libshutdown$$00000002)
    __rt_lib_shutdown_fp_trap_1              0x08000213   Thumb Code     0  libshutdown2.o(.ARM.Collect$$libshutdown$$00000007)
    __rt_lib_shutdown_heap_1                 0x08000213   Thumb Code     0  libshutdown2.o(.ARM.Collect$$libshutdown$$0000000F)
    __rt_lib_shutdown_return                 0x08000213   Thumb Code     0  libshutdown2.o(.ARM.Collect$$libshutdown$$00000010)
    __rt_lib_shutdown_signal_1               0x08000213   Thumb Code     0  libshutdown2.o(.ARM.Collect$$libshutdown$$0000000A)
    __rt_lib_shutdown_stdio_1                0x08000213   Thumb Code     0  libshutdown2.o(.ARM.Collect$$libshutdown$$00000004)
    __rt_lib_shutdown_user_alloc_1           0x08000213   Thumb Code     0  libshutdown2.o(.ARM.Collect$$libshutdown$$0000000C)
    __rt_entry                               0x08000215   Thumb Code     0  __rtentry.o(.ARM.Collect$$rtentry$$00000000)
    __rt_entry_presh_1                       0x08000215   Thumb Code     0  __rtentry2.o(.ARM.Collect$$rtentry$$00000002)
    __rt_entry_sh                            0x08000215   Thumb Code     0  __rtentry4.o(.ARM.Collect$$rtentry$$00000004)
    __rt_entry_li                            0x0800021b   Thumb Code     0  __rtentry2.o(.ARM.Collect$$rtentry$$0000000A)
    __rt_entry_postsh_1                      0x0800021b   Thumb Code     0  __rtentry2.o(.ARM.Collect$$rtentry$$00000009)
    __rt_entry_main                          0x0800021f   Thumb Code     0  __rtentry2.o(.ARM.Collect$$rtentry$$0000000D)
    __rt_entry_postli_1                      0x0800021f   Thumb Code     0  __rtentry2.o(.ARM.Collect$$rtentry$$0000000C)
    __rt_exit                                0x08000227   Thumb Code     0  rtexit.o(.ARM.Collect$$rtexit$$00000000)
    __rt_exit_ls                             0x08000229   Thumb Code     0  rtexit2.o(.ARM.Collect$$rtexit$$00000003)
    __rt_exit_prels_1                        0x08000229   Thumb Code     0  rtexit2.o(.ARM.Collect$$rtexit$$00000002)
    __rt_exit_exit                           0x0800022d   Thumb Code     0  rtexit2.o(.ARM.Collect$$rtexit$$00000004)
    Reset_Handler                            0x08000235   Thumb Code     8  startup_stm32f10x_md.o(.text)
    ADC1_2_IRQHandler                        0x0800024f   Thumb Code     0  startup_stm32f10x_md.o(.text)
    CAN1_RX1_IRQHandler                      0x0800024f   Thumb Code     0  startup_stm32f10x_md.o(.text)
    CAN1_SCE_IRQHandler                      0x0800024f   Thumb Code     0  startup_stm32f10x_md.o(.text)
    DMA1_Channel1_IRQHandler                 0x0800024f   Thumb Code     0  startup_stm32f10x_md.o(.text)
    DMA1_Channel2_IRQHandler                 0x0800024f   Thumb Code     0  startup_stm32f10x_md.o(.text)
    DMA1_Channel3_IRQHandler                 0x0800024f   Thumb Code     0  startup_stm32f10x_md.o(.text)
    DMA1_Channel4_IRQHandler                 0x0800024f   Thumb Code     0  startup_stm32f10x_md.o(.text)
    DMA1_Channel5_IRQHandler                 0x0800024f   Thumb Code     0  startup_stm32f10x_md.o(.text)
    DMA1_Channel6_IRQHandler                 0x0800024f   Thumb Code     0  startup_stm32f10x_md.o(.text)
    DMA1_Channel7_IRQHandler                 0x0800024f   Thumb Code     0  startup_stm32f10x_md.o(.text)
    EXTI0_IRQHandler                         0x0800024f   Thumb Code     0  startup_stm32f10x_md.o(.text)
    EXTI15_10_IRQHandler                     0x0800024f   Thumb Code     0  startup_stm32f10x_md.o(.text)
    EXTI1_IRQHandler                         0x0800024f   Thumb Code     0  startup_stm32f10x_md.o(.text)
    EXTI2_IRQHandler                         0x0800024f   Thumb Code     0  startup_stm32f10x_md.o(.text)
    EXTI3_IRQHandler                         0x0800024f   Thumb Code     0  startup_stm32f10x_md.o(.text)
    EXTI4_IRQHandler                         0x0800024f   Thumb Code     0  startup_stm32f10x_md.o(.text)
    EXTI9_5_IRQHandler                       0x0800024f   Thumb Code     0  startup_stm32f10x_md.o(.text)
    FLASH_IRQHandler                         0x0800024f   Thumb Code     0  startup_stm32f10x_md.o(.text)
    I2C1_ER_IRQHandler                       0x0800024f   Thumb Code     0  startup_stm32f10x_md.o(.text)
    I2C1_EV_IRQHandler                       0x0800024f   Thumb Code     0  startup_stm32f10x_md.o(.text)
    I2C2_ER_IRQHandler                       0x0800024f   Thumb Code     0  startup_stm32f10x_md.o(.text)
    I2C2_EV_IRQHandler                       0x0800024f   Thumb Code     0  startup_stm32f10x_md.o(.text)
    PVD_IRQHandler                           0x0800024f   Thumb Code     0  startup_stm32f10x_md.o(.text)
    RCC_IRQHandler                           0x0800024f   Thumb Code     0  startup_stm32f10x_md.o(.text)
    RTCAlarm_IRQHandler                      0x0800024f   Thumb Code     0  startup_stm32f10x_md.o(.text)
    RTC_IRQHandler                           0x0800024f   Thumb Code     0  startup_stm32f10x_md.o(.text)
    SPI1_IRQHandler                          0x0800024f   Thumb Code     0  startup_stm32f10x_md.o(.text)
    SPI2_IRQHandler                          0x0800024f   Thumb Code     0  startup_stm32f10x_md.o(.text)
    TAMPER_IRQHandler                        0x0800024f   Thumb Code     0  startup_stm32f10x_md.o(.text)
    TIM1_BRK_IRQHandler                      0x0800024f   Thumb Code     0  startup_stm32f10x_md.o(.text)
    TIM1_CC_IRQHandler                       0x0800024f   Thumb Code     0  startup_stm32f10x_md.o(.text)
    TIM1_TRG_COM_IRQHandler                  0x0800024f   Thumb Code     0  startup_stm32f10x_md.o(.text)
    TIM1_UP_IRQHandler                       0x0800024f   Thumb Code     0  startup_stm32f10x_md.o(.text)
    TIM2_IRQHandler                          0x0800024f   Thumb Code     0  startup_stm32f10x_md.o(.text)
    TIM3_IRQHandler                          0x0800024f   Thumb Code     0  startup_stm32f10x_md.o(.text)
    TIM4_IRQHandler                          0x0800024f   Thumb Code     0  startup_stm32f10x_md.o(.text)
    USART2_IRQHandler                        0x0800024f   Thumb Code     0  startup_stm32f10x_md.o(.text)
    USART3_IRQHandler                        0x0800024f   Thumb Code     0  startup_stm32f10x_md.o(.text)
    USBWakeUp_IRQHandler                     0x0800024f   Thumb Code     0  startup_stm32f10x_md.o(.text)
    USB_HP_CAN1_TX_IRQHandler                0x0800024f   Thumb Code     0  startup_stm32f10x_md.o(.text)
    USB_LP_CAN1_RX0_IRQHandler               0x0800024f   Thumb Code     0  startup_stm32f10x_md.o(.text)
    WWDG_IRQHandler                          0x0800024f   Thumb Code     0  startup_stm32f10x_md.o(.text)
    __user_initial_stackheap                 0x08000251   Thumb Code     0  startup_stm32f10x_md.o(.text)
    __use_no_semihosting                     0x08000275   Thumb Code     2  use_no_semi_2.o(.text)
    __c89vsprintf                            0x08000279   Thumb Code    32  c89vsprintf.o(.text)
    __2printf                                0x0800029d   Thumb Code    20  __2printf.o(.text)
    __2sprintf                               0x080002b5   Thumb Code    38  __2sprintf.o(.text)
    _printf_str                              0x080002e1   Thumb Code    82  _printf_str.o(.text)
    __printf                                 0x08000335   Thumb Code   388  __printf_flags_ss_wp.o(.text)
    strstr                                   0x080004bd   Thumb Code    36  strstr.o(.text)
    strlen                                   0x080004e1   Thumb Code    62  strlen.o(.text)
    __aeabi_memclr                           0x0800051f   Thumb Code     0  rt_memclr.o(.text)
    __rt_memclr                              0x0800051f   Thumb Code    68  rt_memclr.o(.text)
    _memset                                  0x08000523   Thumb Code     0  rt_memclr.o(.text)
    __use_two_region_memory                  0x08000563   Thumb Code     2  heapauxi.o(.text)
    __rt_heap_escrow$2region                 0x08000565   Thumb Code     2  heapauxi.o(.text)
    __rt_heap_expand$2region                 0x08000567   Thumb Code     2  heapauxi.o(.text)
    __I$use$semihosting                      0x08000569   Thumb Code     0  use_no_semi.o(.text)
    __use_no_semihosting_swi                 0x08000569   Thumb Code     2  use_no_semi.o(.text)
    _printf_pre_padding                      0x0800056b   Thumb Code    44  _printf_pad.o(.text)
    _printf_post_padding                     0x08000597   Thumb Code    34  _printf_pad.o(.text)
    _printf_truncate_signed                  0x080005b9   Thumb Code    18  _printf_truncate.o(.text)
    _printf_truncate_unsigned                0x080005cb   Thumb Code    18  _printf_truncate.o(.text)
    _printf_int_dec                          0x080005dd   Thumb Code   104  _printf_dec.o(.text)
    _printf_charcount                        0x08000655   Thumb Code    40  _printf_charcount.o(.text)
    _printf_char_common                      0x08000687   Thumb Code    32  _printf_char_common.o(.text)
    _sputc                                   0x080006ad   Thumb Code    10  _sputc.o(.text)
    _printf_cs_common                        0x080006b7   Thumb Code    20  _printf_char.o(.text)
    _printf_char                             0x080006cb   Thumb Code    16  _printf_char.o(.text)
    _printf_string                           0x080006db   Thumb Code     8  _printf_char.o(.text)
    _printf_char_file                        0x080006e5   Thumb Code    32  _printf_char_file.o(.text)
    _printf_wctomb                           0x08000709   Thumb Code   182  _printf_wctomb.o(.text)
    _printf_longlong_dec                     0x080007c5   Thumb Code   108  _printf_longlong_dec.o(.text)
    _printf_longlong_oct                     0x08000841   Thumb Code    68  _printf_oct_int_ll.o(.text)
    _printf_int_oct                          0x08000885   Thumb Code    24  _printf_oct_int_ll.o(.text)
    _printf_ll_oct                           0x0800089d   Thumb Code    12  _printf_oct_int_ll.o(.text)
    _printf_longlong_hex                     0x080008b1   Thumb Code    86  _printf_hex_int_ll_ptr.o(.text)
    _printf_int_hex                          0x08000907   Thumb Code    28  _printf_hex_int_ll_ptr.o(.text)
    _printf_ll_hex                           0x08000923   Thumb Code    12  _printf_hex_int_ll_ptr.o(.text)
    _printf_hex_ptr                          0x0800092f   Thumb Code    18  _printf_hex_int_ll_ptr.o(.text)
    __aeabi_memclr4                          0x08000945   Thumb Code     0  rt_memclr_w.o(.text)
    __aeabi_memclr8                          0x08000945   Thumb Code     0  rt_memclr_w.o(.text)
    __rt_memclr_w                            0x08000945   Thumb Code    78  rt_memclr_w.o(.text)
    _memset_w                                0x08000949   Thumb Code     0  rt_memclr_w.o(.text)
    _ll_udiv10                               0x08000993   Thumb Code   138  lludiv10.o(.text)
    _printf_int_common                       0x08000a1d   Thumb Code   178  _printf_intcommon.o(.text)
    __lib_sel_fp_printf                      0x08000acf   Thumb Code     2  _printf_fp_dec.o(.text)
    _printf_fp_dec_real                      0x08000c7d   Thumb Code   620  _printf_fp_dec.o(.text)
    _printf_lcs_common                       0x08000ee9   Thumb Code    20  _printf_wchar.o(.text)
    _printf_wchar                            0x08000efd   Thumb Code    16  _printf_wchar.o(.text)
    _printf_wstring                          0x08000f0d   Thumb Code     8  _printf_wchar.o(.text)
    ferror                                   0x08000f15   Thumb Code     8  ferror.o(.text)
    _wcrtomb                                 0x08000f1d   Thumb Code    64  _wcrtomb.o(.text)
    __user_setup_stackheap                   0x08000f5d   Thumb Code    74  sys_stackheap_outer.o(.text)
    __rt_ctype_table                         0x08000fa9   Thumb Code    16  rt_ctype_table.o(.text)
    __rt_locale                              0x08000fb9   Thumb Code     8  rt_locale_intlibspace.o(.text)
    _printf_fp_infnan                        0x08000fc1   Thumb Code   112  _printf_fp_infnan.o(.text)
    _btod_etento                             0x08001041   Thumb Code   216  bigflt0.o(.text)
    exit                                     0x0800111d   Thumb Code    18  exit.o(.text)
    __user_libspace                          0x08001131   Thumb Code     8  libspace.o(.text)
    __user_perproc_libspace                  0x08001131   Thumb Code     0  libspace.o(.text)
    __user_perthread_libspace                0x08001131   Thumb Code     0  libspace.o(.text)
    strcmp                                   0x08001139   Thumb Code   128  strcmpv7m.o(.text)
    _btod_d2e                                0x080011b9   Thumb Code    62  btod.o(CL$$btod_d2e)
    _d2e_denorm_low                          0x080011f7   Thumb Code    70  btod.o(CL$$btod_d2e_denorm_low)
    _d2e_norm_op1                            0x0800123d   Thumb Code    96  btod.o(CL$$btod_d2e_norm_op1)
    __btod_div_common                        0x0800129d   Thumb Code   696  btod.o(CL$$btod_div_common)
    _e2e                                     0x080015d5   Thumb Code   198  btod.o(CL$$btod_e2e)
    _btod_ediv                               0x0800169b   Thumb Code    40  btod.o(CL$$btod_ediv)
    _btod_emul                               0x080016c3   Thumb Code    40  btod.o(CL$$btod_emul)
    __btod_mult_common                       0x080016eb   Thumb Code   580  btod.o(CL$$btod_mult_common)
    BusFault_Handler                         0x0800192f   Thumb Code     4  stm32f10x_it.o(i.BusFault_Handler)
    DebugMon_Handler                         0x08001933   Thumb Code     2  stm32f10x_it.o(i.DebugMon_Handler)
    GPIO_Init                                0x08001935   Thumb Code   278  stm32f10x_gpio.o(i.GPIO_Init)
    GPIO_ResetBits                           0x08001a4b   Thumb Code     4  stm32f10x_gpio.o(i.GPIO_ResetBits)
    GPIO_SetBits                             0x08001a4f   Thumb Code     4  stm32f10x_gpio.o(i.GPIO_SetBits)
    HardFault_Handler                        0x08001a53   Thumb Code     4  stm32f10x_it.o(i.HardFault_Handler)
    MemManage_Handler                        0x08001a57   Thumb Code     4  stm32f10x_it.o(i.MemManage_Handler)
    NMI_Handler                              0x08001a5b   Thumb Code     2  stm32f10x_it.o(i.NMI_Handler)
    NVIC_Init                                0x08001a5d   Thumb Code   100  misc.o(i.NVIC_Init)
    NVIC_PriorityGroupConfig                 0x08001acd   Thumb Code    10  misc.o(i.NVIC_PriorityGroupConfig)
    PendSV_Handler                           0x08001ae1   Thumb Code     2  stm32f10x_it.o(i.PendSV_Handler)
    RCC_APB2PeriphClockCmd                   0x08001ae5   Thumb Code    26  stm32f10x_rcc.o(i.RCC_APB2PeriphClockCmd)
    RCC_GetClocksFreq                        0x08001b05   Thumb Code   192  stm32f10x_rcc.o(i.RCC_GetClocksFreq)
    SVC_Handler                              0x08001bd9   Thumb Code     2  stm32f10x_it.o(i.SVC_Handler)
    SWITCH_init                              0x08001bdd   Thumb Code    50  switch.o(i.SWITCH_init)
    SysTick_CLKSourceConfig                  0x08001cfd   Thumb Code    40  misc.o(i.SysTick_CLKSourceConfig)
    SysTick_Handler                          0x08001d25   Thumb Code     2  stm32f10x_it.o(i.SysTick_Handler)
    SystemInit                               0x08001d29   Thumb Code    78  system_stm32f10x.o(i.SystemInit)
    USART1_IRQHandler                        0x08001d89   Thumb Code   122  usart.o(i.USART1_IRQHandler)
    USART_Cmd                                0x08001e11   Thumb Code    24  stm32f10x_usart.o(i.USART_Cmd)
    USART_GetFlagStatus                      0x08001e29   Thumb Code    26  stm32f10x_usart.o(i.USART_GetFlagStatus)
    USART_GetITStatus                        0x08001e43   Thumb Code    84  stm32f10x_usart.o(i.USART_GetITStatus)
    USART_ITConfig                           0x08001e97   Thumb Code    74  stm32f10x_usart.o(i.USART_ITConfig)
    USART_Init                               0x08001ee1   Thumb Code   210  stm32f10x_usart.o(i.USART_Init)
    USART_ReceiveData                        0x08001fb9   Thumb Code    10  stm32f10x_usart.o(i.USART_ReceiveData)
    USART_SendData                           0x08001fc3   Thumb Code     8  stm32f10x_usart.o(i.USART_SendData)
    UsageFault_Handler                       0x08001fcb   Thumb Code     4  stm32f10x_it.o(i.UsageFault_Handler)
    __ARM_fpclassify                         0x08001fcf   Thumb Code    40  fpclassify.o(i.__ARM_fpclassify)
    _is_digit                                0x08001ff7   Thumb Code    14  __printf_wp.o(i._is_digit)
    _sys_exit                                0x08002005   Thumb Code     6  usart.o(i._sys_exit)
    atk_8266_check_cmd                       0x0800200d   Thumb Code    44  wifi.o(i.atk_8266_check_cmd)
    atk_8266_quit_trans                      0x08002041   Thumb Code   100  wifi.o(i.atk_8266_quit_trans)
    atk_8266_send_cmd                        0x080020b1   Thumb Code    84  wifi.o(i.atk_8266_send_cmd)
    client_init                              0x08002111   Thumb Code    38  wifi.o(i.client_init)
    client_send                              0x08002175   Thumb Code    14  wifi.o(i.client_send)
    connectPISER                             0x08002185   Thumb Code    78  main.o(i.connectPISER)
    delay_init                               0x08002219   Thumb Code    50  delay.o(i.delay_init)
    delay_ms                                 0x0800225d   Thumb Code    72  delay.o(i.delay_ms)
    driverinit                               0x080022a9   Thumb Code    50  main.o(i.driverinit)
    esp_8662_init                            0x080022e1   Thumb Code    56  wifi.o(i.esp_8662_init)
    fputc                                    0x08002351   Thumb Code    24  usart.o(i.fputc)
    main                                     0x0800236d   Thumb Code    38  main.o(i.main)
    receive_server                           0x080023b9   Thumb Code   164  wifi.o(i.receive_server)
    u_printf                                 0x08002489   Thumb Code    72  usart.o(i.u_printf)
    uart_init                                0x080024d9   Thumb Code   158  usart.o(i.uart_init)
    _get_lc_numeric                          0x08002585   Thumb Code    44  lc_numeric_c.o(locale$$code)
    _get_lc_ctype                            0x080025b1   Thumb Code    44  lc_ctype_c.o(locale$$code)
    _printf_fp_dec                           0x080025dd   Thumb Code     4  printf1.o(x$fpl$printf1)
    __I$use$fp                               0x080025e0   Number         0  usenofp.o(x$fpl$usenofp)
    Region$$Table$$Base                      0x08002770   Number         0  anon$$obj.o(Region$$Table)
    Region$$Table$$Limit                     0x08002790   Number         0  anon$$obj.o(Region$$Table)
    __ctype                                  0x080027b9   Data           0  lc_ctype_c.o(locale$$data)
    wifiST                                   0x20000000   Data           1  main.o(.data)
    SystemCoreClock                          0x20000004   Data           4  system_stm32f10x.o(.data)
    AHBPrescTable                            0x20000008   Data          16  system_stm32f10x.o(.data)
    portnum                                  0x2000002c   Data           4  wifi.o(.data)
    wifista_ssid                             0x20000030   Data           4  wifi.o(.data)
    wifista_encryption                       0x20000034   Data           4  wifi.o(.data)
    wifista_password                         0x20000038   Data           4  wifi.o(.data)
    wifiap_ssid                              0x2000003c   Data           4  wifi.o(.data)
    wifiap_encryption                        0x20000040   Data           4  wifi.o(.data)
    wifiap_password                          0x20000044   Data           4  wifi.o(.data)
    ATK_ESP8266_CWMODE_TBL                   0x20000048   Data          12  wifi.o(.data)
    ATK_ESP8266_WORKMODE_TBL                 0x20000054   Data          12  wifi.o(.data)
    ATK_ESP8266_ECN_TBL                      0x20000060   Data          20  wifi.o(.data)
    __stdout                                 0x20000078   Data           4  usart.o(.data)
    USART_RX_STA                             0x2000007c   Data           2  usart.o(.data)
    USART_RX_BUF                             0x20000080   Data        1280  usart.o(.bss)
    USART_TX_BUF                             0x20000580   Data        1280  usart.o(.bss)
    __libspace_start                         0x20000a80   Data          96  libspace.o(.bss)
    __temporary_stack_top$libspace           0x20000ae0   Data           0  libspace.o(.bss)



==============================================================================

Memory Map of the image

  Image Entry point : 0x080000ed

  Load Region LR_IROM1 (Base: 0x08000000, Size: 0x0000293c, Max: 0x00010000, ABSOLUTE)

    Execution Region ER_IROM1 (Base: 0x08000000, Size: 0x000028bc, Max: 0x00010000, ABSOLUTE)

    Base Addr    Size         Type   Attr      Idx    E Section Name        Object

    0x08000000   0x000000ec   Data   RO          247    RESET               startup_stm32f10x_md.o
    0x080000ec   0x00000008   Code   RO         2669  * !!!main             c_w.l(__main.o)
    0x080000f4   0x00000034   Code   RO         2961    !!!scatter          c_w.l(__scatter.o)
    0x08000128   0x0000001a   Code   RO         2963    !!handler_copy      c_w.l(__scatter_copy.o)
    0x08000142   0x00000002   PAD
    0x08000144   0x0000001c   Code   RO         2965    !!handler_zi        c_w.l(__scatter_zi.o)
    0x08000160   0x00000000   Code   RO         2660    .ARM.Collect$$_printf_percent$$00000000  c_w.l(_printf_percent.o)
    0x08000160   0x00000006   Code   RO         2723    .ARM.Collect$$_printf_percent$$00000001  c_w.l(_printf_n.o)
    0x08000166   0x00000006   Code   RO         2725    .ARM.Collect$$_printf_percent$$00000002  c_w.l(_printf_p.o)
    0x0800016c   0x00000006   Code   RO         2730    .ARM.Collect$$_printf_percent$$00000003  c_w.l(_printf_f.o)
    0x08000172   0x00000006   Code   RO         2731    .ARM.Collect$$_printf_percent$$00000004  c_w.l(_printf_e.o)
    0x08000178   0x00000006   Code   RO         2732    .ARM.Collect$$_printf_percent$$00000005  c_w.l(_printf_g.o)
    0x0800017e   0x00000006   Code   RO         2733    .ARM.Collect$$_printf_percent$$00000006  c_w.l(_printf_a.o)
    0x08000184   0x0000000a   Code   RO         2738    .ARM.Collect$$_printf_percent$$00000007  c_w.l(_printf_ll.o)
    0x0800018e   0x00000006   Code   RO         2727    .ARM.Collect$$_printf_percent$$00000008  c_w.l(_printf_i.o)
    0x08000194   0x00000006   Code   RO         2728    .ARM.Collect$$_printf_percent$$00000009  c_w.l(_printf_d.o)
    0x0800019a   0x00000006   Code   RO         2729    .ARM.Collect$$_printf_percent$$0000000A  c_w.l(_printf_u.o)
    0x080001a0   0x00000006   Code   RO         2726    .ARM.Collect$$_printf_percent$$0000000B  c_w.l(_printf_o.o)
    0x080001a6   0x00000006   Code   RO         2724    .ARM.Collect$$_printf_percent$$0000000C  c_w.l(_printf_x.o)
    0x080001ac   0x00000006   Code   RO         2735    .ARM.Collect$$_printf_percent$$0000000D  c_w.l(_printf_lli.o)
    0x080001b2   0x00000006   Code   RO         2736    .ARM.Collect$$_printf_percent$$0000000E  c_w.l(_printf_lld.o)
    0x080001b8   0x00000006   Code   RO         2737    .ARM.Collect$$_printf_percent$$0000000F  c_w.l(_printf_llu.o)
    0x080001be   0x00000006   Code   RO         2742    .ARM.Collect$$_printf_percent$$00000010  c_w.l(_printf_llo.o)
    0x080001c4   0x00000006   Code   RO         2743    .ARM.Collect$$_printf_percent$$00000011  c_w.l(_printf_llx.o)
    0x080001ca   0x0000000a   Code   RO         2739    .ARM.Collect$$_printf_percent$$00000012  c_w.l(_printf_l.o)
    0x080001d4   0x00000006   Code   RO         2722    .ARM.Collect$$_printf_percent$$00000013  c_w.l(_printf_c.o)
    0x080001da   0x00000006   Code   RO         2659    .ARM.Collect$$_printf_percent$$00000014  c_w.l(_printf_s.o)
    0x080001e0   0x00000006   Code   RO         2740    .ARM.Collect$$_printf_percent$$00000015  c_w.l(_printf_lc.o)
    0x080001e6   0x00000006   Code   RO         2741    .ARM.Collect$$_printf_percent$$00000016  c_w.l(_printf_ls.o)
    0x080001ec   0x00000004   Code   RO         2734    .ARM.Collect$$_printf_percent$$00000017  c_w.l(_printf_percent_end.o)
    0x080001f0   0x00000002   Code   RO         2825    .ARM.Collect$$libinit$$00000000  c_w.l(libinit.o)
    0x080001f2   0x00000000   Code   RO         2842    .ARM.Collect$$libinit$$00000002  c_w.l(libinit2.o)
    0x080001f2   0x00000000   Code   RO         2844    .ARM.Collect$$libinit$$00000004  c_w.l(libinit2.o)
    0x080001f2   0x00000000   Code   RO         2847    .ARM.Collect$$libinit$$0000000A  c_w.l(libinit2.o)
    0x080001f2   0x00000000   Code   RO         2849    .ARM.Collect$$libinit$$0000000C  c_w.l(libinit2.o)
    0x080001f2   0x00000000   Code   RO         2851    .ARM.Collect$$libinit$$0000000E  c_w.l(libinit2.o)
    0x080001f2   0x00000006   Code   RO         2852    .ARM.Collect$$libinit$$0000000F  c_w.l(libinit2.o)
    0x080001f8   0x00000000   Code   RO         2854    .ARM.Collect$$libinit$$00000011  c_w.l(libinit2.o)
    0x080001f8   0x0000000c   Code   RO         2855    .ARM.Collect$$libinit$$00000012  c_w.l(libinit2.o)
    0x08000204   0x00000000   Code   RO         2856    .ARM.Collect$$libinit$$00000013  c_w.l(libinit2.o)
    0x08000204   0x00000000   Code   RO         2858    .ARM.Collect$$libinit$$00000015  c_w.l(libinit2.o)
    0x08000204   0x0000000a   Code   RO         2859    .ARM.Collect$$libinit$$00000016  c_w.l(libinit2.o)
    0x0800020e   0x00000000   Code   RO         2860    .ARM.Collect$$libinit$$00000017  c_w.l(libinit2.o)
    0x0800020e   0x00000000   Code   RO         2862    .ARM.Collect$$libinit$$00000019  c_w.l(libinit2.o)
    0x0800020e   0x00000000   Code   RO         2864    .ARM.Collect$$libinit$$0000001B  c_w.l(libinit2.o)
    0x0800020e   0x00000000   Code   RO         2866    .ARM.Collect$$libinit$$0000001D  c_w.l(libinit2.o)
    0x0800020e   0x00000000   Code   RO         2868    .ARM.Collect$$libinit$$0000001F  c_w.l(libinit2.o)
    0x0800020e   0x00000000   Code   RO         2870    .ARM.Collect$$libinit$$00000021  c_w.l(libinit2.o)
    0x0800020e   0x00000000   Code   RO         2872    .ARM.Collect$$libinit$$00000023  c_w.l(libinit2.o)
    0x0800020e   0x00000000   Code   RO         2874    .ARM.Collect$$libinit$$00000025  c_w.l(libinit2.o)
    0x0800020e   0x00000000   Code   RO         2878    .ARM.Collect$$libinit$$0000002C  c_w.l(libinit2.o)
    0x0800020e   0x00000000   Code   RO         2880    .ARM.Collect$$libinit$$0000002E  c_w.l(libinit2.o)
    0x0800020e   0x00000000   Code   RO         2882    .ARM.Collect$$libinit$$00000030  c_w.l(libinit2.o)
    0x0800020e   0x00000000   Code   RO         2884    .ARM.Collect$$libinit$$00000032  c_w.l(libinit2.o)
    0x0800020e   0x00000002   Code   RO         2885    .ARM.Collect$$libinit$$00000033  c_w.l(libinit2.o)
    0x08000210   0x00000002   Code   RO         2903    .ARM.Collect$$libshutdown$$00000000  c_w.l(libshutdown.o)
    0x08000212   0x00000000   Code   RO         2913    .ARM.Collect$$libshutdown$$00000002  c_w.l(libshutdown2.o)
    0x08000212   0x00000000   Code   RO         2915    .ARM.Collect$$libshutdown$$00000004  c_w.l(libshutdown2.o)
    0x08000212   0x00000000   Code   RO         2918    .ARM.Collect$$libshutdown$$00000007  c_w.l(libshutdown2.o)
    0x08000212   0x00000000   Code   RO         2921    .ARM.Collect$$libshutdown$$0000000A  c_w.l(libshutdown2.o)
    0x08000212   0x00000000   Code   RO         2923    .ARM.Collect$$libshutdown$$0000000C  c_w.l(libshutdown2.o)
    0x08000212   0x00000000   Code   RO         2926    .ARM.Collect$$libshutdown$$0000000F  c_w.l(libshutdown2.o)
    0x08000212   0x00000002   Code   RO         2927    .ARM.Collect$$libshutdown$$00000010  c_w.l(libshutdown2.o)
    0x08000214   0x00000000   Code   RO         2673    .ARM.Collect$$rtentry$$00000000  c_w.l(__rtentry.o)
    0x08000214   0x00000000   Code   RO         2749    .ARM.Collect$$rtentry$$00000002  c_w.l(__rtentry2.o)
    0x08000214   0x00000006   Code   RO         2761    .ARM.Collect$$rtentry$$00000004  c_w.l(__rtentry4.o)
    0x0800021a   0x00000000   Code   RO         2751    .ARM.Collect$$rtentry$$00000009  c_w.l(__rtentry2.o)
    0x0800021a   0x00000004   Code   RO         2752    .ARM.Collect$$rtentry$$0000000A  c_w.l(__rtentry2.o)
    0x0800021e   0x00000000   Code   RO         2754    .ARM.Collect$$rtentry$$0000000C  c_w.l(__rtentry2.o)
    0x0800021e   0x00000008   Code   RO         2755    .ARM.Collect$$rtentry$$0000000D  c_w.l(__rtentry2.o)
    0x08000226   0x00000002   Code   RO         2834    .ARM.Collect$$rtexit$$00000000  c_w.l(rtexit.o)
    0x08000228   0x00000000   Code   RO         2887    .ARM.Collect$$rtexit$$00000002  c_w.l(rtexit2.o)
    0x08000228   0x00000004   Code   RO         2888    .ARM.Collect$$rtexit$$00000003  c_w.l(rtexit2.o)
    0x0800022c   0x00000006   Code   RO         2889    .ARM.Collect$$rtexit$$00000004  c_w.l(rtexit2.o)
    0x08000232   0x00000002   PAD
    0x08000234   0x00000040   Code   RO          248    .text               startup_stm32f10x_md.o
    0x08000274   0x00000002   Code   RO         2623    .text               c_w.l(use_no_semi_2.o)
    0x08000276   0x00000002   PAD
    0x08000278   0x00000024   Code   RO         2625    .text               c_w.l(c89vsprintf.o)
    0x0800029c   0x00000018   Code   RO         2627    .text               c_w.l(__2printf.o)
    0x080002b4   0x0000002c   Code   RO         2629    .text               c_w.l(__2sprintf.o)
    0x080002e0   0x00000052   Code   RO         2637    .text               c_w.l(_printf_str.o)
    0x08000332   0x00000002   PAD
    0x08000334   0x00000188   Code   RO         2656    .text               c_w.l(__printf_flags_ss_wp.o)
    0x080004bc   0x00000024   Code   RO         2661    .text               c_w.l(strstr.o)
    0x080004e0   0x0000003e   Code   RO         2663    .text               c_w.l(strlen.o)
    0x0800051e   0x00000044   Code   RO         2665    .text               c_w.l(rt_memclr.o)
    0x08000562   0x00000006   Code   RO         2667    .text               c_w.l(heapauxi.o)
    0x08000568   0x00000002   Code   RO         2671    .text               c_w.l(use_no_semi.o)
    0x0800056a   0x0000004e   Code   RO         2674    .text               c_w.l(_printf_pad.o)
    0x080005b8   0x00000024   Code   RO         2676    .text               c_w.l(_printf_truncate.o)
    0x080005dc   0x00000078   Code   RO         2678    .text               c_w.l(_printf_dec.o)
    0x08000654   0x00000028   Code   RO         2680    .text               c_w.l(_printf_charcount.o)
    0x0800067c   0x00000030   Code   RO         2682    .text               c_w.l(_printf_char_common.o)
    0x080006ac   0x0000000a   Code   RO         2684    .text               c_w.l(_sputc.o)
    0x080006b6   0x0000002c   Code   RO         2686    .text               c_w.l(_printf_char.o)
    0x080006e2   0x00000002   PAD
    0x080006e4   0x00000024   Code   RO         2688    .text               c_w.l(_printf_char_file.o)
    0x08000708   0x000000bc   Code   RO         2690    .text               c_w.l(_printf_wctomb.o)
    0x080007c4   0x0000007c   Code   RO         2693    .text               c_w.l(_printf_longlong_dec.o)
    0x08000840   0x00000070   Code   RO         2699    .text               c_w.l(_printf_oct_int_ll.o)
    0x080008b0   0x00000094   Code   RO         2719    .text               c_w.l(_printf_hex_int_ll_ptr.o)
    0x08000944   0x0000004e   Code   RO         2744    .text               c_w.l(rt_memclr_w.o)
    0x08000992   0x0000008a   Code   RO         2763    .text               c_w.l(lludiv10.o)
    0x08000a1c   0x000000b2   Code   RO         2765    .text               c_w.l(_printf_intcommon.o)
    0x08000ace   0x0000041a   Code   RO         2767    .text               c_w.l(_printf_fp_dec.o)
    0x08000ee8   0x0000002c   Code   RO         2771    .text               c_w.l(_printf_wchar.o)
    0x08000f14   0x00000008   Code   RO         2773    .text               c_w.l(ferror.o)
    0x08000f1c   0x00000040   Code   RO         2777    .text               c_w.l(_wcrtomb.o)
    0x08000f5c   0x0000004a   Code   RO         2779    .text               c_w.l(sys_stackheap_outer.o)
    0x08000fa6   0x00000002   PAD
    0x08000fa8   0x00000010   Code   RO         2781    .text               c_w.l(rt_ctype_table.o)
    0x08000fb8   0x00000008   Code   RO         2786    .text               c_w.l(rt_locale_intlibspace.o)
    0x08000fc0   0x00000080   Code   RO         2788    .text               c_w.l(_printf_fp_infnan.o)
    0x08001040   0x000000dc   Code   RO         2790    .text               c_w.l(bigflt0.o)
    0x0800111c   0x00000012   Code   RO         2818    .text               c_w.l(exit.o)
    0x0800112e   0x00000002   PAD
    0x08001130   0x00000008   Code   RO         2831    .text               c_w.l(libspace.o)
    0x08001138   0x00000080   Code   RO         2839    .text               c_w.l(strcmpv7m.o)
    0x080011b8   0x0000003e   Code   RO         2793    CL$$btod_d2e        c_w.l(btod.o)
    0x080011f6   0x00000046   Code   RO         2795    CL$$btod_d2e_denorm_low  c_w.l(btod.o)
    0x0800123c   0x00000060   Code   RO         2794    CL$$btod_d2e_norm_op1  c_w.l(btod.o)
    0x0800129c   0x00000338   Code   RO         2803    CL$$btod_div_common  c_w.l(btod.o)
    0x080015d4   0x000000c6   Code   RO         2800    CL$$btod_e2e        c_w.l(btod.o)
    0x0800169a   0x00000028   Code   RO         2797    CL$$btod_ediv       c_w.l(btod.o)
    0x080016c2   0x00000028   Code   RO         2796    CL$$btod_emul       c_w.l(btod.o)
    0x080016ea   0x00000244   Code   RO         2802    CL$$btod_mult_common  c_w.l(btod.o)
    0x0800192e   0x00000004   Code   RO          137    i.BusFault_Handler  stm32f10x_it.o
    0x08001932   0x00000002   Code   RO          138    i.DebugMon_Handler  stm32f10x_it.o
    0x08001934   0x00000116   Code   RO          854    i.GPIO_Init         stm32f10x_gpio.o
    0x08001a4a   0x00000004   Code   RO          861    i.GPIO_ResetBits    stm32f10x_gpio.o
    0x08001a4e   0x00000004   Code   RO          862    i.GPIO_SetBits      stm32f10x_gpio.o
    0x08001a52   0x00000004   Code   RO          139    i.HardFault_Handler  stm32f10x_it.o
    0x08001a56   0x00000004   Code   RO          140    i.MemManage_Handler  stm32f10x_it.o
    0x08001a5a   0x00000002   Code   RO          141    i.NMI_Handler       stm32f10x_it.o
    0x08001a5c   0x00000070   Code   RO          252    i.NVIC_Init         misc.o
    0x08001acc   0x00000014   Code   RO          253    i.NVIC_PriorityGroupConfig  misc.o
    0x08001ae0   0x00000002   Code   RO          142    i.PendSV_Handler    stm32f10x_it.o
    0x08001ae2   0x00000002   PAD
    0x08001ae4   0x00000020   Code   RO         1068    i.RCC_APB2PeriphClockCmd  stm32f10x_rcc.o
    0x08001b04   0x000000d4   Code   RO         1076    i.RCC_GetClocksFreq  stm32f10x_rcc.o
    0x08001bd8   0x00000002   Code   RO          143    i.SVC_Handler       stm32f10x_it.o
    0x08001bda   0x00000002   PAD
    0x08001bdc   0x00000038   Code   RO         2502    i.SWITCH_init       switch.o
    0x08001c14   0x00000008   Code   RO          200    i.SetSysClock       system_stm32f10x.o
    0x08001c1c   0x000000e0   Code   RO          201    i.SetSysClockTo72   system_stm32f10x.o
    0x08001cfc   0x00000028   Code   RO          256    i.SysTick_CLKSourceConfig  misc.o
    0x08001d24   0x00000002   Code   RO          144    i.SysTick_Handler   stm32f10x_it.o
    0x08001d26   0x00000002   PAD
    0x08001d28   0x00000060   Code   RO          203    i.SystemInit        system_stm32f10x.o
    0x08001d88   0x00000088   Code   RO         2571    i.USART1_IRQHandler  usart.o
    0x08001e10   0x00000018   Code   RO         2236    i.USART_Cmd         stm32f10x_usart.o
    0x08001e28   0x0000001a   Code   RO         2239    i.USART_GetFlagStatus  stm32f10x_usart.o
    0x08001e42   0x00000054   Code   RO         2240    i.USART_GetITStatus  stm32f10x_usart.o
    0x08001e96   0x0000004a   Code   RO         2242    i.USART_ITConfig    stm32f10x_usart.o
    0x08001ee0   0x000000d8   Code   RO         2243    i.USART_Init        stm32f10x_usart.o
    0x08001fb8   0x0000000a   Code   RO         2250    i.USART_ReceiveData  stm32f10x_usart.o
    0x08001fc2   0x00000008   Code   RO         2253    i.USART_SendData    stm32f10x_usart.o
    0x08001fca   0x00000004   Code   RO          145    i.UsageFault_Handler  stm32f10x_it.o
    0x08001fce   0x00000028   Code   RO         2829    i.__ARM_fpclassify  m_ws.l(fpclassify.o)
    0x08001ff6   0x0000000e   Code   RO         2649    i._is_digit         c_w.l(__printf_wp.o)
    0x08002004   0x00000006   Code   RO         2572    i._sys_exit         usart.o
    0x0800200a   0x00000002   PAD
    0x0800200c   0x00000034   Code   RO         2414    i.atk_8266_check_cmd  wifi.o
    0x08002040   0x00000070   Code   RO         2416    i.atk_8266_quit_trans  wifi.o
    0x080020b0   0x00000060   Code   RO         2417    i.atk_8266_send_cmd  wifi.o
    0x08002110   0x00000064   Code   RO         2419    i.client_init       wifi.o
    0x08002174   0x0000000e   Code   RO         2420    i.client_send       wifi.o
    0x08002182   0x00000002   PAD
    0x08002184   0x00000094   Code   RO            1    i.connectPISER      main.o
    0x08002218   0x00000044   Code   RO         2517    i.delay_init        delay.o
    0x0800225c   0x0000004c   Code   RO         2518    i.delay_ms          delay.o
    0x080022a8   0x00000038   Code   RO            2    i.driverinit        main.o
    0x080022e0   0x00000070   Code   RO         2421    i.esp_8662_init     wifi.o
    0x08002350   0x0000001c   Code   RO         2573    i.fputc             usart.o
    0x0800236c   0x0000004c   Code   RO            3    i.main              main.o
    0x080023b8   0x000000d0   Code   RO         2422    i.receive_server    wifi.o
    0x08002488   0x00000050   Code   RO         2574    i.u_printf          usart.o
    0x080024d8   0x000000ac   Code   RO         2575    i.uart_init         usart.o
    0x08002584   0x0000002c   Code   RO         2816    locale$$code        c_w.l(lc_numeric_c.o)
    0x080025b0   0x0000002c   Code   RO         2837    locale$$code        c_w.l(lc_ctype_c.o)
    0x080025dc   0x00000004   Code   RO         2746    x$fpl$printf1       fz_ws.l(printf1.o)
    0x080025e0   0x00000000   Code   RO         2828    x$fpl$usenofp       fz_ws.l(usenofp.o)
    0x080025e0   0x00000011   Data   RO         2657    .constdata          c_w.l(__printf_flags_ss_wp.o)
    0x080025f1   0x00000003   PAD
    0x080025f4   0x00000008   Data   RO         2691    .constdata          c_w.l(_printf_wctomb.o)
    0x080025fc   0x00000028   Data   RO         2720    .constdata          c_w.l(_printf_hex_int_ll_ptr.o)
    0x08002624   0x00000094   Data   RO         2791    .constdata          c_w.l(bigflt0.o)
    0x080026b8   0x000000b5   Data   RO         2423    .conststring        wifi.o
    0x0800276d   0x00000003   PAD
    0x08002770   0x00000020   Data   RO         2959    Region$$Table       anon$$obj.o
    0x08002790   0x0000001c   Data   RO         2815    locale$$data        c_w.l(lc_numeric_c.o)
    0x080027ac   0x00000110   Data   RO         2836    locale$$data        c_w.l(lc_ctype_c.o)


    Execution Region RW_IRAM1 (Base: 0x20000000, Size: 0x000010e0, Max: 0x00005000, ABSOLUTE)

    Base Addr    Size         Type   Attr      Idx    E Section Name        Object

    0x20000000   0x00000001   Data   RW            4    .data               main.o
    0x20000001   0x00000003   PAD
    0x20000004   0x00000014   Data   RW          204    .data               system_stm32f10x.o
    0x20000018   0x00000014   Data   RW         1096    .data               stm32f10x_rcc.o
    0x2000002c   0x00000048   Data   RW         2424    .data               wifi.o
    0x20000074   0x00000004   Data   RW         2520    .data               delay.o
    0x20000078   0x00000006   Data   RW         2577    .data               usart.o
    0x2000007e   0x00000002   PAD
    0x20000080   0x00000a00   Zero   RW         2576    .bss                usart.o
    0x20000a80   0x00000060   Zero   RW         2832    .bss                c_w.l(libspace.o)
    0x20000ae0   0x00000200   Zero   RW          246    HEAP                startup_stm32f10x_md.o
    0x20000ce0   0x00000400   Zero   RW          245    STACK               startup_stm32f10x_md.o


==============================================================================

Image component sizes


      Code (inc. data)   RO Data    RW Data    ZI Data      Debug   Object Name

         0          0          0          0          0         32   core_cm3.o
       144         22          0          4          0       1244   delay.o
       280        114          0          1          0     231048   main.o
       172         22          0          0          0     205521   misc.o
        64         26        236          0       1536        812   startup_stm32f10x_md.o
       286          0          0          0          0       3096   stm32f10x_gpio.o
        26          0          0          0          0       3850   stm32f10x_it.o
       244         26          0         20          0       3925   stm32f10x_rcc.o
       442          6          0          0          0       6297   stm32f10x_usart.o
        56          6          0          0          0        510   switch.o
       328         28          0         20          0       2157   system_stm32f10x.o
       422         40          0          6       2560       5540   usart.o
       694        194        181         72          0       5524   wifi.o

    ----------------------------------------------------------------------
      3168        484        452        128       4096     469556   Object Totals
         0          0         32          0          0          0   (incl. Generated)
        10          0          3          5          0          0   (incl. Padding)

    ----------------------------------------------------------------------

      Code (inc. data)   RO Data    RW Data    ZI Data      Debug   Library Member Name

        24          4          0          0          0         84   __2printf.o
        44          6          0          0          0         84   __2sprintf.o
         8          0          0          0          0         68   __main.o
       392          4         17          0          0         92   __printf_flags_ss_wp.o
        14          0          0          0          0         68   __printf_wp.o
         0          0          0          0          0          0   __rtentry.o
        12          0          0          0          0          0   __rtentry2.o
         6          0          0          0          0          0   __rtentry4.o
        52          8          0          0          0          0   __scatter.o
        26          0          0          0          0          0   __scatter_copy.o
        28          0          0          0          0          0   __scatter_zi.o
         6          0          0          0          0          0   _printf_a.o
         6          0          0          0          0          0   _printf_c.o
        44          0          0          0          0        108   _printf_char.o
        48          6          0          0          0         96   _printf_char_common.o
        36          4          0          0          0         80   _printf_char_file.o
        40          0          0          0          0         68   _printf_charcount.o
         6          0          0          0          0          0   _printf_d.o
       120         16          0          0          0         92   _printf_dec.o
         6          0          0          0          0          0   _printf_e.o
         6          0          0          0          0          0   _printf_f.o
      1050          0          0          0          0        216   _printf_fp_dec.o
       128         16          0          0          0         84   _printf_fp_infnan.o
         6          0          0          0          0          0   _printf_g.o
       148          4         40          0          0        160   _printf_hex_int_ll_ptr.o
         6          0          0          0          0          0   _printf_i.o
       178          0          0          0          0         88   _printf_intcommon.o
        10          0          0          0          0          0   _printf_l.o
         6          0          0          0          0          0   _printf_lc.o
        10          0          0          0          0          0   _printf_ll.o
         6          0          0          0          0          0   _printf_lld.o
         6          0          0          0          0          0   _printf_lli.o
         6          0          0          0          0          0   _printf_llo.o
         6          0          0          0          0          0   _printf_llu.o
         6          0          0          0          0          0   _printf_llx.o
       124         16          0          0          0         92   _printf_longlong_dec.o
         6          0          0          0          0          0   _printf_ls.o
         6          0          0          0          0          0   _printf_n.o
         6          0          0          0          0          0   _printf_o.o
       112          8          0          0          0        124   _printf_oct_int_ll.o
         6          0          0          0          0          0   _printf_p.o
        78          0          0          0          0        108   _printf_pad.o
         0          0          0          0          0          0   _printf_percent.o
         4          0          0          0          0          0   _printf_percent_end.o
         6          0          0          0          0          0   _printf_s.o
        82          0          0          0          0         80   _printf_str.o
        36          0          0          0          0         84   _printf_truncate.o
         6          0          0          0          0          0   _printf_u.o
        44          0          0          0          0        108   _printf_wchar.o
       188          6          8          0          0         92   _printf_wctomb.o
         6          0          0          0          0          0   _printf_x.o
        10          0          0          0          0         68   _sputc.o
        64          0          0          0          0         92   _wcrtomb.o
       220          4        148          0          0         96   bigflt0.o
      1910        128          0          0          0        672   btod.o
        36          4          0          0          0         76   c89vsprintf.o
        18          0          0          0          0         80   exit.o
         8          0          0          0          0         68   ferror.o
         6          0          0          0          0        152   heapauxi.o
        44         10        272          0          0         76   lc_ctype_c.o
        44         10         28          0          0         76   lc_numeric_c.o
         2          0          0          0          0          0   libinit.o
        30          0          0          0          0          0   libinit2.o
         2          0          0          0          0          0   libshutdown.o
         2          0          0          0          0          0   libshutdown2.o
         8          4          0          0         96         68   libspace.o
       138          0          0          0          0         80   lludiv10.o
        16          4          0          0          0         76   rt_ctype_table.o
         8          4          0          0          0         68   rt_locale_intlibspace.o
        68          0          0          0          0         68   rt_memclr.o
        78          0          0          0          0         80   rt_memclr_w.o
         2          0          0          0          0          0   rtexit.o
        10          0          0          0          0          0   rtexit2.o
       128          0          0          0          0         68   strcmpv7m.o
        62          0          0          0          0         76   strlen.o
        36          0          0          0          0         80   strstr.o
        74          0          0          0          0         80   sys_stackheap_outer.o
         2          0          0          0          0         68   use_no_semi.o
         2          0          0          0          0         68   use_no_semi_2.o
         4          0          0          0          0         68   printf1.o
         0          0          0          0          0          0   usenofp.o
        40          0          0          0          0         68   fpclassify.o

    ----------------------------------------------------------------------
      6292        266        516          0         96       4548   Library Totals
        14          0          3          0          0          0   (incl. Padding)

    ----------------------------------------------------------------------

      Code (inc. data)   RO Data    RW Data    ZI Data      Debug   Library Name

      6234        266        513          0         96       4412   c_w.l
         4          0          0          0          0         68   fz_ws.l
        40          0          0          0          0         68   m_ws.l

    ----------------------------------------------------------------------
      6292        266        516          0         96       4548   Library Totals

    ----------------------------------------------------------------------

==============================================================================


      Code (inc. data)   RO Data    RW Data    ZI Data      Debug   

      9460        750        968        128       4192     469420   Grand Totals
      9460        750        968        128       4192     469420   ELF Image Totals
      9460        750        968        128          0          0   ROM Totals

==============================================================================

    Total RO  Size (Code + RO Data)                10428 (  10.18kB)
    Total RW  Size (RW Data + ZI Data)              4320 (   4.22kB)
    Total ROM Size (Code + RO Data + RW Data)      10556 (  10.31kB)

==============================================================================

